******************************************************************************
                  TI ARM Linker PC v16.9.1                     
******************************************************************************
>> Linked Tue Oct 31 18:15:48 2017

OUTPUT FILE NAME:   <DAC(WAVE).out>
ENTRY POINT SYMBOL: "_c_int00"  address: 00001f6d


MEMORY CONFIGURATION

         name            origin    length      used     unused   attr    fill
----------------------  --------  ---------  --------  --------  ----  --------
  FLASH                 00000000   00040000  000023b0  0003dc50  R  X
  SRAM                  20000000   00008000  00000428  00007bd8  RW X


SEGMENT ALLOCATION MAP

run origin  load origin   length   init length attrs members
----------  ----------- ---------- ----------- ----- -------
00000000    00000000    000023b0   000023b0    r-x
  00000000    00000000    0000026c   0000026c    r-- .intvecs
  0000026c    0000026c    00001fb4   00001fb4    r-x .text
  00002220    00002220    00000158   00000158    r-- .const
  00002378    00002378    00000038   00000038    r-- .cinit
20000000    20000000    00000428   00000000    rw-
  20000000    20000000    0000020c   00000000    rw- .bss
  2000020c    2000020c    00000200   00000000    rw- .stack
  2000040c    2000040c    0000001c   00000000    rw- .data


SECTION ALLOCATION MAP

 output                                  attributes/
section   page    origin      length       input sections
--------  ----  ----------  ----------   ----------------
.intvecs   0    00000000    0000026c     
                  00000000    0000026c     tm4c123gh6pm_startup_ccs.obj (.intvecs)

.text      0    0000026c    00001fb4     
                  0000026c    00000738     rtsv7M4_T_le_v4SPD16_eabi.lib : k_rem_pio2.obj (.text)
                  000009a4    000005c4                                   : s_sin.obj (.text)
                  00000f68    00000224     main.obj (.text)
                  0000118c    000001b6     rtsv7M4_T_le_v4SPD16_eabi.lib : fd_add_t2.obj (.text)
                  00001342    00000002                                   : mpu_init.obj (.text)
                  00001344    00000174                                   : k_sin.obj (.text)
                  000014b8    0000016c                                   : k_cos.obj (.text)
                  00001624    00000136                                   : fd_div_t2.obj (.text)
                  0000175a    00000132     driverlib.lib : gpio.obj (.text:GPIOPadConfigSet)
                  0000188c    000000fc     rtsv7M4_T_le_v4SPD16_eabi.lib : fd_mul_t2.obj (.text)
                  00001988    000000fc                                   : s_scalbn.obj (.text)
                  00001a84    000000f8                                   : s_floor.obj (.text)
                  00001b7c    000000f4     driverlib.lib : sysctl.obj (.text:SysCtlClockSet)
                  00001c70    0000009c     rtsv7M4_T_le_v4SPD16_eabi.lib : memcpy_t2.obj (.text)
                  00001d0c    00000086                                   : fd_cmp_t2.obj (.text:__aeabi_cdcmple)
                  00001d92    00000086                                   : fd_cmp_t2.obj (.text:__aeabi_cdrcmple)
                  00001e18    0000007a                                   : memset_t2.obj (.text)
                  00001e92    00000002                                   : startup.obj (.text)
                  00001e94    00000070                                   : autoinit.obj (.text)
                  00001f04    00000068                                   : copy_decompress_lzss.obj (.text:decompress:lzss)
                  00001f6c    00000054                                   : boot.obj (.text)
                  00001fc0    00000054                                   : exit.obj (.text)
                  00002014    0000004c                                   : cpy_tbl.obj (.text)
                  00002060    00000048                                   : fd_toi_t2.obj (.text)
                  000020a8    00000044                                   : fd_tou_t2.obj (.text)
                  000020ec    00000034     driverlib.lib : sysctl.obj (.text:SysCtlPeripheralEnable)
                  00002120    0000002e     rtsv7M4_T_le_v4SPD16_eabi.lib : i_tofd_t2.obj (.text)
                  0000214e    0000002a     driverlib.lib : gpio.obj (.text:GPIODirModeSet)
                  00002178    00000020     rtsv7M4_T_le_v4SPD16_eabi.lib : u_tofd_t2.obj (.text)
                  00002198    00000018     driverlib.lib : gpio.obj (.text:GPIOPinTypeGPIOOutput)
                  000021b0    00000018     rtsv7M4_T_le_v4SPD16_eabi.lib : args_main.obj (.text)
                  000021c8    00000014                                   : _lock.obj (.text)
                  000021dc    00000014                                   : s_copysign.obj (.text)
                  000021f0    0000000e                                   : copy_decompress_none.obj (.text:decompress:none)
                  000021fe    0000000c                                   : copy_zero_init.obj (.text:decompress:ZI)
                  0000220a    0000000c     tm4c123gh6pm_startup_ccs.obj (.text)
                  00002216    00000006     driverlib.lib : sysctl.obj (.text:SysCtlDelay)
                  0000221c    00000004     rtsv7M4_T_le_v4SPD16_eabi.lib : pre_init.obj (.text)

.const     0    00002220    00000158     
                  00002220    00000158     rtsv7M4_T_le_v4SPD16_eabi.lib : k_rem_pio2.obj (.const:$O1$$)

.cinit     0    00002378    00000038     
                  00002378    00000011     (.cinit..data.load) [load image, compression = lzss]
                  00002389    00000003     --HOLE-- [fill = 0]
                  0000238c    0000000c     (__TI_handler_table)
                  00002398    00000008     (.cinit..bss.load) [load image, compression = zero_init]
                  000023a0    00000010     (__TI_cinit_table)

.init_array 
*          0    00000000    00000000     UNINITIALIZED

.bss       0    20000000    0000020c     UNINITIALIZED
                  20000000    00000200     (.common:samples)
                  20000200    00000008     (.common:frequencyReg)
                  20000208    00000004     (.common:phaseAccumulatorReg)

.stack     0    2000020c    00000200     UNINITIALIZED
                  2000020c    00000200     --HOLE--

.data      0    2000040c    0000001c     UNINITIALIZED
                  2000040c    0000000c     rtsv7M4_T_le_v4SPD16_eabi.lib : exit.obj (.data:$O1$$)
                  20000418    00000008                                   : _lock.obj (.data:$O1$$)
                  20000420    00000004                                   : errno.obj (.data)
                  20000424    00000004                                   : stkdepth_vars.obj (.data)

MODULE SUMMARY

       Module                         code   ro data   rw data
       ------                         ----   -------   -------
    .\
       main.obj                       548    0         524    
       tm4c123gh6pm_startup_ccs.obj   12     620       0      
    +--+------------------------------+------+---------+---------+
       Total:                         560    620       524    
                                                              
    ../driverlib.lib
       gpio.obj                       372    0         0      
       sysctl.obj                     302    0         0      
    +--+------------------------------+------+---------+---------+
       Total:                         674    0         0      
                                                              
    C:\ti\ccsv7\tools\compiler\ti-cgt-arm_16.9.1.LTS\lib\rtsv7M4_T_le_v4SPD16_eabi.lib
       k_rem_pio2.obj                 1848   344       0      
       s_sin.obj                      1476   0         0      
       fd_add_t2.obj                  438    0         0      
       k_sin.obj                      372    0         0      
       k_cos.obj                      364    0         0      
       fd_div_t2.obj                  310    0         0      
       fd_cmp_t2.obj                  268    0         0      
       fd_mul_t2.obj                  252    0         0      
       s_scalbn.obj                   252    0         0      
       s_floor.obj                    248    0         0      
       memcpy_t2.obj                  156    0         0      
       memset_t2.obj                  122    0         0      
       autoinit.obj                   112    0         0      
       copy_decompress_lzss.obj       104    0         0      
       exit.obj                       84     0         12     
       boot.obj                       84     0         0      
       cpy_tbl.obj                    76     0         0      
       fd_toi_t2.obj                  72     0         0      
       fd_tou_t2.obj                  68     0         0      
       i_tofd_t2.obj                  46     0         0      
       u_tofd_t2.obj                  32     0         0      
       _lock.obj                      20     0         8      
       args_main.obj                  24     0         0      
       s_copysign.obj                 20     0         0      
       copy_decompress_none.obj       14     0         0      
       copy_zero_init.obj             12     0         0      
       errno.obj                      0      0         4      
       pre_init.obj                   4      0         0      
       stkdepth_vars.obj              0      0         4      
       mpu_init.obj                   2      0         0      
       startup.obj                    2      0         0      
    +--+------------------------------+------+---------+---------+
       Total:                         6882   344       28     
                                                              
       Stack:                         0      0         512    
       Linker Generated:              0      53        0      
    +--+------------------------------+------+---------+---------+
       Grand Total:                   8116   1017      1064   


LINKER GENERATED COPY TABLES

__TI_cinit_table @ 000023a0 records: 2, size/record: 8, table size: 16
	.data: load addr=00002378, load size=00000011 bytes, run addr=2000040c, run size=0000001c bytes, compression=lzss
	.bss: load addr=00002398, load size=00000008 bytes, run addr=20000000, run size=0000020c bytes, compression=zero_init


LINKER GENERATED HANDLER TABLE

__TI_handler_table @ 0000238c records: 3, size/record: 4, table size: 12
	index: 0, handler: __TI_decompress_lzss
	index: 1, handler: __TI_decompress_none
	index: 2, handler: __TI_zero_init


GLOBAL SYMBOLS: SORTED ALPHABETICALLY BY Name 

address   name                           
-------   ----                           
00001fc1  C$$EXIT                        
0000214f  GPIODirModeSet                 
0000175b  GPIOPadConfigSet               
00002199  GPIOPinTypeGPIOOutput          
0000220b  ResetISR                       
UNDEFED   SHT$$INIT_ARRAY$$Base          
UNDEFED   SHT$$INIT_ARRAY$$Limit         
00001b7d  SysCtlClockSet                 
00002217  SysCtlDelay                    
000020ed  SysCtlPeripheralEnable         
2000040c  __STACK_END                    
00000200  __STACK_SIZE                   
2000040c  __STACK_TOP                    
000023a0  __TI_CINIT_Base                
000023b0  __TI_CINIT_Limit               
0000238c  __TI_Handler_Table_Base        
00002398  __TI_Handler_Table_Limit       
00001e95  __TI_auto_init                 
2000040c  __TI_cleanup_ptr               
00001f05  __TI_decompress_lzss           
000021f1  __TI_decompress_none           
20000410  __TI_dtors_ptr                 
20000414  __TI_enable_exit_profile_output
ffffffff  __TI_pprof_out_hndl            
ffffffff  __TI_prof_data_size            
ffffffff  __TI_prof_data_start           
00000000  __TI_static_base__             
000021ff  __TI_zero_init                 
00001d0d  __aeabi_cdcmpeq                
00001d0d  __aeabi_cdcmple                
00001d93  __aeabi_cdrcmple               
00002061  __aeabi_d2iz                   
000020a9  __aeabi_d2uiz                  
00001197  __aeabi_dadd                   
00001625  __aeabi_ddiv                   
0000188d  __aeabi_dmul                   
0000118d  __aeabi_dsub                   
00002121  __aeabi_i2d                    
00001e19  __aeabi_memclr                 
00001e19  __aeabi_memclr4                
00001e19  __aeabi_memclr8                
00001c71  __aeabi_memcpy                 
00001c71  __aeabi_memcpy4                
00001c71  __aeabi_memcpy8                
00001e1b  __aeabi_memset                 
00001e1b  __aeabi_memset4                
00001e1b  __aeabi_memset8                
00002179  __aeabi_ui2d                   
ffffffff  __binit__                      
ffffffff  __c_args__                     
000014b9  __kernel_cos                   
0000026d  __kernel_rem_pio2              
00001345  __kernel_sin                   
00001343  __mpu_init                     
2000020c  __stack                        
000021b1  _args_main                     
00001f6d  _c_int00                       
20000418  _lock                          
000021d7  _nop                           
000021cf  _register_lock                 
000021c9  _register_unlock               
00001e93  _system_post_cinit             
0000221d  _system_pre_init               
2000041c  _unlock                        
00001fc5  abort                          
ffffffff  binit                          
00000fb3  calculateSamples               
0000114f  calculateSamplesArbitrary      
00001107  calculateSamplesImpulse        
0000107d  calculateSamplesRamp           
00001003  calculateSamplesSine           
00000fbb  calculateSamplesSquare         
000010b7  calculateSamplesTriangle       
00002015  copy_in                        
000021dd  copysign                       
000021dd  copysignl                      
20000420  errno                          
00001fcd  exit                           
00001a85  floor                          
00001a85  floorl                         
20000200  frequencyReg                   
00000000  g_pfnVectors                   
00001989  ldexp                          
00001989  ldexpl                         
00000f69  main                           
20000424  main_func_sp                   
00001c71  memcpy                         
00001e21  memset                         
20000208  phaseAccumulatorReg            
00000f9b  portInit                       
20000000  samples                        
00001989  scalbn                         
00001989  scalbnl                        
000009a5  sin                            
000009a5  sinl                           


GLOBAL SYMBOLS: SORTED BY Symbol Address 

address   name                           
-------   ----                           
00000000  __TI_static_base__             
00000000  g_pfnVectors                   
00000200  __STACK_SIZE                   
0000026d  __kernel_rem_pio2              
000009a5  sin                            
000009a5  sinl                           
00000f69  main                           
00000f9b  portInit                       
00000fb3  calculateSamples               
00000fbb  calculateSamplesSquare         
00001003  calculateSamplesSine           
0000107d  calculateSamplesRamp           
000010b7  calculateSamplesTriangle       
00001107  calculateSamplesImpulse        
0000114f  calculateSamplesArbitrary      
0000118d  __aeabi_dsub                   
00001197  __aeabi_dadd                   
00001343  __mpu_init                     
00001345  __kernel_sin                   
000014b9  __kernel_cos                   
00001625  __aeabi_ddiv                   
0000175b  GPIOPadConfigSet               
0000188d  __aeabi_dmul                   
00001989  ldexp                          
00001989  ldexpl                         
00001989  scalbn                         
00001989  scalbnl                        
00001a85  floor                          
00001a85  floorl                         
00001b7d  SysCtlClockSet                 
00001c71  __aeabi_memcpy                 
00001c71  __aeabi_memcpy4                
00001c71  __aeabi_memcpy8                
00001c71  memcpy                         
00001d0d  __aeabi_cdcmpeq                
00001d0d  __aeabi_cdcmple                
00001d93  __aeabi_cdrcmple               
00001e19  __aeabi_memclr                 
00001e19  __aeabi_memclr4                
00001e19  __aeabi_memclr8                
00001e1b  __aeabi_memset                 
00001e1b  __aeabi_memset4                
00001e1b  __aeabi_memset8                
00001e21  memset                         
00001e93  _system_post_cinit             
00001e95  __TI_auto_init                 
00001f05  __TI_decompress_lzss           
00001f6d  _c_int00                       
00001fc1  C$$EXIT                        
00001fc5  abort                          
00001fcd  exit                           
00002015  copy_in                        
00002061  __aeabi_d2iz                   
000020a9  __aeabi_d2uiz                  
000020ed  SysCtlPeripheralEnable         
00002121  __aeabi_i2d                    
0000214f  GPIODirModeSet                 
00002179  __aeabi_ui2d                   
00002199  GPIOPinTypeGPIOOutput          
000021b1  _args_main                     
000021c9  _register_unlock               
000021cf  _register_lock                 
000021d7  _nop                           
000021dd  copysign                       
000021dd  copysignl                      
000021f1  __TI_decompress_none           
000021ff  __TI_zero_init                 
0000220b  ResetISR                       
00002217  SysCtlDelay                    
0000221d  _system_pre_init               
0000238c  __TI_Handler_Table_Base        
00002398  __TI_Handler_Table_Limit       
000023a0  __TI_CINIT_Base                
000023b0  __TI_CINIT_Limit               
20000000  samples                        
20000200  frequencyReg                   
20000208  phaseAccumulatorReg            
2000020c  __stack                        
2000040c  __STACK_END                    
2000040c  __STACK_TOP                    
2000040c  __TI_cleanup_ptr               
20000410  __TI_dtors_ptr                 
20000414  __TI_enable_exit_profile_output
20000418  _lock                          
2000041c  _unlock                        
20000420  errno                          
20000424  main_func_sp                   
ffffffff  __TI_pprof_out_hndl            
ffffffff  __TI_prof_data_size            
ffffffff  __TI_prof_data_start           
ffffffff  __binit__                      
ffffffff  __c_args__                     
ffffffff  binit                          
UNDEFED   SHT$$INIT_ARRAY$$Base          
UNDEFED   SHT$$INIT_ARRAY$$Limit         

[95 symbols]
