******************************************************************************
                  TI ARM Linker PC v16.9.1                     
******************************************************************************
>> Linked Fri Nov 03 00:07:57 2017

OUTPUT FILE NAME:   <DAC(WAVE).out>
ENTRY POINT SYMBOL: "_c_int00"  address: 00001f55


MEMORY CONFIGURATION

         name            origin    length      used     unused   attr    fill
----------------------  --------  ---------  --------  --------  ----  --------
  FLASH                 00000000   00040000  00002398  0003dc68  R  X
  SRAM                  20000000   00008000  0000031c  00007ce4  RW X


SEGMENT ALLOCATION MAP

run origin  load origin   length   init length attrs members
----------  ----------- ---------- ----------- ----- -------
00000000    00000000    00002398   00002398    r-x
  00000000    00000000    0000026c   0000026c    r-- .intvecs
  0000026c    0000026c    00001f9c   00001f9c    r-x .text
  00002208    00002208    00000158   00000158    r-- .const
  00002360    00002360    00000038   00000038    r-- .cinit
20000000    20000000    0000031c   00000000    rw-
  20000000    20000000    00000200   00000000    rw- .stack
  20000200    20000200    00000100   00000000    rw- .bss
  20000300    20000300    0000001c   00000000    rw- .data


SECTION ALLOCATION MAP

 output                                  attributes/
section   page    origin      length       input sections
--------  ----  ----------  ----------   ----------------
.intvecs   0    00000000    0000026c     
                  00000000    0000026c     tm4c123gh6pm_startup_ccs.obj (.intvecs)

.text      0    0000026c    00001f9c     
                  0000026c    00000738     rtsv7M4_T_le_v4SPD16_eabi.lib : k_rem_pio2.obj (.text)
                  000009a4    000005c4                                   : s_sin.obj (.text)
                  00000f68    0000020c     main.obj (.text)
                  00001174    000001b6     rtsv7M4_T_le_v4SPD16_eabi.lib : fd_add_t2.obj (.text)
                  0000132a    00000002                                   : mpu_init.obj (.text)
                  0000132c    00000174                                   : k_sin.obj (.text)
                  000014a0    0000016c                                   : k_cos.obj (.text)
                  0000160c    00000136                                   : fd_div_t2.obj (.text)
                  00001742    00000132     driverlib.lib : gpio.obj (.text:GPIOPadConfigSet)
                  00001874    000000fc     rtsv7M4_T_le_v4SPD16_eabi.lib : fd_mul_t2.obj (.text)
                  00001970    000000fc                                   : s_scalbn.obj (.text)
                  00001a6c    000000f8                                   : s_floor.obj (.text)
                  00001b64    000000f4     driverlib.lib : sysctl.obj (.text:SysCtlClockSet)
                  00001c58    0000009c     rtsv7M4_T_le_v4SPD16_eabi.lib : memcpy_t2.obj (.text)
                  00001cf4    00000086                                   : fd_cmp_t2.obj (.text:__aeabi_cdcmple)
                  00001d7a    00000086                                   : fd_cmp_t2.obj (.text:__aeabi_cdrcmple)
                  00001e00    0000007a                                   : memset_t2.obj (.text)
                  00001e7a    00000002                                   : startup.obj (.text)
                  00001e7c    00000070                                   : autoinit.obj (.text)
                  00001eec    00000068                                   : copy_decompress_lzss.obj (.text:decompress:lzss)
                  00001f54    00000054                                   : boot.obj (.text)
                  00001fa8    00000054                                   : exit.obj (.text)
                  00001ffc    0000004c                                   : cpy_tbl.obj (.text)
                  00002048    00000048                                   : fd_toi_t2.obj (.text)
                  00002090    00000044                                   : fd_tou_t2.obj (.text)
                  000020d4    00000034     driverlib.lib : sysctl.obj (.text:SysCtlPeripheralEnable)
                  00002108    0000002e     rtsv7M4_T_le_v4SPD16_eabi.lib : i_tofd_t2.obj (.text)
                  00002136    0000002a     driverlib.lib : gpio.obj (.text:GPIODirModeSet)
                  00002160    00000020     rtsv7M4_T_le_v4SPD16_eabi.lib : u_tofd_t2.obj (.text)
                  00002180    00000018     driverlib.lib : gpio.obj (.text:GPIOPinTypeGPIOOutput)
                  00002198    00000018     rtsv7M4_T_le_v4SPD16_eabi.lib : args_main.obj (.text)
                  000021b0    00000014                                   : _lock.obj (.text)
                  000021c4    00000014                                   : s_copysign.obj (.text)
                  000021d8    0000000e                                   : copy_decompress_none.obj (.text:decompress:none)
                  000021e6    0000000c                                   : copy_zero_init.obj (.text:decompress:ZI)
                  000021f2    0000000c     tm4c123gh6pm_startup_ccs.obj (.text)
                  000021fe    00000006     driverlib.lib : sysctl.obj (.text:SysCtlDelay)
                  00002204    00000004     rtsv7M4_T_le_v4SPD16_eabi.lib : pre_init.obj (.text)

.const     0    00002208    00000158     
                  00002208    00000158     rtsv7M4_T_le_v4SPD16_eabi.lib : k_rem_pio2.obj (.const:$O1$$)

.cinit     0    00002360    00000038     
                  00002360    00000011     (.cinit..data.load) [load image, compression = lzss]
                  00002371    00000003     --HOLE-- [fill = 0]
                  00002374    0000000c     (__TI_handler_table)
                  00002380    00000008     (.cinit..bss.load) [load image, compression = zero_init]
                  00002388    00000010     (__TI_cinit_table)

.init_array 
*          0    00000000    00000000     UNINITIALIZED

.stack     0    20000000    00000200     UNINITIALIZED
                  20000000    00000200     --HOLE--

.bss       0    20000200    00000100     UNINITIALIZED
                  20000200    00000100     (.common:samples)

.data      0    20000300    0000001c     UNINITIALIZED
                  20000300    0000000c     rtsv7M4_T_le_v4SPD16_eabi.lib : exit.obj (.data:$O1$$)
                  2000030c    00000008                                   : _lock.obj (.data:$O1$$)
                  20000314    00000004                                   : errno.obj (.data)
                  20000318    00000004                                   : stkdepth_vars.obj (.data)

MODULE SUMMARY

       Module                         code   ro data   rw data
       ------                         ----   -------   -------
    .\
       main.obj                       524    0         256    
       tm4c123gh6pm_startup_ccs.obj   12     620       0      
    +--+------------------------------+------+---------+---------+
       Total:                         536    620       256    
                                                              
    ../driverlib.lib
       gpio.obj                       372    0         0      
       sysctl.obj                     302    0         0      
    +--+------------------------------+------+---------+---------+
       Total:                         674    0         0      
                                                              
    C:\ti\ccsv7\tools\compiler\ti-cgt-arm_16.9.1.LTS\lib\rtsv7M4_T_le_v4SPD16_eabi.lib
       k_rem_pio2.obj                 1848   344       0      
       s_sin.obj                      1476   0         0      
       fd_add_t2.obj                  438    0         0      
       k_sin.obj                      372    0         0      
       k_cos.obj                      364    0         0      
       fd_div_t2.obj                  310    0         0      
       fd_cmp_t2.obj                  268    0         0      
       fd_mul_t2.obj                  252    0         0      
       s_scalbn.obj                   252    0         0      
       s_floor.obj                    248    0         0      
       memcpy_t2.obj                  156    0         0      
       memset_t2.obj                  122    0         0      
       autoinit.obj                   112    0         0      
       copy_decompress_lzss.obj       104    0         0      
       exit.obj                       84     0         12     
       boot.obj                       84     0         0      
       cpy_tbl.obj                    76     0         0      
       fd_toi_t2.obj                  72     0         0      
       fd_tou_t2.obj                  68     0         0      
       i_tofd_t2.obj                  46     0         0      
       u_tofd_t2.obj                  32     0         0      
       _lock.obj                      20     0         8      
       args_main.obj                  24     0         0      
       s_copysign.obj                 20     0         0      
       copy_decompress_none.obj       14     0         0      
       copy_zero_init.obj             12     0         0      
       errno.obj                      0      0         4      
       pre_init.obj                   4      0         0      
       stkdepth_vars.obj              0      0         4      
       mpu_init.obj                   2      0         0      
       startup.obj                    2      0         0      
    +--+------------------------------+------+---------+---------+
       Total:                         6882   344       28     
                                                              
       Stack:                         0      0         512    
       Linker Generated:              0      53        0      
    +--+------------------------------+------+---------+---------+
       Grand Total:                   8092   1017      796    


LINKER GENERATED COPY TABLES

__TI_cinit_table @ 00002388 records: 2, size/record: 8, table size: 16
	.data: load addr=00002360, load size=00000011 bytes, run addr=20000300, run size=0000001c bytes, compression=lzss
	.bss: load addr=00002380, load size=00000008 bytes, run addr=20000200, run size=00000100 bytes, compression=zero_init


LINKER GENERATED HANDLER TABLE

__TI_handler_table @ 00002374 records: 3, size/record: 4, table size: 12
	index: 0, handler: __TI_decompress_lzss
	index: 1, handler: __TI_decompress_none
	index: 2, handler: __TI_zero_init


GLOBAL SYMBOLS: SORTED ALPHABETICALLY BY Name 

address   name                           
-------   ----                           
00001fa9  C$$EXIT                        
00002137  GPIODirModeSet                 
00001743  GPIOPadConfigSet               
00002181  GPIOPinTypeGPIOOutput          
000021f3  ResetISR                       
UNDEFED   SHT$$INIT_ARRAY$$Base          
UNDEFED   SHT$$INIT_ARRAY$$Limit         
00001b65  SysCtlClockSet                 
000021ff  SysCtlDelay                    
000020d5  SysCtlPeripheralEnable         
20000200  __STACK_END                    
00000200  __STACK_SIZE                   
20000200  __STACK_TOP                    
00002388  __TI_CINIT_Base                
00002398  __TI_CINIT_Limit               
00002374  __TI_Handler_Table_Base        
00002380  __TI_Handler_Table_Limit       
00001e7d  __TI_auto_init                 
20000300  __TI_cleanup_ptr               
00001eed  __TI_decompress_lzss           
000021d9  __TI_decompress_none           
20000304  __TI_dtors_ptr                 
20000308  __TI_enable_exit_profile_output
ffffffff  __TI_pprof_out_hndl            
ffffffff  __TI_prof_data_size            
ffffffff  __TI_prof_data_start           
00000000  __TI_static_base__             
000021e7  __TI_zero_init                 
00001cf5  __aeabi_cdcmpeq                
00001cf5  __aeabi_cdcmple                
00001d7b  __aeabi_cdrcmple               
00002049  __aeabi_d2iz                   
00002091  __aeabi_d2uiz                  
0000117f  __aeabi_dadd                   
0000160d  __aeabi_ddiv                   
00001875  __aeabi_dmul                   
00001175  __aeabi_dsub                   
00002109  __aeabi_i2d                    
00001e01  __aeabi_memclr                 
00001e01  __aeabi_memclr4                
00001e01  __aeabi_memclr8                
00001c59  __aeabi_memcpy                 
00001c59  __aeabi_memcpy4                
00001c59  __aeabi_memcpy8                
00001e03  __aeabi_memset                 
00001e03  __aeabi_memset4                
00001e03  __aeabi_memset8                
00002161  __aeabi_ui2d                   
ffffffff  __binit__                      
ffffffff  __c_args__                     
000014a1  __kernel_cos                   
0000026d  __kernel_rem_pio2              
0000132d  __kernel_sin                   
0000132b  __mpu_init                     
20000000  __stack                        
00002199  _args_main                     
00001f55  _c_int00                       
2000030c  _lock                          
000021bf  _nop                           
000021b7  _register_lock                 
000021b1  _register_unlock               
00001e7b  _system_post_cinit             
00002205  _system_pre_init               
20000310  _unlock                        
00001fad  abort                          
ffffffff  binit                          
00000fa7  calculateSamples               
00001139  calculateSamplesArbitrary      
000010f3  calculateSamplesImpulse        
0000106d  calculateSamplesRamp           
00000ff5  calculateSamplesSine           
00000faf  calculateSamplesSquare         
000010a5  calculateSamplesTriangle       
00001ffd  copy_in                        
000021c5  copysign                       
000021c5  copysignl                      
20000314  errno                          
00001fb5  exit                           
00001a6d  floor                          
00001a6d  floorl                         
00000000  g_pfnVectors                   
00001971  ldexp                          
00001971  ldexpl                         
00000f69  main                           
20000318  main_func_sp                   
00001c59  memcpy                         
00001e09  memset                         
00000f8f  portInit                       
20000200  samples                        
00001971  scalbn                         
00001971  scalbnl                        
000009a5  sin                            
000009a5  sinl                           


GLOBAL SYMBOLS: SORTED BY Symbol Address 

address   name                           
-------   ----                           
00000000  __TI_static_base__             
00000000  g_pfnVectors                   
00000200  __STACK_SIZE                   
0000026d  __kernel_rem_pio2              
000009a5  sin                            
000009a5  sinl                           
00000f69  main                           
00000f8f  portInit                       
00000fa7  calculateSamples               
00000faf  calculateSamplesSquare         
00000ff5  calculateSamplesSine           
0000106d  calculateSamplesRamp           
000010a5  calculateSamplesTriangle       
000010f3  calculateSamplesImpulse        
00001139  calculateSamplesArbitrary      
00001175  __aeabi_dsub                   
0000117f  __aeabi_dadd                   
0000132b  __mpu_init                     
0000132d  __kernel_sin                   
000014a1  __kernel_cos                   
0000160d  __aeabi_ddiv                   
00001743  GPIOPadConfigSet               
00001875  __aeabi_dmul                   
00001971  ldexp                          
00001971  ldexpl                         
00001971  scalbn                         
00001971  scalbnl                        
00001a6d  floor                          
00001a6d  floorl                         
00001b65  SysCtlClockSet                 
00001c59  __aeabi_memcpy                 
00001c59  __aeabi_memcpy4                
00001c59  __aeabi_memcpy8                
00001c59  memcpy                         
00001cf5  __aeabi_cdcmpeq                
00001cf5  __aeabi_cdcmple                
00001d7b  __aeabi_cdrcmple               
00001e01  __aeabi_memclr                 
00001e01  __aeabi_memclr4                
00001e01  __aeabi_memclr8                
00001e03  __aeabi_memset                 
00001e03  __aeabi_memset4                
00001e03  __aeabi_memset8                
00001e09  memset                         
00001e7b  _system_post_cinit             
00001e7d  __TI_auto_init                 
00001eed  __TI_decompress_lzss           
00001f55  _c_int00                       
00001fa9  C$$EXIT                        
00001fad  abort                          
00001fb5  exit                           
00001ffd  copy_in                        
00002049  __aeabi_d2iz                   
00002091  __aeabi_d2uiz                  
000020d5  SysCtlPeripheralEnable         
00002109  __aeabi_i2d                    
00002137  GPIODirModeSet                 
00002161  __aeabi_ui2d                   
00002181  GPIOPinTypeGPIOOutput          
00002199  _args_main                     
000021b1  _register_unlock               
000021b7  _register_lock                 
000021bf  _nop                           
000021c5  copysign                       
000021c5  copysignl                      
000021d9  __TI_decompress_none           
000021e7  __TI_zero_init                 
000021f3  ResetISR                       
000021ff  SysCtlDelay                    
00002205  _system_pre_init               
00002374  __TI_Handler_Table_Base        
00002380  __TI_Handler_Table_Limit       
00002388  __TI_CINIT_Base                
00002398  __TI_CINIT_Limit               
20000000  __stack                        
20000200  __STACK_END                    
20000200  __STACK_TOP                    
20000200  samples                        
20000300  __TI_cleanup_ptr               
20000304  __TI_dtors_ptr                 
20000308  __TI_enable_exit_profile_output
2000030c  _lock                          
20000310  _unlock                        
20000314  errno                          
20000318  main_func_sp                   
ffffffff  __TI_pprof_out_hndl            
ffffffff  __TI_prof_data_size            
ffffffff  __TI_prof_data_start           
ffffffff  __binit__                      
ffffffff  __c_args__                     
ffffffff  binit                          
UNDEFED   SHT$$INIT_ARRAY$$Base          
UNDEFED   SHT$$INIT_ARRAY$$Limit         

[93 symbols]
