******************************************************************************
                  TI ARM Linker PC v16.9.1                     
******************************************************************************
>> Linked Wed Oct 18 22:04:12 2017

OUTPUT FILE NAME:   <WaveformGen.out>
ENTRY POINT SYMBOL: "_c_int00"  address: 00001f01


MEMORY CONFIGURATION

         name            origin    length      used     unused   attr    fill
----------------------  --------  ---------  --------  --------  ----  --------
  FLASH                 00000000   00040000  00002344  0003dcbc  R  X
  SRAM                  20000000   00008000  00000324  00007cdc  RW X


SEGMENT ALLOCATION MAP

run origin  load origin   length   init length attrs members
----------  ----------- ---------- ----------- ----- -------
00000000    00000000    00002348   00002348    r-x
  00000000    00000000    0000026c   0000026c    r-- .intvecs
  0000026c    0000026c    00001f48   00001f48    r-x .text
  000021b8    000021b8    00000158   00000158    r-- .const
  00002310    00002310    00000038   00000038    r-- .cinit
20000000    20000000    00000324   00000000    rw-
  20000000    20000000    00000200   00000000    rw- .stack
  20000200    20000200    00000108   00000000    rw- .bss
  20000308    20000308    0000001c   00000000    rw- .data


SECTION ALLOCATION MAP

 output                                  attributes/
section   page    origin      length       input sections
--------  ----  ----------  ----------   ----------------
.intvecs   0    00000000    0000026c     
                  00000000    0000026c     tm4c123gh6pm_startup_ccs.obj (.intvecs)

.text      0    0000026c    00001f48     
                  0000026c    00000738     rtsv7M4_T_le_v4SPD16_eabi.lib : k_rem_pio2.obj (.text)
                  000009a4    000005c4                                   : s_sin.obj (.text)
                  00000f68    000001b8     main.obj (.text)
                  00001120    000001b6     rtsv7M4_T_le_v4SPD16_eabi.lib : fd_add_t2.obj (.text)
                  000012d6    00000002                                   : mpu_init.obj (.text)
                  000012d8    00000174                                   : k_sin.obj (.text)
                  0000144c    0000016c                                   : k_cos.obj (.text)
                  000015b8    00000136                                   : fd_div_t2.obj (.text)
                  000016ee    00000132     driverlib.lib : gpio.obj (.text:GPIOPadConfigSet)
                  00001820    000000fc     rtsv7M4_T_le_v4SPD16_eabi.lib : fd_mul_t2.obj (.text)
                  0000191c    000000fc                                   : s_scalbn.obj (.text)
                  00001a18    000000f8                                   : s_floor.obj (.text)
                  00001b10    000000f4     driverlib.lib : sysctl.obj (.text:SysCtlClockSet)
                  00001c04    0000009c     rtsv7M4_T_le_v4SPD16_eabi.lib : memcpy_t2.obj (.text)
                  00001ca0    00000086                                   : fd_cmp_t2.obj (.text:__aeabi_cdcmple)
                  00001d26    00000086                                   : fd_cmp_t2.obj (.text:__aeabi_cdrcmple)
                  00001dac    0000007a                                   : memset_t2.obj (.text)
                  00001e26    00000002                                   : startup.obj (.text)
                  00001e28    00000070                                   : autoinit.obj (.text)
                  00001e98    00000068                                   : copy_decompress_lzss.obj (.text:decompress:lzss)
                  00001f00    00000054                                   : boot.obj (.text)
                  00001f54    00000054                                   : exit.obj (.text)
                  00001fa8    0000004c                                   : cpy_tbl.obj (.text)
                  00001ff4    00000048                                   : fd_toi_t2.obj (.text)
                  0000203c    00000044                                   : fd_tou_t2.obj (.text)
                  00002080    00000034     driverlib.lib : sysctl.obj (.text:SysCtlPeripheralEnable)
                  000020b4    0000002e     rtsv7M4_T_le_v4SPD16_eabi.lib : i_tofd_t2.obj (.text)
                  000020e2    0000002a     driverlib.lib : gpio.obj (.text:GPIODirModeSet)
                  0000210c    00000020     rtsv7M4_T_le_v4SPD16_eabi.lib : u_tofd_t2.obj (.text)
                  0000212c    00000018     driverlib.lib : gpio.obj (.text:GPIOPinTypeGPIOOutput)
                  00002144    00000018     rtsv7M4_T_le_v4SPD16_eabi.lib : args_main.obj (.text)
                  0000215c    00000014                                   : _lock.obj (.text)
                  00002170    00000014                                   : s_copysign.obj (.text)
                  00002184    0000000e                                   : copy_decompress_none.obj (.text:decompress:none)
                  00002192    0000000c                                   : copy_zero_init.obj (.text:decompress:ZI)
                  0000219e    0000000c     tm4c123gh6pm_startup_ccs.obj (.text)
                  000021aa    00000006     driverlib.lib : sysctl.obj (.text:SysCtlDelay)
                  000021b0    00000004     rtsv7M4_T_le_v4SPD16_eabi.lib : pre_init.obj (.text)

.const     0    000021b8    00000158     
                  000021b8    00000158     rtsv7M4_T_le_v4SPD16_eabi.lib : k_rem_pio2.obj (.const:$O1$$)

.cinit     0    00002310    00000038     
                  00002310    00000011     (.cinit..data.load) [load image, compression = lzss]
                  00002321    00000003     --HOLE-- [fill = 0]
                  00002324    0000000c     (__TI_handler_table)
                  00002330    00000008     (.cinit..bss.load) [load image, compression = zero_init]
                  00002338    00000010     (__TI_cinit_table)

.init_array 
*          0    00000000    00000000     UNINITIALIZED

.stack     0    20000000    00000200     UNINITIALIZED
                  20000000    00000200     --HOLE--

.bss       0    20000200    00000108     UNINITIALIZED
                  20000200    00000100     (.common:samples)
                  20000300    00000004     (.common:frequencyReg)
                  20000304    00000004     (.common:phaseAccumulatorReg)

.data      0    20000308    0000001c     UNINITIALIZED
                  20000308    0000000c     rtsv7M4_T_le_v4SPD16_eabi.lib : exit.obj (.data:$O1$$)
                  20000314    00000008                                   : _lock.obj (.data:$O1$$)
                  2000031c    00000004                                   : errno.obj (.data)
                  20000320    00000004                                   : stkdepth_vars.obj (.data)

MODULE SUMMARY

       Module                         code   ro data   rw data
       ------                         ----   -------   -------
    .\
       main.obj                       440    0         264    
       tm4c123gh6pm_startup_ccs.obj   12     620       0      
    +--+------------------------------+------+---------+---------+
       Total:                         452    620       264    
                                                              
    ../driverlib.lib
       gpio.obj                       372    0         0      
       sysctl.obj                     302    0         0      
    +--+------------------------------+------+---------+---------+
       Total:                         674    0         0      
                                                              
    C:\ti\ccsv7\tools\compiler\ti-cgt-arm_16.9.1.LTS\lib\rtsv7M4_T_le_v4SPD16_eabi.lib
       k_rem_pio2.obj                 1848   344       0      
       s_sin.obj                      1476   0         0      
       fd_add_t2.obj                  438    0         0      
       k_sin.obj                      372    0         0      
       k_cos.obj                      364    0         0      
       fd_div_t2.obj                  310    0         0      
       fd_cmp_t2.obj                  268    0         0      
       fd_mul_t2.obj                  252    0         0      
       s_scalbn.obj                   252    0         0      
       s_floor.obj                    248    0         0      
       memcpy_t2.obj                  156    0         0      
       memset_t2.obj                  122    0         0      
       autoinit.obj                   112    0         0      
       copy_decompress_lzss.obj       104    0         0      
       exit.obj                       84     0         12     
       boot.obj                       84     0         0      
       cpy_tbl.obj                    76     0         0      
       fd_toi_t2.obj                  72     0         0      
       fd_tou_t2.obj                  68     0         0      
       i_tofd_t2.obj                  46     0         0      
       u_tofd_t2.obj                  32     0         0      
       _lock.obj                      20     0         8      
       args_main.obj                  24     0         0      
       s_copysign.obj                 20     0         0      
       copy_decompress_none.obj       14     0         0      
       copy_zero_init.obj             12     0         0      
       errno.obj                      0      0         4      
       pre_init.obj                   4      0         0      
       stkdepth_vars.obj              0      0         4      
       mpu_init.obj                   2      0         0      
       startup.obj                    2      0         0      
    +--+------------------------------+------+---------+---------+
       Total:                         6882   344       28     
                                                              
       Stack:                         0      0         512    
       Linker Generated:              0      53        0      
    +--+------------------------------+------+---------+---------+
       Grand Total:                   8008   1017      804    


LINKER GENERATED COPY TABLES

__TI_cinit_table @ 00002338 records: 2, size/record: 8, table size: 16
	.data: load addr=00002310, load size=00000011 bytes, run addr=20000308, run size=0000001c bytes, compression=lzss
	.bss: load addr=00002330, load size=00000008 bytes, run addr=20000200, run size=00000108 bytes, compression=zero_init


LINKER GENERATED HANDLER TABLE

__TI_handler_table @ 00002324 records: 3, size/record: 4, table size: 12
	index: 0, handler: __TI_decompress_lzss
	index: 1, handler: __TI_decompress_none
	index: 2, handler: __TI_zero_init


GLOBAL SYMBOLS: SORTED ALPHABETICALLY BY Name 

address   name                           
-------   ----                           
00001f55  C$$EXIT                        
000020e3  GPIODirModeSet                 
000016ef  GPIOPadConfigSet               
0000212d  GPIOPinTypeGPIOOutput          
0000219f  ResetISR                       
UNDEFED   SHT$$INIT_ARRAY$$Base          
UNDEFED   SHT$$INIT_ARRAY$$Limit         
00001b11  SysCtlClockSet                 
000021ab  SysCtlDelay                    
00002081  SysCtlPeripheralEnable         
20000200  __STACK_END                    
00000200  __STACK_SIZE                   
20000200  __STACK_TOP                    
00002338  __TI_CINIT_Base                
00002348  __TI_CINIT_Limit               
00002324  __TI_Handler_Table_Base        
00002330  __TI_Handler_Table_Limit       
00001e29  __TI_auto_init                 
20000308  __TI_cleanup_ptr               
00001e99  __TI_decompress_lzss           
00002185  __TI_decompress_none           
2000030c  __TI_dtors_ptr                 
20000310  __TI_enable_exit_profile_output
ffffffff  __TI_pprof_out_hndl            
ffffffff  __TI_prof_data_size            
ffffffff  __TI_prof_data_start           
00000000  __TI_static_base__             
00002193  __TI_zero_init                 
00001ca1  __aeabi_cdcmpeq                
00001ca1  __aeabi_cdcmple                
00001d27  __aeabi_cdrcmple               
00001ff5  __aeabi_d2iz                   
0000203d  __aeabi_d2uiz                  
0000112b  __aeabi_dadd                   
000015b9  __aeabi_ddiv                   
00001821  __aeabi_dmul                   
00001121  __aeabi_dsub                   
000020b5  __aeabi_i2d                    
00001dad  __aeabi_memclr                 
00001dad  __aeabi_memclr4                
00001dad  __aeabi_memclr8                
00001c05  __aeabi_memcpy                 
00001c05  __aeabi_memcpy4                
00001c05  __aeabi_memcpy8                
00001daf  __aeabi_memset                 
00001daf  __aeabi_memset4                
00001daf  __aeabi_memset8                
0000210d  __aeabi_ui2d                   
ffffffff  __binit__                      
ffffffff  __c_args__                     
0000144d  __kernel_cos                   
0000026d  __kernel_rem_pio2              
000012d9  __kernel_sin                   
000012d7  __mpu_init                     
20000000  __stack                        
00002145  _args_main                     
00001f01  _c_int00                       
20000314  _lock                          
0000216b  _nop                           
00002163  _register_lock                 
0000215d  _register_unlock               
00001e27  _system_post_cinit             
000021b1  _system_pre_init               
20000318  _unlock                        
00001f59  abort                          
ffffffff  binit                          
00000faf  calculateSamples               
00001065  calculateSamplesRamp           
00000ffd  calculateSamplesSine           
00000fb7  calculateSamplesSquare         
0000109d  calculateSamplesTriangle       
00001fa9  copy_in                        
00002171  copysign                       
00002171  copysignl                      
2000031c  errno                          
00001f61  exit                           
00001a19  floor                          
00001a19  floorl                         
20000300  frequencyReg                   
00000000  g_pfnVectors                   
0000191d  ldexp                          
0000191d  ldexpl                         
00000f69  main                           
20000320  main_func_sp                   
00001c05  memcpy                         
00001db5  memset                         
20000304  phaseAccumulatorReg            
00000f97  portInit                       
20000200  samples                        
0000191d  scalbn                         
0000191d  scalbnl                        
000009a5  sin                            
000009a5  sinl                           


GLOBAL SYMBOLS: SORTED BY Symbol Address 

address   name                           
-------   ----                           
00000000  __TI_static_base__             
00000000  g_pfnVectors                   
00000200  __STACK_SIZE                   
0000026d  __kernel_rem_pio2              
000009a5  sin                            
000009a5  sinl                           
00000f69  main                           
00000f97  portInit                       
00000faf  calculateSamples               
00000fb7  calculateSamplesSquare         
00000ffd  calculateSamplesSine           
00001065  calculateSamplesRamp           
0000109d  calculateSamplesTriangle       
00001121  __aeabi_dsub                   
0000112b  __aeabi_dadd                   
000012d7  __mpu_init                     
000012d9  __kernel_sin                   
0000144d  __kernel_cos                   
000015b9  __aeabi_ddiv                   
000016ef  GPIOPadConfigSet               
00001821  __aeabi_dmul                   
0000191d  ldexp                          
0000191d  ldexpl                         
0000191d  scalbn                         
0000191d  scalbnl                        
00001a19  floor                          
00001a19  floorl                         
00001b11  SysCtlClockSet                 
00001c05  __aeabi_memcpy                 
00001c05  __aeabi_memcpy4                
00001c05  __aeabi_memcpy8                
00001c05  memcpy                         
00001ca1  __aeabi_cdcmpeq                
00001ca1  __aeabi_cdcmple                
00001d27  __aeabi_cdrcmple               
00001dad  __aeabi_memclr                 
00001dad  __aeabi_memclr4                
00001dad  __aeabi_memclr8                
00001daf  __aeabi_memset                 
00001daf  __aeabi_memset4                
00001daf  __aeabi_memset8                
00001db5  memset                         
00001e27  _system_post_cinit             
00001e29  __TI_auto_init                 
00001e99  __TI_decompress_lzss           
00001f01  _c_int00                       
00001f55  C$$EXIT                        
00001f59  abort                          
00001f61  exit                           
00001fa9  copy_in                        
00001ff5  __aeabi_d2iz                   
0000203d  __aeabi_d2uiz                  
00002081  SysCtlPeripheralEnable         
000020b5  __aeabi_i2d                    
000020e3  GPIODirModeSet                 
0000210d  __aeabi_ui2d                   
0000212d  GPIOPinTypeGPIOOutput          
00002145  _args_main                     
0000215d  _register_unlock               
00002163  _register_lock                 
0000216b  _nop                           
00002171  copysign                       
00002171  copysignl                      
00002185  __TI_decompress_none           
00002193  __TI_zero_init                 
0000219f  ResetISR                       
000021ab  SysCtlDelay                    
000021b1  _system_pre_init               
00002324  __TI_Handler_Table_Base        
00002330  __TI_Handler_Table_Limit       
00002338  __TI_CINIT_Base                
00002348  __TI_CINIT_Limit               
20000000  __stack                        
20000200  __STACK_END                    
20000200  __STACK_TOP                    
20000200  samples                        
20000300  frequencyReg                   
20000304  phaseAccumulatorReg            
20000308  __TI_cleanup_ptr               
2000030c  __TI_dtors_ptr                 
20000310  __TI_enable_exit_profile_output
20000314  _lock                          
20000318  _unlock                        
2000031c  errno                          
20000320  main_func_sp                   
ffffffff  __TI_pprof_out_hndl            
ffffffff  __TI_prof_data_size            
ffffffff  __TI_prof_data_start           
ffffffff  __binit__                      
ffffffff  __c_args__                     
ffffffff  binit                          
UNDEFED   SHT$$INIT_ARRAY$$Base          
UNDEFED   SHT$$INIT_ARRAY$$Limit         

[93 symbols]
