******************************************************************************
                  TI ARM Linker PC v16.9.1                     
******************************************************************************
>> Linked Wed Oct 25 00:00:27 2017

OUTPUT FILE NAME:   <WaveformGen.out>
ENTRY POINT SYMBOL: "_c_int00"  address: 00002565


MEMORY CONFIGURATION

         name            origin    length      used     unused   attr    fill
----------------------  --------  ---------  --------  --------  ----  --------
  FLASH                 00000000   00040000  00002a1e  0003d5e2  R  X
  SRAM                  20000000   00008000  00000325  00007cdb  RW X


SEGMENT ALLOCATION MAP

run origin  load origin   length   init length attrs members
----------  ----------- ---------- ----------- ----- -------
00000000    00000000    00002a28   00002a28    r-x
  00000000    00000000    0000026c   0000026c    r-- .intvecs
  0000026c    0000026c    000025b6   000025b6    r-x .text
  00002828    00002828    000001c4   000001c4    r-- .const
  000029f0    000029f0    00000038   00000038    r-- .cinit
20000000    20000000    00000325   00000000    rw-
  20000000    20000000    00000200   00000000    rw- .stack
  20000200    20000200    00000108   00000000    rw- .bss
  20000308    20000308    0000001d   00000000    rw- .data


SECTION ALLOCATION MAP

 output                                  attributes/
section   page    origin      length       input sections
--------  ----  ----------  ----------   ----------------
.intvecs   0    00000000    0000026c     
                  00000000    0000026c     tm4c123gh6pm_startup_ccs.obj (.intvecs)

.text      0    0000026c    000025b6     
                  0000026c    00000738     rtsv7M4_T_le_v4SPD16_eabi.lib : k_rem_pio2.obj (.text)
                  000009a4    000005c4                                   : s_sin.obj (.text)
                  00000f68    000004f0     main.obj (.text)
                  00001458    0000021e     rtsv7M4_T_le_v4SPD16_eabi.lib : ll_div_t2.obj (.text)
                  00001676    000001b6                                   : fd_add_t2.obj (.text)
                  0000182c    00000174                                   : k_sin.obj (.text)
                  000019a0    0000016c                                   : k_cos.obj (.text)
                  00001b0c    00000136                                   : fd_div_t2.obj (.text)
                  00001c42    00000132     driverlib.lib : gpio.obj (.text:GPIOPadConfigSet)
                  00001d74    00000110                   : sysctl.obj (.text:SysCtlClockGet)
                  00001e84    000000fc     rtsv7M4_T_le_v4SPD16_eabi.lib : fd_mul_t2.obj (.text)
                  00001f80    000000fc                                   : s_scalbn.obj (.text)
                  0000207c    000000f8                                   : s_floor.obj (.text)
                  00002174    000000f4     driverlib.lib : sysctl.obj (.text:SysCtlClockSet)
                  00002268    0000009c     rtsv7M4_T_le_v4SPD16_eabi.lib : memcpy_t2.obj (.text)
                  00002304    00000086                                   : fd_cmp_t2.obj (.text:__aeabi_cdcmple)
                  0000238a    00000086                                   : fd_cmp_t2.obj (.text:__aeabi_cdrcmple)
                  00002410    0000007a                                   : memset_t2.obj (.text)
                  0000248a    00000002                                   : l_div0.obj (.text)
                  0000248c    00000070                                   : autoinit.obj (.text)
                  000024fc    00000068                                   : copy_decompress_lzss.obj (.text:decompress:lzss)
                  00002564    00000054                                   : boot.obj (.text)
                  000025b8    00000054                                   : exit.obj (.text)
                  0000260c    0000004c                                   : cpy_tbl.obj (.text)
                  00002658    00000048                                   : fd_toi_t2.obj (.text)
                  000026a0    00000044                                   : fd_tou_t2.obj (.text)
                  000026e4    00000034     driverlib.lib : sysctl.obj (.text:SysCtlPeripheralEnable)
                  00002718    0000002e     rtsv7M4_T_le_v4SPD16_eabi.lib : i_tofd_t2.obj (.text)
                  00002746    0000002a     driverlib.lib : gpio.obj (.text:GPIODirModeSet)
                  00002770    00000020     rtsv7M4_T_le_v4SPD16_eabi.lib : u_tofd_t2.obj (.text)
                  00002790    00000018     driverlib.lib : gpio.obj (.text:GPIOPinTypeGPIOOutput)
                  000027a8    00000018     rtsv7M4_T_le_v4SPD16_eabi.lib : args_main.obj (.text)
                  000027c0    00000014                                   : _lock.obj (.text)
                  000027d4    00000014                                   : s_copysign.obj (.text)
                  000027e8    0000000e                                   : copy_decompress_none.obj (.text:decompress:none)
                  000027f6    0000000c                                   : copy_zero_init.obj (.text:decompress:ZI)
                  00002802    0000000c     tm4c123gh6pm_startup_ccs.obj (.text)
                  0000280e    00000006     driverlib.lib : gpio.obj (.text:GPIOPinWrite)
                  00002814    00000006                   : sysctl.obj (.text:SysCtlDelay)
                  0000281a    00000004     rtsv7M4_T_le_v4SPD16_eabi.lib : pre_init.obj (.text)
                  0000281e    00000002                                   : mpu_init.obj (.text)
                  00002820    00000002                                   : startup.obj (.text)

.const     0    00002828    000001c4     
                  00002828    00000158     rtsv7M4_T_le_v4SPD16_eabi.lib : k_rem_pio2.obj (.const:$O1$$)
                  00002980    0000006c     driverlib.lib : sysctl.obj (.const:g_pui32Xtals)

.cinit     0    000029f0    00000038     
                  000029f0    00000011     (.cinit..data.load) [load image, compression = lzss]
                  00002a01    00000003     --HOLE-- [fill = 0]
                  00002a04    0000000c     (__TI_handler_table)
                  00002a10    00000008     (.cinit..bss.load) [load image, compression = zero_init]
                  00002a18    00000010     (__TI_cinit_table)

.init_array 
*          0    00000000    00000000     UNINITIALIZED

.stack     0    20000000    00000200     UNINITIALIZED
                  20000000    00000200     --HOLE--

.bss       0    20000200    00000108     UNINITIALIZED
                  20000200    00000100     (.common:samples)
                  20000300    00000004     (.common:frequencyReg)
                  20000304    00000004     (.common:phaseAccumulatorReg)

.data      0    20000308    0000001d     UNINITIALIZED
                  20000308    0000000c     rtsv7M4_T_le_v4SPD16_eabi.lib : exit.obj (.data:$O1$$)
                  20000314    00000008                                   : _lock.obj (.data:$O1$$)
                  2000031c    00000004                                   : errno.obj (.data)
                  20000320    00000004                                   : stkdepth_vars.obj (.data)
                  20000324    00000001     main.obj (.data)

MODULE SUMMARY

       Module                         code   ro data   rw data
       ------                         ----   -------   -------
    .\
       main.obj                       1264   0         265    
       tm4c123gh6pm_startup_ccs.obj   12     620       0      
    +--+------------------------------+------+---------+---------+
       Total:                         1276   620       265    
                                                              
    ../driverlib.lib
       sysctl.obj                     574    108       0      
       gpio.obj                       378    0         0      
    +--+------------------------------+------+---------+---------+
       Total:                         952    108       0      
                                                              
    C:\ti\ccsv7\tools\compiler\ti-cgt-arm_16.9.1.LTS\lib\rtsv7M4_T_le_v4SPD16_eabi.lib
       k_rem_pio2.obj                 1848   344       0      
       s_sin.obj                      1476   0         0      
       ll_div_t2.obj                  542    0         0      
       fd_add_t2.obj                  438    0         0      
       k_sin.obj                      372    0         0      
       k_cos.obj                      364    0         0      
       fd_div_t2.obj                  310    0         0      
       fd_cmp_t2.obj                  268    0         0      
       fd_mul_t2.obj                  252    0         0      
       s_scalbn.obj                   252    0         0      
       s_floor.obj                    248    0         0      
       memcpy_t2.obj                  156    0         0      
       memset_t2.obj                  122    0         0      
       autoinit.obj                   112    0         0      
       copy_decompress_lzss.obj       104    0         0      
       exit.obj                       84     0         12     
       boot.obj                       84     0         0      
       cpy_tbl.obj                    76     0         0      
       fd_toi_t2.obj                  72     0         0      
       fd_tou_t2.obj                  68     0         0      
       i_tofd_t2.obj                  46     0         0      
       u_tofd_t2.obj                  32     0         0      
       _lock.obj                      20     0         8      
       args_main.obj                  24     0         0      
       s_copysign.obj                 20     0         0      
       copy_decompress_none.obj       14     0         0      
       copy_zero_init.obj             12     0         0      
       errno.obj                      0      0         4      
       pre_init.obj                   4      0         0      
       stkdepth_vars.obj              0      0         4      
       l_div0.obj                     2      0         0      
       mpu_init.obj                   2      0         0      
       startup.obj                    2      0         0      
    +--+------------------------------+------+---------+---------+
       Total:                         7426   344       28     
                                                              
       Stack:                         0      0         512    
       Linker Generated:              0      53        0      
    +--+------------------------------+------+---------+---------+
       Grand Total:                   9654   1125      805    


LINKER GENERATED COPY TABLES

__TI_cinit_table @ 00002a18 records: 2, size/record: 8, table size: 16
	.data: load addr=000029f0, load size=00000011 bytes, run addr=20000308, run size=0000001d bytes, compression=lzss
	.bss: load addr=00002a10, load size=00000008 bytes, run addr=20000200, run size=00000108 bytes, compression=zero_init


LINKER GENERATED HANDLER TABLE

__TI_handler_table @ 00002a04 records: 3, size/record: 4, table size: 12
	index: 0, handler: __TI_decompress_lzss
	index: 1, handler: __TI_decompress_none
	index: 2, handler: __TI_zero_init


GLOBAL SYMBOLS: SORTED ALPHABETICALLY BY Name 

address   name                           
-------   ----                           
000025b9  C$$EXIT                        
00002747  GPIODirModeSet                 
00001c43  GPIOPadConfigSet               
00002791  GPIOPinTypeGPIOOutput          
0000280f  GPIOPinWrite                   
00002803  ResetISR                       
UNDEFED   SHT$$INIT_ARRAY$$Base          
UNDEFED   SHT$$INIT_ARRAY$$Limit         
00001d75  SysCtlClockGet                 
00002175  SysCtlClockSet                 
00002815  SysCtlDelay                    
000026e5  SysCtlPeripheralEnable         
20000200  __STACK_END                    
00000200  __STACK_SIZE                   
20000200  __STACK_TOP                    
00002a18  __TI_CINIT_Base                
00002a28  __TI_CINIT_Limit               
00002a04  __TI_Handler_Table_Base        
00002a10  __TI_Handler_Table_Limit       
0000248d  __TI_auto_init                 
20000308  __TI_cleanup_ptr               
000024fd  __TI_decompress_lzss           
000027e9  __TI_decompress_none           
2000030c  __TI_dtors_ptr                 
20000310  __TI_enable_exit_profile_output
ffffffff  __TI_pprof_out_hndl            
ffffffff  __TI_prof_data_size            
ffffffff  __TI_prof_data_start           
00000000  __TI_static_base__             
000027f7  __TI_zero_init                 
00002305  __aeabi_cdcmpeq                
00002305  __aeabi_cdcmple                
0000238b  __aeabi_cdrcmple               
00002659  __aeabi_d2iz                   
000026a1  __aeabi_d2uiz                  
00001681  __aeabi_dadd                   
00001b0d  __aeabi_ddiv                   
00001e85  __aeabi_dmul                   
00001677  __aeabi_dsub                   
00002719  __aeabi_i2d                    
0000248b  __aeabi_ldiv0                  
00001459  __aeabi_ldivmod                
00002411  __aeabi_memclr                 
00002411  __aeabi_memclr4                
00002411  __aeabi_memclr8                
00002269  __aeabi_memcpy                 
00002269  __aeabi_memcpy4                
00002269  __aeabi_memcpy8                
00002413  __aeabi_memset                 
00002413  __aeabi_memset4                
00002413  __aeabi_memset8                
00002771  __aeabi_ui2d                   
ffffffff  __binit__                      
ffffffff  __c_args__                     
000019a1  __kernel_cos                   
0000026d  __kernel_rem_pio2              
0000182d  __kernel_sin                   
0000281f  __mpu_init                     
20000000  __stack                        
000027a9  _args_main                     
00002565  _c_int00                       
00001319  _delay_ms                      
00001335  _delay_us                      
20000314  _lock                          
000027cf  _nop                           
000027c7  _register_lock                 
000027c1  _register_unlock               
00002821  _system_post_cinit             
0000281b  _system_pre_init               
20000318  _unlock                        
000025bd  abort                          
ffffffff  binit                          
00000fb9  calculateSamples               
0000106f  calculateSamplesRamp           
00001007  calculateSamplesSine           
00000fc1  calculateSamplesSquare         
000010a7  calculateSamplesTriangle       
0000260d  copy_in                        
000027d5  copysign                       
000027d5  copysignl                      
20000324  cursorPositionCheck            
2000031c  errno                          
000025c5  exit                           
0000207d  floor                          
0000207d  floorl                         
20000300  frequencyReg                   
0000136d  func                           
00000000  g_pfnVectors                   
000012f5  lcdCheck                       
000012d5  lcdClear                       
0000111b  lcdCommand                     
000011ab  lcdData                        
0000128f  lcdGotoxy                      
000010f7  lcdInit                        
00001271  lcdInteger                     
00001245  lcdString                      
00001f81  ldexp                          
00001f81  ldexpl                         
00000f69  main                           
20000320  main_func_sp                   
00002269  memcpy                         
00002419  memset                         
20000304  phaseAccumulatorReg            
00000fa1  portInit                       
20000200  samples                        
00001f81  scalbn                         
00001f81  scalbnl                        
000009a5  sin                            
000009a5  sinl                           


GLOBAL SYMBOLS: SORTED BY Symbol Address 

address   name                           
-------   ----                           
00000000  __TI_static_base__             
00000000  g_pfnVectors                   
00000200  __STACK_SIZE                   
0000026d  __kernel_rem_pio2              
000009a5  sin                            
000009a5  sinl                           
00000f69  main                           
00000fa1  portInit                       
00000fb9  calculateSamples               
00000fc1  calculateSamplesSquare         
00001007  calculateSamplesSine           
0000106f  calculateSamplesRamp           
000010a7  calculateSamplesTriangle       
000010f7  lcdInit                        
0000111b  lcdCommand                     
000011ab  lcdData                        
00001245  lcdString                      
00001271  lcdInteger                     
0000128f  lcdGotoxy                      
000012d5  lcdClear                       
000012f5  lcdCheck                       
00001319  _delay_ms                      
00001335  _delay_us                      
0000136d  func                           
00001459  __aeabi_ldivmod                
00001677  __aeabi_dsub                   
00001681  __aeabi_dadd                   
0000182d  __kernel_sin                   
000019a1  __kernel_cos                   
00001b0d  __aeabi_ddiv                   
00001c43  GPIOPadConfigSet               
00001d75  SysCtlClockGet                 
00001e85  __aeabi_dmul                   
00001f81  ldexp                          
00001f81  ldexpl                         
00001f81  scalbn                         
00001f81  scalbnl                        
0000207d  floor                          
0000207d  floorl                         
00002175  SysCtlClockSet                 
00002269  __aeabi_memcpy                 
00002269  __aeabi_memcpy4                
00002269  __aeabi_memcpy8                
00002269  memcpy                         
00002305  __aeabi_cdcmpeq                
00002305  __aeabi_cdcmple                
0000238b  __aeabi_cdrcmple               
00002411  __aeabi_memclr                 
00002411  __aeabi_memclr4                
00002411  __aeabi_memclr8                
00002413  __aeabi_memset                 
00002413  __aeabi_memset4                
00002413  __aeabi_memset8                
00002419  memset                         
0000248b  __aeabi_ldiv0                  
0000248d  __TI_auto_init                 
000024fd  __TI_decompress_lzss           
00002565  _c_int00                       
000025b9  C$$EXIT                        
000025bd  abort                          
000025c5  exit                           
0000260d  copy_in                        
00002659  __aeabi_d2iz                   
000026a1  __aeabi_d2uiz                  
000026e5  SysCtlPeripheralEnable         
00002719  __aeabi_i2d                    
00002747  GPIODirModeSet                 
00002771  __aeabi_ui2d                   
00002791  GPIOPinTypeGPIOOutput          
000027a9  _args_main                     
000027c1  _register_unlock               
000027c7  _register_lock                 
000027cf  _nop                           
000027d5  copysign                       
000027d5  copysignl                      
000027e9  __TI_decompress_none           
000027f7  __TI_zero_init                 
00002803  ResetISR                       
0000280f  GPIOPinWrite                   
00002815  SysCtlDelay                    
0000281b  _system_pre_init               
0000281f  __mpu_init                     
00002821  _system_post_cinit             
00002a04  __TI_Handler_Table_Base        
00002a10  __TI_Handler_Table_Limit       
00002a18  __TI_CINIT_Base                
00002a28  __TI_CINIT_Limit               
20000000  __stack                        
20000200  __STACK_END                    
20000200  __STACK_TOP                    
20000200  samples                        
20000300  frequencyReg                   
20000304  phaseAccumulatorReg            
20000308  __TI_cleanup_ptr               
2000030c  __TI_dtors_ptr                 
20000310  __TI_enable_exit_profile_output
20000314  _lock                          
20000318  _unlock                        
2000031c  errno                          
20000320  main_func_sp                   
20000324  cursorPositionCheck            
ffffffff  __TI_pprof_out_hndl            
ffffffff  __TI_prof_data_size            
ffffffff  __TI_prof_data_start           
ffffffff  __binit__                      
ffffffff  __c_args__                     
ffffffff  binit                          
UNDEFED   SHT$$INIT_ARRAY$$Base          
UNDEFED   SHT$$INIT_ARRAY$$Limit         

[109 symbols]
