******************************************************************************
                  TI ARM Linker PC v16.9.1                     
******************************************************************************
>> Linked Fri Oct 27 22:17:00 2017

OUTPUT FILE NAME:   <WaveformGen.out>
ENTRY POINT SYMBOL: "_c_int00"  address: 00002aad


MEMORY CONFIGURATION

         name            origin    length      used     unused   attr    fill
----------------------  --------  ---------  --------  --------  ----  --------
  FLASH                 00000000   00040000  000034fc  0003cb04  R  X
  SRAM                  20000000   00008000  00000598  00007a68  RW X


SEGMENT ALLOCATION MAP

run origin  load origin   length   init length attrs members
----------  ----------- ---------- ----------- ----- -------
00000000    00000000    00003500   00003500    r-x
  00000000    00000000    0000026c   0000026c    r-- .intvecs
  0000026c    0000026c    00002de4   00002de4    r-x .text
  00003050    00003050    0000045c   0000045c    r-- .const
  000034b0    000034b0    00000050   00000050    r-- .cinit
20000000    20000000    00000598   00000000    rw-
  20000000    20000000    0000026c   00000000    rw- .vtable
  2000026c    2000026c    00000200   00000000    rw- .stack
  2000046c    2000046c    00000108   00000000    rw- .bss
  20000574    20000574    00000024   00000000    rw- .data


SECTION ALLOCATION MAP

 output                                  attributes/
section   page    origin      length       input sections
--------  ----  ----------  ----------   ----------------
.intvecs   0    00000000    0000026c     
                  00000000    0000026c     tm4c123gh6pm_startup_ccs.obj (.intvecs)

.text      0    0000026c    00002de4     
                  0000026c    00000900     main.obj (.text)
                  00000b6c    00000738     rtsv7M4_T_le_v4SPD16_eabi.lib : k_rem_pio2.obj (.text)
                  000012a4    000005c4                                   : s_sin.obj (.text)
                  00001868    0000021e                                   : ll_div_t2.obj (.text)
                  00001a86    000001b6                                   : fd_add_t2.obj (.text)
                  00001c3c    00000174                                   : k_sin.obj (.text)
                  00001db0    0000016c                                   : k_cos.obj (.text)
                  00001f1c    00000136                                   : fd_div_t2.obj (.text)
                  00002052    00000132     driverlib.lib : gpio.obj (.text:GPIOPadConfigSet)
                  00002184    00000110                   : sysctl.obj (.text:SysCtlClockGet)
                  00002294    000000fc     rtsv7M4_T_le_v4SPD16_eabi.lib : fd_mul_t2.obj (.text)
                  00002390    000000fc                                   : s_scalbn.obj (.text)
                  0000248c    000000f8                                   : s_floor.obj (.text)
                  00002584    000000f4     driverlib.lib : sysctl.obj (.text:SysCtlClockSet)
                  00002678    0000009c     rtsv7M4_T_le_v4SPD16_eabi.lib : memcpy_t2.obj (.text)
                  00002714    00000086                                   : fd_cmp_t2.obj (.text:__aeabi_cdcmple)
                  0000279a    00000086                                   : fd_cmp_t2.obj (.text:__aeabi_cdrcmple)
                  00002820    0000007a     driverlib.lib : adc.obj (.text:ADCSequenceStepConfigure)
                  0000289a    0000007a     rtsv7M4_T_le_v4SPD16_eabi.lib : memset_t2.obj (.text)
                  00002914    00000070                                   : autoinit.obj (.text)
                  00002984    00000068     driverlib.lib : interrupt.obj (.text:IntEnable)
                  000029ec    00000068     rtsv7M4_T_le_v4SPD16_eabi.lib : copy_decompress_lzss.obj (.text:decompress:lzss)
                  00002a54    00000056     driverlib.lib : gpio.obj (.text:GPIOIntTypeSet)
                  00002aaa    00000002     rtsv7M4_T_le_v4SPD16_eabi.lib : l_div0.obj (.text)
                  00002aac    00000054                                   : boot.obj (.text)
                  00002b00    00000054                                   : exit.obj (.text)
                  00002b54    00000050     driverlib.lib : adc.obj (.text:ADCSequenceConfigure)
                  00002ba4    0000004c     rtsv7M4_T_le_v4SPD16_eabi.lib : cpy_tbl.obj (.text)
                  00002bf0    00000048     driverlib.lib : gpio.obj (.text:GPIOPinConfigure)
                  00002c38    00000048     rtsv7M4_T_le_v4SPD16_eabi.lib : fd_toi_t2.obj (.text)
                  00002c80    00000046     driverlib.lib : uart.obj (.text:UARTConfigSetExpClk)
                  00002cc6    00000002     rtsv7M4_T_le_v4SPD16_eabi.lib : mpu_init.obj (.text)
                  00002cc8    00000044     driverlib.lib : gpio.obj (.text:_GPIOIntNumberGet)
                  00002d0c    00000044     rtsv7M4_T_le_v4SPD16_eabi.lib : fd_tou_t2.obj (.text)
                  00002d50    00000034     driverlib.lib : interrupt.obj (.text:IntRegister)
                  00002d84    00000034                   : sysctl.obj (.text:SysCtlPeripheralEnable)
                  00002db8    0000002e                   : adc.obj (.text:ADCIntStatus)
                  00002de6    0000002e     rtsv7M4_T_le_v4SPD16_eabi.lib : i_tofd_t2.obj (.text)
                  00002e14    0000002a     driverlib.lib : gpio.obj (.text:GPIODirModeSet)
                  00002e3e    00000002     rtsv7M4_T_le_v4SPD16_eabi.lib : startup.obj (.text)
                  00002e40    00000020     driverlib.lib : uart.obj (.text:UARTDisable)
                  00002e60    00000020     rtsv7M4_T_le_v4SPD16_eabi.lib : u_tofd_t2.obj (.text)
                  00002e80    0000001e     driverlib.lib : adc.obj (.text:ADCSequenceDataGet)
                  00002e9e    00000018                   : adc.obj (.text:ADCProcessorTrigger)
                  00002eb6    00000018                   : gpio.obj (.text:GPIOIntRegister)
                  00002ece    00000018                   : gpio.obj (.text:GPIOPinTypeGPIOOutput)
                  00002ee6    00000002     --HOLE-- [fill = 0]
                  00002ee8    00000018     rtsv7M4_T_le_v4SPD16_eabi.lib : args_main.obj (.text)
                  00002f00    00000014     driverlib.lib : uart.obj (.text:UARTEnable)
                  00002f14    00000014     rtsv7M4_T_le_v4SPD16_eabi.lib : _lock.obj (.text)
                  00002f28    00000014                                   : s_copysign.obj (.text)
                  00002f3c    00000012     driverlib.lib : gpio.obj (.text:GPIOPinTypeADC)
                  00002f4e    00000012                   : gpio.obj (.text:GPIOPinTypeGPIOInput)
                  00002f60    00000012                   : gpio.obj (.text:GPIOPinTypeUART)
                  00002f72    00000010                   : interrupt.obj (.text:IntMasterEnable)
                  00002f82    0000000e                   : adc.obj (.text:ADCHardwareOversampleConfigure)
                  00002f90    0000000e                   : adc.obj (.text:ADCSequenceEnable)
                  00002f9e    0000000e                   : gpio.obj (.text:GPIOIntDisable)
                  00002fac    0000000e                   : gpio.obj (.text:GPIOIntStatus)
                  00002fba    0000000e                   : uart.obj (.text:UARTCharsAvail)
                  00002fc8    0000000e     rtsv7M4_T_le_v4SPD16_eabi.lib : copy_decompress_none.obj (.text:decompress:none)
                  00002fd6    0000000c     driverlib.lib : cpu.obj (.text:CPUcpsie)
                  00002fe2    0000000c                   : gpio.obj (.text:GPIOIntEnable)
                  00002fee    0000000c     rtsv7M4_T_le_v4SPD16_eabi.lib : copy_zero_init.obj (.text:decompress:ZI)
                  00002ffa    0000000c     tm4c123gh6pm_startup_ccs.obj (.text)
                  00003006    0000000a     driverlib.lib : adc.obj (.text:ADCIntClear)
                  00003010    0000000a                   : uart.obj (.text:UARTCharGet)
                  0000301a    0000000a                   : uart.obj (.text:UARTCharPut)
                  00003024    0000000a                   : uart.obj (.text:UARTIntStatus)
                  0000302e    00000008                   : uart.obj (.text:UARTIntEnable)
                  00003036    00000006                   : gpio.obj (.text:GPIOIntClear)
                  0000303c    00000006                   : gpio.obj (.text:GPIOPinWrite)
                  00003042    00000006                   : sysctl.obj (.text:SysCtlDelay)
                  00003048    00000004                   : uart.obj (.text:UARTIntClear)
                  0000304c    00000004     rtsv7M4_T_le_v4SPD16_eabi.lib : pre_init.obj (.text)

.const     0    00003050    0000045c     
                  00003050    00000158     rtsv7M4_T_le_v4SPD16_eabi.lib : k_rem_pio2.obj (.const:$O1$$)
                  000031a8    000000d8     driverlib.lib : gpio.obj (.const:g_ppui32GPIOIntMapSnowflake)
                  00003280    000000c0                   : gpio.obj (.const:g_ppui32GPIOIntMapBlizzard)
                  00003340    00000090                   : gpio.obj (.const:g_pui32GPIOBaseAddrs)
                  000033d0    00000070                   : interrupt.obj (.const)
                  00003440    0000006c                   : sysctl.obj (.const:g_pui32Xtals)

.cinit     0    000034b0    00000050     
                  000034b0    00000017     (.cinit..data.load) [load image, compression = lzss]
                  000034c7    00000001     --HOLE-- [fill = 0]
                  000034c8    0000000c     (__TI_handler_table)
                  000034d4    00000004     --HOLE-- [fill = 0]
                  000034d8    00000008     (.cinit..bss.load) [load image, compression = zero_init]
                  000034e0    00000008     (.cinit..vtable.load) [load image, compression = zero_init]
                  000034e8    00000018     (__TI_cinit_table)

.init_array 
*          0    00000000    00000000     UNINITIALIZED

.vtable    0    20000000    0000026c     UNINITIALIZED
                  20000000    0000026c     driverlib.lib : interrupt.obj (.vtable)

.stack     0    2000026c    00000200     UNINITIALIZED
                  2000026c    00000200     --HOLE--

.bss       0    2000046c    00000108     UNINITIALIZED
                  2000046c    00000100     (.common:samples)
                  2000056c    00000004     (.common:frequencyReg)
                  20000570    00000004     (.common:phaseAccumulatorReg)

.data      0    20000574    00000024     UNINITIALIZED
                  20000574    0000000c     rtsv7M4_T_le_v4SPD16_eabi.lib : exit.obj (.data:$O1$$)
                  20000580    00000008                                   : _lock.obj (.data:$O1$$)
                  20000588    00000008     main.obj (.data)
                  20000590    00000004     rtsv7M4_T_le_v4SPD16_eabi.lib : errno.obj (.data)
                  20000594    00000004                                   : stkdepth_vars.obj (.data)

MODULE SUMMARY

       Module                         code    ro data   rw data
       ------                         ----    -------   -------
    .\
       main.obj                       2304    0         272    
       tm4c123gh6pm_startup_ccs.obj   12      620       0      
    +--+------------------------------+-------+---------+---------+
       Total:                         2316    620       272    
                                                               
    ../driverlib.lib
       gpio.obj                       728     552       0      
       interrupt.obj                  172     112       620    
       sysctl.obj                     574     108       0      
       adc.obj                        340     0         0      
       uart.obj                       178     0         0      
       cpu.obj                        12      0         0      
    +--+------------------------------+-------+---------+---------+
       Total:                         2004    772       620    
                                                               
    C:\ti\ccsv7\tools\compiler\ti-cgt-arm_16.9.1.LTS\lib\rtsv7M4_T_le_v4SPD16_eabi.lib
       k_rem_pio2.obj                 1848    344       0      
       s_sin.obj                      1476    0         0      
       ll_div_t2.obj                  542     0         0      
       fd_add_t2.obj                  438     0         0      
       k_sin.obj                      372     0         0      
       k_cos.obj                      364     0         0      
       fd_div_t2.obj                  310     0         0      
       fd_cmp_t2.obj                  268     0         0      
       fd_mul_t2.obj                  252     0         0      
       s_scalbn.obj                   252     0         0      
       s_floor.obj                    248     0         0      
       memcpy_t2.obj                  156     0         0      
       memset_t2.obj                  122     0         0      
       autoinit.obj                   112     0         0      
       copy_decompress_lzss.obj       104     0         0      
       exit.obj                       84      0         12     
       boot.obj                       84      0         0      
       cpy_tbl.obj                    76      0         0      
       fd_toi_t2.obj                  72      0         0      
       fd_tou_t2.obj                  68      0         0      
       i_tofd_t2.obj                  46      0         0      
       u_tofd_t2.obj                  32      0         0      
       _lock.obj                      20      0         8      
       args_main.obj                  24      0         0      
       s_copysign.obj                 20      0         0      
       copy_decompress_none.obj       14      0         0      
       copy_zero_init.obj             12      0         0      
       errno.obj                      0       0         4      
       pre_init.obj                   4       0         0      
       stkdepth_vars.obj              0       0         4      
       l_div0.obj                     2       0         0      
       mpu_init.obj                   2       0         0      
       startup.obj                    2       0         0      
    +--+------------------------------+-------+---------+---------+
       Total:                         7426    344       28     
                                                               
       Stack:                         0       0         512    
       Linker Generated:              0       75        0      
    +--+------------------------------+-------+---------+---------+
       Grand Total:                   11746   1811      1432   


LINKER GENERATED COPY TABLES

__TI_cinit_table @ 000034e8 records: 3, size/record: 8, table size: 24
	.data: load addr=000034b0, load size=00000017 bytes, run addr=20000574, run size=00000024 bytes, compression=lzss
	.bss: load addr=000034d8, load size=00000008 bytes, run addr=2000046c, run size=00000108 bytes, compression=zero_init
	.vtable: load addr=000034e0, load size=00000008 bytes, run addr=20000000, run size=0000026c bytes, compression=zero_init


LINKER GENERATED HANDLER TABLE

__TI_handler_table @ 000034c8 records: 3, size/record: 4, table size: 12
	index: 0, handler: __TI_zero_init
	index: 1, handler: __TI_decompress_lzss
	index: 2, handler: __TI_decompress_none


GLOBAL SYMBOLS: SORTED ALPHABETICALLY BY Name 

address   name                           
-------   ----                           
0000075d  ADC0Enable                     
00002f83  ADCHardwareOversampleConfigure 
00003007  ADCIntClear                    
00002db9  ADCIntStatus                   
00002e9f  ADCProcessorTrigger            
00002b55  ADCSequenceConfigure           
00002e81  ADCSequenceDataGet             
00002f91  ADCSequenceEnable              
00002821  ADCSequenceStepConfigure       
00002b01  C$$EXIT                        
00002fd7  CPUcpsie                       
00002e15  GPIODirModeSet                 
00003037  GPIOIntClear                   
00002f9f  GPIOIntDisable                 
00002fe3  GPIOIntEnable                  
00002eb7  GPIOIntRegister                
00002fad  GPIOIntStatus                  
00002a55  GPIOIntTypeSet                 
00002053  GPIOPadConfigSet               
00002bf1  GPIOPinConfigure               
00002f3d  GPIOPinTypeADC                 
00002f4f  GPIOPinTypeGPIOInput           
00002ecf  GPIOPinTypeGPIOOutput          
00002f61  GPIOPinTypeUART                
0000303d  GPIOPinWrite                   
00002985  IntEnable                      
00002f73  IntMasterEnable                
00002d51  IntRegister                    
00002ffb  ResetISR                       
UNDEFED   SHT$$INIT_ARRAY$$Base          
UNDEFED   SHT$$INIT_ARRAY$$Limit         
00002185  SysCtlClockGet                 
00002585  SysCtlClockSet                 
00003043  SysCtlDelay                    
00002d85  SysCtlPeripheralEnable         
00003011  UARTCharGet                    
0000301b  UARTCharPut                    
00002fbb  UARTCharsAvail                 
00002c81  UARTConfigSetExpClk            
00002e41  UARTDisable                    
00002f01  UARTEnable                     
00003049  UARTIntClear                   
0000302f  UARTIntEnable                  
0000072d  UARTIntHandler                 
00003025  UARTIntStatus                  
2000046c  __STACK_END                    
00000200  __STACK_SIZE                   
2000046c  __STACK_TOP                    
000034e8  __TI_CINIT_Base                
00003500  __TI_CINIT_Limit               
000034c8  __TI_Handler_Table_Base        
000034d4  __TI_Handler_Table_Limit       
00002915  __TI_auto_init                 
20000574  __TI_cleanup_ptr               
000029ed  __TI_decompress_lzss           
00002fc9  __TI_decompress_none           
20000578  __TI_dtors_ptr                 
2000057c  __TI_enable_exit_profile_output
ffffffff  __TI_pprof_out_hndl            
ffffffff  __TI_prof_data_size            
ffffffff  __TI_prof_data_start           
00000000  __TI_static_base__             
00002fef  __TI_zero_init                 
00002715  __aeabi_cdcmpeq                
00002715  __aeabi_cdcmple                
0000279b  __aeabi_cdrcmple               
00002c39  __aeabi_d2iz                   
00002d0d  __aeabi_d2uiz                  
00001a91  __aeabi_dadd                   
00001f1d  __aeabi_ddiv                   
00002295  __aeabi_dmul                   
00001a87  __aeabi_dsub                   
00002de7  __aeabi_i2d                    
00002aab  __aeabi_ldiv0                  
00001869  __aeabi_ldivmod                
0000289b  __aeabi_memclr                 
0000289b  __aeabi_memclr4                
0000289b  __aeabi_memclr8                
00002679  __aeabi_memcpy                 
00002679  __aeabi_memcpy4                
00002679  __aeabi_memcpy8                
0000289d  __aeabi_memset                 
0000289d  __aeabi_memset4                
0000289d  __aeabi_memset8                
00002e61  __aeabi_ui2d                   
ffffffff  __binit__                      
ffffffff  __c_args__                     
00001db1  __kernel_cos                   
00000b6d  __kernel_rem_pio2              
00001c3d  __kernel_sin                   
00002cc7  __mpu_init                     
2000026c  __stack                        
00002ee9  _args_main                     
00002aad  _c_int00                       
00000485  _delay_ms                      
000004a1  _delay_us                      
20000580  _lock                          
00002f23  _nop                           
00002f1b  _register_lock                 
00002f15  _register_unlock               
00002e3f  _system_post_cinit             
0000304d  _system_pre_init               
20000584  _unlock                        
00002b05  abort                          
ffffffff  binit                          
0000065f  calculateSamples               
000008a7  calculateSamplesRamp           
0000083f  calculateSamplesSine           
000007f9  calculateSamplesSquare         
000008fd  calculateSamplesTriangle       
00002ba5  copy_in                        
00002f29  copysign                       
00002f29  copysignl                      
20000588  cursorPositionCheck            
20000590  errno                          
00002b0d  exit                           
0000248d  floor                          
0000248d  floorl                         
2000058a  frequencyMode                  
2000056c  frequencyReg                   
2000058c  frequencyVariable              
000004bb  func                           
20000000  g_pfnRAMVectors                
00000000  g_pfnVectors                   
00000969  interruptEnable                
000009b5  interruptEncountered           
00000461  lcdCheck                       
00000449  lcdClear                       
000002ad  lcdCommand                     
00000339  lcdData                        
00000419  lcdGotoxy                      
0000026d  lcdInit                        
000003fb  lcdInteger                     
000003cf  lcdString                      
00002391  ldexp                          
00002391  ldexpl                         
000005b5  main                           
20000594  main_func_sp                   
00002679  memcpy                         
000028a3  memset                         
00000667  peripheralEnable               
20000570  phaseAccumulatorReg            
00000617  portInit                       
000007b1  readADC                        
2000046c  samples                        
00002391  scalbn                         
00002391  scalbnl                        
000012a5  sin                            
000012a5  sinl                           
000006bd  tranString                     
0000068b  uartEnable                     
000006f1  uartInteger                    
00000717  uartInterruptEnable            
00000a0d  userInterface                  
20000589  waveMode                       


GLOBAL SYMBOLS: SORTED BY Symbol Address 

address   name                           
-------   ----                           
00000000  __TI_static_base__             
00000000  g_pfnVectors                   
00000200  __STACK_SIZE                   
0000026d  lcdInit                        
000002ad  lcdCommand                     
00000339  lcdData                        
000003cf  lcdString                      
000003fb  lcdInteger                     
00000419  lcdGotoxy                      
00000449  lcdClear                       
00000461  lcdCheck                       
00000485  _delay_ms                      
000004a1  _delay_us                      
000004bb  func                           
000005b5  main                           
00000617  portInit                       
0000065f  calculateSamples               
00000667  peripheralEnable               
0000068b  uartEnable                     
000006bd  tranString                     
000006f1  uartInteger                    
00000717  uartInterruptEnable            
0000072d  UARTIntHandler                 
0000075d  ADC0Enable                     
000007b1  readADC                        
000007f9  calculateSamplesSquare         
0000083f  calculateSamplesSine           
000008a7  calculateSamplesRamp           
000008fd  calculateSamplesTriangle       
00000969  interruptEnable                
000009b5  interruptEncountered           
00000a0d  userInterface                  
00000b6d  __kernel_rem_pio2              
000012a5  sin                            
000012a5  sinl                           
00001869  __aeabi_ldivmod                
00001a87  __aeabi_dsub                   
00001a91  __aeabi_dadd                   
00001c3d  __kernel_sin                   
00001db1  __kernel_cos                   
00001f1d  __aeabi_ddiv                   
00002053  GPIOPadConfigSet               
00002185  SysCtlClockGet                 
00002295  __aeabi_dmul                   
00002391  ldexp                          
00002391  ldexpl                         
00002391  scalbn                         
00002391  scalbnl                        
0000248d  floor                          
0000248d  floorl                         
00002585  SysCtlClockSet                 
00002679  __aeabi_memcpy                 
00002679  __aeabi_memcpy4                
00002679  __aeabi_memcpy8                
00002679  memcpy                         
00002715  __aeabi_cdcmpeq                
00002715  __aeabi_cdcmple                
0000279b  __aeabi_cdrcmple               
00002821  ADCSequenceStepConfigure       
0000289b  __aeabi_memclr                 
0000289b  __aeabi_memclr4                
0000289b  __aeabi_memclr8                
0000289d  __aeabi_memset                 
0000289d  __aeabi_memset4                
0000289d  __aeabi_memset8                
000028a3  memset                         
00002915  __TI_auto_init                 
00002985  IntEnable                      
000029ed  __TI_decompress_lzss           
00002a55  GPIOIntTypeSet                 
00002aab  __aeabi_ldiv0                  
00002aad  _c_int00                       
00002b01  C$$EXIT                        
00002b05  abort                          
00002b0d  exit                           
00002b55  ADCSequenceConfigure           
00002ba5  copy_in                        
00002bf1  GPIOPinConfigure               
00002c39  __aeabi_d2iz                   
00002c81  UARTConfigSetExpClk            
00002cc7  __mpu_init                     
00002d0d  __aeabi_d2uiz                  
00002d51  IntRegister                    
00002d85  SysCtlPeripheralEnable         
00002db9  ADCIntStatus                   
00002de7  __aeabi_i2d                    
00002e15  GPIODirModeSet                 
00002e3f  _system_post_cinit             
00002e41  UARTDisable                    
00002e61  __aeabi_ui2d                   
00002e81  ADCSequenceDataGet             
00002e9f  ADCProcessorTrigger            
00002eb7  GPIOIntRegister                
00002ecf  GPIOPinTypeGPIOOutput          
00002ee9  _args_main                     
00002f01  UARTEnable                     
00002f15  _register_unlock               
00002f1b  _register_lock                 
00002f23  _nop                           
00002f29  copysign                       
00002f29  copysignl                      
00002f3d  GPIOPinTypeADC                 
00002f4f  GPIOPinTypeGPIOInput           
00002f61  GPIOPinTypeUART                
00002f73  IntMasterEnable                
00002f83  ADCHardwareOversampleConfigure 
00002f91  ADCSequenceEnable              
00002f9f  GPIOIntDisable                 
00002fad  GPIOIntStatus                  
00002fbb  UARTCharsAvail                 
00002fc9  __TI_decompress_none           
00002fd7  CPUcpsie                       
00002fe3  GPIOIntEnable                  
00002fef  __TI_zero_init                 
00002ffb  ResetISR                       
00003007  ADCIntClear                    
00003011  UARTCharGet                    
0000301b  UARTCharPut                    
00003025  UARTIntStatus                  
0000302f  UARTIntEnable                  
00003037  GPIOIntClear                   
0000303d  GPIOPinWrite                   
00003043  SysCtlDelay                    
00003049  UARTIntClear                   
0000304d  _system_pre_init               
000034c8  __TI_Handler_Table_Base        
000034d4  __TI_Handler_Table_Limit       
000034e8  __TI_CINIT_Base                
00003500  __TI_CINIT_Limit               
20000000  g_pfnRAMVectors                
2000026c  __stack                        
2000046c  __STACK_END                    
2000046c  __STACK_TOP                    
2000046c  samples                        
2000056c  frequencyReg                   
20000570  phaseAccumulatorReg            
20000574  __TI_cleanup_ptr               
20000578  __TI_dtors_ptr                 
2000057c  __TI_enable_exit_profile_output
20000580  _lock                          
20000584  _unlock                        
20000588  cursorPositionCheck            
20000589  waveMode                       
2000058a  frequencyMode                  
2000058c  frequencyVariable              
20000590  errno                          
20000594  main_func_sp                   
ffffffff  __TI_pprof_out_hndl            
ffffffff  __TI_prof_data_size            
ffffffff  __TI_prof_data_start           
ffffffff  __binit__                      
ffffffff  __c_args__                     
ffffffff  binit                          
UNDEFED   SHT$$INIT_ARRAY$$Base          
UNDEFED   SHT$$INIT_ARRAY$$Limit         

[155 symbols]
