******************************************************************************
                  TI ARM Linker PC v16.9.1                     
******************************************************************************
>> Linked Sun Oct 29 00:48:12 2017

OUTPUT FILE NAME:   <WaveformGen.out>
ENTRY POINT SYMBOL: "_c_int00"  address: 00002ba1


MEMORY CONFIGURATION

         name            origin    length      used     unused   attr    fill
----------------------  --------  ---------  --------  --------  ----  --------
  FLASH                 00000000   00040000  000035f0  0003ca10  R  X
  SRAM                  20000000   00008000  000008a1  0000775f  RW X


SEGMENT ALLOCATION MAP

run origin  load origin   length   init length attrs members
----------  ----------- ---------- ----------- ----- -------
00000000    00000000    000035f8   000035f8    r-x
  00000000    00000000    0000026c   0000026c    r-- .intvecs
  0000026c    0000026c    00002ed8   00002ed8    r-x .text
  00003148    00003148    0000045c   0000045c    r-- .const
  000035a8    000035a8    00000050   00000050    r-- .cinit
20000000    20000000    000008a4   00000000    rw-
  20000000    20000000    0000026c   00000000    rw- .vtable
  2000026c    2000026c    00000409   00000000    rw- .bss
  20000678    20000678    00000200   00000000    rw- .stack
  20000878    20000878    0000002c   00000000    rw- .data


SECTION ALLOCATION MAP

 output                                  attributes/
section   page    origin      length       input sections
--------  ----  ----------  ----------   ----------------
.intvecs   0    00000000    0000026c     
                  00000000    0000026c     tm4c123gh6pm_startup_ccs.obj (.intvecs)

.text      0    0000026c    00002ed8     
                  0000026c    000009f4     main.obj (.text)
                  00000c60    00000738     rtsv7M4_T_le_v4SPD16_eabi.lib : k_rem_pio2.obj (.text)
                  00001398    000005c4                                   : s_sin.obj (.text)
                  0000195c    0000021e                                   : ll_div_t2.obj (.text)
                  00001b7a    000001b6                                   : fd_add_t2.obj (.text)
                  00001d30    00000174                                   : k_sin.obj (.text)
                  00001ea4    0000016c                                   : k_cos.obj (.text)
                  00002010    00000136                                   : fd_div_t2.obj (.text)
                  00002146    00000132     driverlib.lib : gpio.obj (.text:GPIOPadConfigSet)
                  00002278    00000110                   : sysctl.obj (.text:SysCtlClockGet)
                  00002388    000000fc     rtsv7M4_T_le_v4SPD16_eabi.lib : fd_mul_t2.obj (.text)
                  00002484    000000fc                                   : s_scalbn.obj (.text)
                  00002580    000000f8                                   : s_floor.obj (.text)
                  00002678    000000f4     driverlib.lib : sysctl.obj (.text:SysCtlClockSet)
                  0000276c    0000009c     rtsv7M4_T_le_v4SPD16_eabi.lib : memcpy_t2.obj (.text)
                  00002808    00000086                                   : fd_cmp_t2.obj (.text:__aeabi_cdcmple)
                  0000288e    00000086                                   : fd_cmp_t2.obj (.text:__aeabi_cdrcmple)
                  00002914    0000007a     driverlib.lib : adc.obj (.text:ADCSequenceStepConfigure)
                  0000298e    0000007a     rtsv7M4_T_le_v4SPD16_eabi.lib : memset_t2.obj (.text)
                  00002a08    00000070                                   : autoinit.obj (.text)
                  00002a78    00000068     driverlib.lib : interrupt.obj (.text:IntEnable)
                  00002ae0    00000068     rtsv7M4_T_le_v4SPD16_eabi.lib : copy_decompress_lzss.obj (.text:decompress:lzss)
                  00002b48    00000056     driverlib.lib : gpio.obj (.text:GPIOIntTypeSet)
                  00002b9e    00000002     rtsv7M4_T_le_v4SPD16_eabi.lib : l_div0.obj (.text)
                  00002ba0    00000054                                   : boot.obj (.text)
                  00002bf4    00000054                                   : exit.obj (.text)
                  00002c48    00000050     driverlib.lib : adc.obj (.text:ADCSequenceConfigure)
                  00002c98    0000004c     rtsv7M4_T_le_v4SPD16_eabi.lib : cpy_tbl.obj (.text)
                  00002ce4    00000048     driverlib.lib : gpio.obj (.text:GPIOPinConfigure)
                  00002d2c    00000048     rtsv7M4_T_le_v4SPD16_eabi.lib : fd_toi_t2.obj (.text)
                  00002d74    00000046     driverlib.lib : uart.obj (.text:UARTConfigSetExpClk)
                  00002dba    00000002     rtsv7M4_T_le_v4SPD16_eabi.lib : mpu_init.obj (.text)
                  00002dbc    00000044     driverlib.lib : gpio.obj (.text:_GPIOIntNumberGet)
                  00002e00    00000044     rtsv7M4_T_le_v4SPD16_eabi.lib : fd_tou_t2.obj (.text)
                  00002e44    00000034     driverlib.lib : interrupt.obj (.text:IntRegister)
                  00002e78    00000034                   : sysctl.obj (.text:SysCtlPeripheralEnable)
                  00002eac    0000002e                   : adc.obj (.text:ADCIntStatus)
                  00002eda    0000002e     rtsv7M4_T_le_v4SPD16_eabi.lib : i_tofd_t2.obj (.text)
                  00002f08    0000002a     driverlib.lib : gpio.obj (.text:GPIODirModeSet)
                  00002f32    00000002     rtsv7M4_T_le_v4SPD16_eabi.lib : startup.obj (.text)
                  00002f34    00000020     driverlib.lib : uart.obj (.text:UARTDisable)
                  00002f54    00000020     rtsv7M4_T_le_v4SPD16_eabi.lib : u_tofd_t2.obj (.text)
                  00002f74    0000001e     driverlib.lib : adc.obj (.text:ADCSequenceDataGet)
                  00002f92    00000018                   : adc.obj (.text:ADCProcessorTrigger)
                  00002faa    00000018                   : gpio.obj (.text:GPIOIntRegister)
                  00002fc2    00000018                   : gpio.obj (.text:GPIOPinTypeGPIOOutput)
                  00002fda    00000002     --HOLE-- [fill = 0]
                  00002fdc    00000018     rtsv7M4_T_le_v4SPD16_eabi.lib : args_main.obj (.text)
                  00002ff4    00000014     driverlib.lib : uart.obj (.text:UARTEnable)
                  00003008    00000014     rtsv7M4_T_le_v4SPD16_eabi.lib : _lock.obj (.text)
                  0000301c    00000014                                   : s_copysign.obj (.text)
                  00003030    00000012     driverlib.lib : gpio.obj (.text:GPIOPinTypeADC)
                  00003042    00000012                   : gpio.obj (.text:GPIOPinTypeGPIOInput)
                  00003054    00000012                   : gpio.obj (.text:GPIOPinTypeUART)
                  00003066    00000010                   : interrupt.obj (.text:IntMasterEnable)
                  00003076    0000000e                   : adc.obj (.text:ADCHardwareOversampleConfigure)
                  00003084    0000000e                   : adc.obj (.text:ADCSequenceEnable)
                  00003092    0000000e                   : gpio.obj (.text:GPIOIntDisable)
                  000030a0    0000000e                   : gpio.obj (.text:GPIOIntStatus)
                  000030ae    0000000e                   : uart.obj (.text:UARTCharsAvail)
                  000030bc    0000000e     rtsv7M4_T_le_v4SPD16_eabi.lib : copy_decompress_none.obj (.text:decompress:none)
                  000030ca    0000000c     driverlib.lib : cpu.obj (.text:CPUcpsie)
                  000030d6    0000000c                   : gpio.obj (.text:GPIOIntEnable)
                  000030e2    0000000c     rtsv7M4_T_le_v4SPD16_eabi.lib : copy_zero_init.obj (.text:decompress:ZI)
                  000030ee    0000000c     tm4c123gh6pm_startup_ccs.obj (.text)
                  000030fa    0000000a     driverlib.lib : adc.obj (.text:ADCIntClear)
                  00003104    0000000a                   : uart.obj (.text:UARTCharGet)
                  0000310e    0000000a                   : uart.obj (.text:UARTCharPut)
                  00003118    0000000a                   : uart.obj (.text:UARTIntStatus)
                  00003122    00000008                   : uart.obj (.text:UARTIntEnable)
                  0000312a    00000006                   : gpio.obj (.text:GPIOIntClear)
                  00003130    00000006                   : gpio.obj (.text:GPIOPinWrite)
                  00003136    00000006                   : sysctl.obj (.text:SysCtlDelay)
                  0000313c    00000004                   : uart.obj (.text:UARTIntClear)
                  00003140    00000004     rtsv7M4_T_le_v4SPD16_eabi.lib : pre_init.obj (.text)

.const     0    00003148    0000045c     
                  00003148    00000158     rtsv7M4_T_le_v4SPD16_eabi.lib : k_rem_pio2.obj (.const:$O1$$)
                  000032a0    000000d8     driverlib.lib : gpio.obj (.const:g_ppui32GPIOIntMapSnowflake)
                  00003378    000000c0                   : gpio.obj (.const:g_ppui32GPIOIntMapBlizzard)
                  00003438    00000090                   : gpio.obj (.const:g_pui32GPIOBaseAddrs)
                  000034c8    00000070                   : interrupt.obj (.const)
                  00003538    0000006c                   : sysctl.obj (.const:g_pui32Xtals)

.cinit     0    000035a8    00000050     
                  000035a8    00000017     (.cinit..data.load) [load image, compression = lzss]
                  000035bf    00000001     --HOLE-- [fill = 0]
                  000035c0    0000000c     (__TI_handler_table)
                  000035cc    00000004     --HOLE-- [fill = 0]
                  000035d0    00000008     (.cinit..bss.load) [load image, compression = zero_init]
                  000035d8    00000008     (.cinit..vtable.load) [load image, compression = zero_init]
                  000035e0    00000018     (__TI_cinit_table)

.init_array 
*          0    00000000    00000000     UNINITIALIZED

.vtable    0    20000000    0000026c     UNINITIALIZED
                  20000000    0000026c     driverlib.lib : interrupt.obj (.vtable)

.bss       0    2000026c    00000409     UNINITIALIZED
                  2000026c    00000400     (.common:samples)
                  2000066c    00000004     (.common:frequencyReg)
                  20000670    00000004     (.common:phaseAccumulatorReg)
                  20000674    00000001     (.common:ch)

.stack     0    20000678    00000200     UNINITIALIZED
                  20000678    00000200     --HOLE--

.data      0    20000878    0000002c     UNINITIALIZED
                  20000878    00000010     main.obj (.data)
                  20000888    0000000c     rtsv7M4_T_le_v4SPD16_eabi.lib : exit.obj (.data:$O1$$)
                  20000894    00000008                                   : _lock.obj (.data:$O1$$)
                  2000089c    00000004                                   : errno.obj (.data)
                  200008a0    00000004                                   : stkdepth_vars.obj (.data)

MODULE SUMMARY

       Module                         code    ro data   rw data
       ------                         ----    -------   -------
    .\
       main.obj                       2548    0         1049   
       tm4c123gh6pm_startup_ccs.obj   12      620       0      
    +--+------------------------------+-------+---------+---------+
       Total:                         2560    620       1049   
                                                               
    ../driverlib.lib
       gpio.obj                       728     552       0      
       interrupt.obj                  172     112       620    
       sysctl.obj                     574     108       0      
       adc.obj                        340     0         0      
       uart.obj                       178     0         0      
       cpu.obj                        12      0         0      
    +--+------------------------------+-------+---------+---------+
       Total:                         2004    772       620    
                                                               
    C:\ti\ccsv7\tools\compiler\ti-cgt-arm_16.9.1.LTS\lib\rtsv7M4_T_le_v4SPD16_eabi.lib
       k_rem_pio2.obj                 1848    344       0      
       s_sin.obj                      1476    0         0      
       ll_div_t2.obj                  542     0         0      
       fd_add_t2.obj                  438     0         0      
       k_sin.obj                      372     0         0      
       k_cos.obj                      364     0         0      
       fd_div_t2.obj                  310     0         0      
       fd_cmp_t2.obj                  268     0         0      
       fd_mul_t2.obj                  252     0         0      
       s_scalbn.obj                   252     0         0      
       s_floor.obj                    248     0         0      
       memcpy_t2.obj                  156     0         0      
       memset_t2.obj                  122     0         0      
       autoinit.obj                   112     0         0      
       copy_decompress_lzss.obj       104     0         0      
       exit.obj                       84      0         12     
       boot.obj                       84      0         0      
       cpy_tbl.obj                    76      0         0      
       fd_toi_t2.obj                  72      0         0      
       fd_tou_t2.obj                  68      0         0      
       i_tofd_t2.obj                  46      0         0      
       u_tofd_t2.obj                  32      0         0      
       _lock.obj                      20      0         8      
       args_main.obj                  24      0         0      
       s_copysign.obj                 20      0         0      
       copy_decompress_none.obj       14      0         0      
       copy_zero_init.obj             12      0         0      
       errno.obj                      0       0         4      
       pre_init.obj                   4       0         0      
       stkdepth_vars.obj              0       0         4      
       l_div0.obj                     2       0         0      
       mpu_init.obj                   2       0         0      
       startup.obj                    2       0         0      
    +--+------------------------------+-------+---------+---------+
       Total:                         7426    344       28     
                                                               
       Stack:                         0       0         512    
       Linker Generated:              0       75        0      
    +--+------------------------------+-------+---------+---------+
       Grand Total:                   11990   1811      2209   


LINKER GENERATED COPY TABLES

__TI_cinit_table @ 000035e0 records: 3, size/record: 8, table size: 24
	.data: load addr=000035a8, load size=00000017 bytes, run addr=20000878, run size=0000002c bytes, compression=lzss
	.bss: load addr=000035d0, load size=00000008 bytes, run addr=2000026c, run size=00000409 bytes, compression=zero_init
	.vtable: load addr=000035d8, load size=00000008 bytes, run addr=20000000, run size=0000026c bytes, compression=zero_init


LINKER GENERATED HANDLER TABLE

__TI_handler_table @ 000035c0 records: 3, size/record: 4, table size: 12
	index: 0, handler: __TI_zero_init
	index: 1, handler: __TI_decompress_lzss
	index: 2, handler: __TI_decompress_none


GLOBAL SYMBOLS: SORTED ALPHABETICALLY BY Name 

address   name                           
-------   ----                           
00000761  ADC0Enable                     
00003077  ADCHardwareOversampleConfigure 
000030fb  ADCIntClear                    
00002ead  ADCIntStatus                   
00002f93  ADCProcessorTrigger            
00002c49  ADCSequenceConfigure           
00002f75  ADCSequenceDataGet             
00003085  ADCSequenceEnable              
00002915  ADCSequenceStepConfigure       
00002bf5  C$$EXIT                        
000030cb  CPUcpsie                       
00002f09  GPIODirModeSet                 
0000312b  GPIOIntClear                   
00003093  GPIOIntDisable                 
000030d7  GPIOIntEnable                  
00002fab  GPIOIntRegister                
000030a1  GPIOIntStatus                  
00002b49  GPIOIntTypeSet                 
00002147  GPIOPadConfigSet               
00002ce5  GPIOPinConfigure               
00003031  GPIOPinTypeADC                 
00003043  GPIOPinTypeGPIOInput           
00002fc3  GPIOPinTypeGPIOOutput          
00003055  GPIOPinTypeUART                
00003131  GPIOPinWrite                   
00002a79  IntEnable                      
00003067  IntMasterEnable                
00002e45  IntRegister                    
000030ef  ResetISR                       
UNDEFED   SHT$$INIT_ARRAY$$Base          
UNDEFED   SHT$$INIT_ARRAY$$Limit         
00002279  SysCtlClockGet                 
00002679  SysCtlClockSet                 
00003137  SysCtlDelay                    
00002e79  SysCtlPeripheralEnable         
00003105  UARTCharGet                    
0000310f  UARTCharPut                    
000030af  UARTCharsAvail                 
00002d75  UARTConfigSetExpClk            
00002f35  UARTDisable                    
00002ff5  UARTEnable                     
0000313d  UARTIntClear                   
00003123  UARTIntEnable                  
0000072b  UARTIntHandler                 
00003119  UARTIntStatus                  
20000878  __STACK_END                    
00000200  __STACK_SIZE                   
20000878  __STACK_TOP                    
000035e0  __TI_CINIT_Base                
000035f8  __TI_CINIT_Limit               
000035c0  __TI_Handler_Table_Base        
000035cc  __TI_Handler_Table_Limit       
00002a09  __TI_auto_init                 
20000888  __TI_cleanup_ptr               
00002ae1  __TI_decompress_lzss           
000030bd  __TI_decompress_none           
2000088c  __TI_dtors_ptr                 
20000890  __TI_enable_exit_profile_output
ffffffff  __TI_pprof_out_hndl            
ffffffff  __TI_prof_data_size            
ffffffff  __TI_prof_data_start           
00000000  __TI_static_base__             
000030e3  __TI_zero_init                 
00002809  __aeabi_cdcmpeq                
00002809  __aeabi_cdcmple                
0000288f  __aeabi_cdrcmple               
00002d2d  __aeabi_d2iz                   
00002e01  __aeabi_d2uiz                  
00001b85  __aeabi_dadd                   
00002011  __aeabi_ddiv                   
00002389  __aeabi_dmul                   
00001b7b  __aeabi_dsub                   
00002edb  __aeabi_i2d                    
00002b9f  __aeabi_ldiv0                  
0000195d  __aeabi_ldivmod                
0000298f  __aeabi_memclr                 
0000298f  __aeabi_memclr4                
0000298f  __aeabi_memclr8                
0000276d  __aeabi_memcpy                 
0000276d  __aeabi_memcpy4                
0000276d  __aeabi_memcpy8                
00002991  __aeabi_memset                 
00002991  __aeabi_memset4                
00002991  __aeabi_memset8                
00002f55  __aeabi_ui2d                   
ffffffff  __binit__                      
ffffffff  __c_args__                     
00001ea5  __kernel_cos                   
00000c61  __kernel_rem_pio2              
00001d31  __kernel_sin                   
00002dbb  __mpu_init                     
20000678  __stack                        
00002fdd  _args_main                     
00002ba1  _c_int00                       
00000477  _delay_ms                      
00000493  _delay_us                      
20000894  _lock                          
00003017  _nop                           
0000300f  _register_lock                 
00003009  _register_unlock               
00002f33  _system_post_cinit             
00003141  _system_pre_init               
20000898  _unlock                        
00002bf9  abort                          
ffffffff  binit                          
0000065d  calculateSamples               
000008b1  calculateSamplesRamp           
00000845  calculateSamplesSine           
000007fd  calculateSamplesSquare         
00000919  calculateSamplesTriangle       
20000674  ch                             
00002c99  copy_in                        
0000301d  copysign                       
0000301d  copysignl                      
20000878  cursorPositionCheck            
2000089c  errno                          
00002c01  exit                           
00002581  floor                          
00002581  floorl                         
2000087a  frequencyMode                  
2000087c  frequencyModeChangeFine        
2000087b  frequencyModeChangeLarge       
20000884  frequencyModeVariable          
2000066c  frequencyReg                   
20000880  frequencyVariable              
000004ad  func                           
20000000  g_pfnRAMVectors                
00000000  g_pfnVectors                   
0000098d  interruptEnable                
000009cd  interruptEncountered           
2000087d  interruptTriggered             
00000453  lcdCheck                       
0000043b  lcdClear                       
00000297  lcdCommand                     
00000327  lcdData                        
0000040b  lcdGotoxy                      
0000026d  lcdInit                        
000003ed  lcdInteger                     
000003c1  lcdString                      
00002485  ldexp                          
00002485  ldexpl                         
00000599  main                           
200008a0  main_func_sp                   
0000276d  memcpy                         
00002997  memset                         
00000665  peripheralEnable               
20000670  phaseAccumulatorReg            
00000615  portInit                       
000007b5  readADC                        
2000026c  samples                        
00002485  scalbn                         
00002485  scalbnl                        
00001399  sin                            
00001399  sinl                           
000006bb  tranString                     
0000068d  uartEnable                     
000006ef  uartInteger                    
00000715  uartInterruptEnable            
00000aa5  userInterface                  
20000879  waveMode                       


GLOBAL SYMBOLS: SORTED BY Symbol Address 

address   name                           
-------   ----                           
00000000  __TI_static_base__             
00000000  g_pfnVectors                   
00000200  __STACK_SIZE                   
0000026d  lcdInit                        
00000297  lcdCommand                     
00000327  lcdData                        
000003c1  lcdString                      
000003ed  lcdInteger                     
0000040b  lcdGotoxy                      
0000043b  lcdClear                       
00000453  lcdCheck                       
00000477  _delay_ms                      
00000493  _delay_us                      
000004ad  func                           
00000599  main                           
00000615  portInit                       
0000065d  calculateSamples               
00000665  peripheralEnable               
0000068d  uartEnable                     
000006bb  tranString                     
000006ef  uartInteger                    
00000715  uartInterruptEnable            
0000072b  UARTIntHandler                 
00000761  ADC0Enable                     
000007b5  readADC                        
000007fd  calculateSamplesSquare         
00000845  calculateSamplesSine           
000008b1  calculateSamplesRamp           
00000919  calculateSamplesTriangle       
0000098d  interruptEnable                
000009cd  interruptEncountered           
00000aa5  userInterface                  
00000c61  __kernel_rem_pio2              
00001399  sin                            
00001399  sinl                           
0000195d  __aeabi_ldivmod                
00001b7b  __aeabi_dsub                   
00001b85  __aeabi_dadd                   
00001d31  __kernel_sin                   
00001ea5  __kernel_cos                   
00002011  __aeabi_ddiv                   
00002147  GPIOPadConfigSet               
00002279  SysCtlClockGet                 
00002389  __aeabi_dmul                   
00002485  ldexp                          
00002485  ldexpl                         
00002485  scalbn                         
00002485  scalbnl                        
00002581  floor                          
00002581  floorl                         
00002679  SysCtlClockSet                 
0000276d  __aeabi_memcpy                 
0000276d  __aeabi_memcpy4                
0000276d  __aeabi_memcpy8                
0000276d  memcpy                         
00002809  __aeabi_cdcmpeq                
00002809  __aeabi_cdcmple                
0000288f  __aeabi_cdrcmple               
00002915  ADCSequenceStepConfigure       
0000298f  __aeabi_memclr                 
0000298f  __aeabi_memclr4                
0000298f  __aeabi_memclr8                
00002991  __aeabi_memset                 
00002991  __aeabi_memset4                
00002991  __aeabi_memset8                
00002997  memset                         
00002a09  __TI_auto_init                 
00002a79  IntEnable                      
00002ae1  __TI_decompress_lzss           
00002b49  GPIOIntTypeSet                 
00002b9f  __aeabi_ldiv0                  
00002ba1  _c_int00                       
00002bf5  C$$EXIT                        
00002bf9  abort                          
00002c01  exit                           
00002c49  ADCSequenceConfigure           
00002c99  copy_in                        
00002ce5  GPIOPinConfigure               
00002d2d  __aeabi_d2iz                   
00002d75  UARTConfigSetExpClk            
00002dbb  __mpu_init                     
00002e01  __aeabi_d2uiz                  
00002e45  IntRegister                    
00002e79  SysCtlPeripheralEnable         
00002ead  ADCIntStatus                   
00002edb  __aeabi_i2d                    
00002f09  GPIODirModeSet                 
00002f33  _system_post_cinit             
00002f35  UARTDisable                    
00002f55  __aeabi_ui2d                   
00002f75  ADCSequenceDataGet             
00002f93  ADCProcessorTrigger            
00002fab  GPIOIntRegister                
00002fc3  GPIOPinTypeGPIOOutput          
00002fdd  _args_main                     
00002ff5  UARTEnable                     
00003009  _register_unlock               
0000300f  _register_lock                 
00003017  _nop                           
0000301d  copysign                       
0000301d  copysignl                      
00003031  GPIOPinTypeADC                 
00003043  GPIOPinTypeGPIOInput           
00003055  GPIOPinTypeUART                
00003067  IntMasterEnable                
00003077  ADCHardwareOversampleConfigure 
00003085  ADCSequenceEnable              
00003093  GPIOIntDisable                 
000030a1  GPIOIntStatus                  
000030af  UARTCharsAvail                 
000030bd  __TI_decompress_none           
000030cb  CPUcpsie                       
000030d7  GPIOIntEnable                  
000030e3  __TI_zero_init                 
000030ef  ResetISR                       
000030fb  ADCIntClear                    
00003105  UARTCharGet                    
0000310f  UARTCharPut                    
00003119  UARTIntStatus                  
00003123  UARTIntEnable                  
0000312b  GPIOIntClear                   
00003131  GPIOPinWrite                   
00003137  SysCtlDelay                    
0000313d  UARTIntClear                   
00003141  _system_pre_init               
000035c0  __TI_Handler_Table_Base        
000035cc  __TI_Handler_Table_Limit       
000035e0  __TI_CINIT_Base                
000035f8  __TI_CINIT_Limit               
20000000  g_pfnRAMVectors                
2000026c  samples                        
2000066c  frequencyReg                   
20000670  phaseAccumulatorReg            
20000674  ch                             
20000678  __stack                        
20000878  __STACK_END                    
20000878  __STACK_TOP                    
20000878  cursorPositionCheck            
20000879  waveMode                       
2000087a  frequencyMode                  
2000087b  frequencyModeChangeLarge       
2000087c  frequencyModeChangeFine        
2000087d  interruptTriggered             
20000880  frequencyVariable              
20000884  frequencyModeVariable          
20000888  __TI_cleanup_ptr               
2000088c  __TI_dtors_ptr                 
20000890  __TI_enable_exit_profile_output
20000894  _lock                          
20000898  _unlock                        
2000089c  errno                          
200008a0  main_func_sp                   
ffffffff  __TI_pprof_out_hndl            
ffffffff  __TI_prof_data_size            
ffffffff  __TI_prof_data_start           
ffffffff  __binit__                      
ffffffff  __c_args__                     
ffffffff  binit                          
UNDEFED   SHT$$INIT_ARRAY$$Base          
UNDEFED   SHT$$INIT_ARRAY$$Limit         

[160 symbols]
