******************************************************************************
                  TI ARM Linker PC v16.9.1                     
******************************************************************************
>> Linked Mon Oct 30 01:55:28 2017

OUTPUT FILE NAME:   <WaveformGen.out>
ENTRY POINT SYMBOL: "_c_int00"  address: 00002bf9


MEMORY CONFIGURATION

         name            origin    length      used     unused   attr    fill
----------------------  --------  ---------  --------  --------  ----  --------
  FLASH                 00000000   00040000  00003648  0003c9b8  R  X
  SRAM                  20000000   00008000  000005a0  00007a60  RW X


SEGMENT ALLOCATION MAP

run origin  load origin   length   init length attrs members
----------  ----------- ---------- ----------- ----- -------
00000000    00000000    00003650   00003650    r-x
  00000000    00000000    0000026c   0000026c    r-- .intvecs
  0000026c    0000026c    00002f30   00002f30    r-x .text
  000031a0    000031a0    0000045c   0000045c    r-- .const
  00003600    00003600    00000050   00000050    r-- .cinit
20000000    20000000    000005a0   00000000    rw-
  20000000    20000000    0000026c   00000000    rw- .vtable
  2000026c    2000026c    00000200   00000000    rw- .stack
  2000046c    2000046c    00000108   00000000    rw- .bss
  20000574    20000574    0000002c   00000000    rw- .data


SECTION ALLOCATION MAP

 output                                  attributes/
section   page    origin      length       input sections
--------  ----  ----------  ----------   ----------------
.intvecs   0    00000000    0000026c     
                  00000000    0000026c     tm4c123gh6pm_startup_ccs.obj (.intvecs)

.text      0    0000026c    00002f30     
                  0000026c    00000a4c     main.obj (.text)
                  00000cb8    00000738     rtsv7M4_T_le_v4SPD16_eabi.lib : k_rem_pio2.obj (.text)
                  000013f0    000005c4                                   : s_sin.obj (.text)
                  000019b4    0000021e                                   : ll_div_t2.obj (.text)
                  00001bd2    000001b6                                   : fd_add_t2.obj (.text)
                  00001d88    00000174                                   : k_sin.obj (.text)
                  00001efc    0000016c                                   : k_cos.obj (.text)
                  00002068    00000136                                   : fd_div_t2.obj (.text)
                  0000219e    00000132     driverlib.lib : gpio.obj (.text:GPIOPadConfigSet)
                  000022d0    00000110                   : sysctl.obj (.text:SysCtlClockGet)
                  000023e0    000000fc     rtsv7M4_T_le_v4SPD16_eabi.lib : fd_mul_t2.obj (.text)
                  000024dc    000000fc                                   : s_scalbn.obj (.text)
                  000025d8    000000f8                                   : s_floor.obj (.text)
                  000026d0    000000f4     driverlib.lib : sysctl.obj (.text:SysCtlClockSet)
                  000027c4    0000009c     rtsv7M4_T_le_v4SPD16_eabi.lib : memcpy_t2.obj (.text)
                  00002860    00000086                                   : fd_cmp_t2.obj (.text:__aeabi_cdcmple)
                  000028e6    00000086                                   : fd_cmp_t2.obj (.text:__aeabi_cdrcmple)
                  0000296c    0000007a     driverlib.lib : adc.obj (.text:ADCSequenceStepConfigure)
                  000029e6    0000007a     rtsv7M4_T_le_v4SPD16_eabi.lib : memset_t2.obj (.text)
                  00002a60    00000070                                   : autoinit.obj (.text)
                  00002ad0    00000068     driverlib.lib : interrupt.obj (.text:IntEnable)
                  00002b38    00000068     rtsv7M4_T_le_v4SPD16_eabi.lib : copy_decompress_lzss.obj (.text:decompress:lzss)
                  00002ba0    00000056     driverlib.lib : gpio.obj (.text:GPIOIntTypeSet)
                  00002bf6    00000002     rtsv7M4_T_le_v4SPD16_eabi.lib : l_div0.obj (.text)
                  00002bf8    00000054                                   : boot.obj (.text)
                  00002c4c    00000054                                   : exit.obj (.text)
                  00002ca0    00000050     driverlib.lib : adc.obj (.text:ADCSequenceConfigure)
                  00002cf0    0000004c     rtsv7M4_T_le_v4SPD16_eabi.lib : cpy_tbl.obj (.text)
                  00002d3c    00000048     driverlib.lib : gpio.obj (.text:GPIOPinConfigure)
                  00002d84    00000048     rtsv7M4_T_le_v4SPD16_eabi.lib : fd_toi_t2.obj (.text)
                  00002dcc    00000046     driverlib.lib : uart.obj (.text:UARTConfigSetExpClk)
                  00002e12    00000002     rtsv7M4_T_le_v4SPD16_eabi.lib : mpu_init.obj (.text)
                  00002e14    00000044     driverlib.lib : gpio.obj (.text:_GPIOIntNumberGet)
                  00002e58    00000044     rtsv7M4_T_le_v4SPD16_eabi.lib : fd_tou_t2.obj (.text)
                  00002e9c    00000034     driverlib.lib : interrupt.obj (.text:IntRegister)
                  00002ed0    00000034                   : sysctl.obj (.text:SysCtlPeripheralEnable)
                  00002f04    0000002e                   : adc.obj (.text:ADCIntStatus)
                  00002f32    0000002e     rtsv7M4_T_le_v4SPD16_eabi.lib : i_tofd_t2.obj (.text)
                  00002f60    0000002a     driverlib.lib : gpio.obj (.text:GPIODirModeSet)
                  00002f8a    00000002     rtsv7M4_T_le_v4SPD16_eabi.lib : startup.obj (.text)
                  00002f8c    00000020     driverlib.lib : uart.obj (.text:UARTDisable)
                  00002fac    00000020     rtsv7M4_T_le_v4SPD16_eabi.lib : u_tofd_t2.obj (.text)
                  00002fcc    0000001e     driverlib.lib : adc.obj (.text:ADCSequenceDataGet)
                  00002fea    00000018                   : adc.obj (.text:ADCProcessorTrigger)
                  00003002    00000018                   : gpio.obj (.text:GPIOIntRegister)
                  0000301a    00000018                   : gpio.obj (.text:GPIOPinTypeGPIOOutput)
                  00003032    00000002     --HOLE-- [fill = 0]
                  00003034    00000018     rtsv7M4_T_le_v4SPD16_eabi.lib : args_main.obj (.text)
                  0000304c    00000014     driverlib.lib : uart.obj (.text:UARTEnable)
                  00003060    00000014     rtsv7M4_T_le_v4SPD16_eabi.lib : _lock.obj (.text)
                  00003074    00000014                                   : s_copysign.obj (.text)
                  00003088    00000012     driverlib.lib : gpio.obj (.text:GPIOPinTypeADC)
                  0000309a    00000012                   : gpio.obj (.text:GPIOPinTypeGPIOInput)
                  000030ac    00000012                   : gpio.obj (.text:GPIOPinTypeUART)
                  000030be    00000010                   : interrupt.obj (.text:IntMasterEnable)
                  000030ce    0000000e                   : adc.obj (.text:ADCHardwareOversampleConfigure)
                  000030dc    0000000e                   : adc.obj (.text:ADCSequenceEnable)
                  000030ea    0000000e                   : gpio.obj (.text:GPIOIntDisable)
                  000030f8    0000000e                   : gpio.obj (.text:GPIOIntStatus)
                  00003106    0000000e                   : uart.obj (.text:UARTCharsAvail)
                  00003114    0000000e     rtsv7M4_T_le_v4SPD16_eabi.lib : copy_decompress_none.obj (.text:decompress:none)
                  00003122    0000000c     driverlib.lib : cpu.obj (.text:CPUcpsie)
                  0000312e    0000000c                   : gpio.obj (.text:GPIOIntEnable)
                  0000313a    0000000c     rtsv7M4_T_le_v4SPD16_eabi.lib : copy_zero_init.obj (.text:decompress:ZI)
                  00003146    0000000c     tm4c123gh6pm_startup_ccs.obj (.text)
                  00003152    0000000a     driverlib.lib : adc.obj (.text:ADCIntClear)
                  0000315c    0000000a                   : uart.obj (.text:UARTCharGet)
                  00003166    0000000a                   : uart.obj (.text:UARTCharPut)
                  00003170    0000000a                   : uart.obj (.text:UARTIntStatus)
                  0000317a    00000008                   : uart.obj (.text:UARTIntEnable)
                  00003182    00000006                   : gpio.obj (.text:GPIOIntClear)
                  00003188    00000006                   : gpio.obj (.text:GPIOPinWrite)
                  0000318e    00000006                   : sysctl.obj (.text:SysCtlDelay)
                  00003194    00000004                   : uart.obj (.text:UARTIntClear)
                  00003198    00000004     rtsv7M4_T_le_v4SPD16_eabi.lib : pre_init.obj (.text)

.const     0    000031a0    0000045c     
                  000031a0    00000158     rtsv7M4_T_le_v4SPD16_eabi.lib : k_rem_pio2.obj (.const:$O1$$)
                  000032f8    000000d8     driverlib.lib : gpio.obj (.const:g_ppui32GPIOIntMapSnowflake)
                  000033d0    000000c0                   : gpio.obj (.const:g_ppui32GPIOIntMapBlizzard)
                  00003490    00000090                   : gpio.obj (.const:g_pui32GPIOBaseAddrs)
                  00003520    00000070                   : interrupt.obj (.const)
                  00003590    0000006c                   : sysctl.obj (.const:g_pui32Xtals)

.cinit     0    00003600    00000050     
                  00003600    00000016     (.cinit..data.load) [load image, compression = lzss]
                  00003616    00000002     --HOLE-- [fill = 0]
                  00003618    0000000c     (__TI_handler_table)
                  00003624    00000004     --HOLE-- [fill = 0]
                  00003628    00000008     (.cinit..bss.load) [load image, compression = zero_init]
                  00003630    00000008     (.cinit..vtable.load) [load image, compression = zero_init]
                  00003638    00000018     (__TI_cinit_table)

.init_array 
*          0    00000000    00000000     UNINITIALIZED

.vtable    0    20000000    0000026c     UNINITIALIZED
                  20000000    0000026c     driverlib.lib : interrupt.obj (.vtable)

.stack     0    2000026c    00000200     UNINITIALIZED
                  2000026c    00000200     --HOLE--

.bss       0    2000046c    00000108     UNINITIALIZED
                  2000046c    00000100     (.common:samples)
                  2000056c    00000004     (.common:frequencyReg)
                  20000570    00000004     (.common:phaseAccumulatorReg)

.data      0    20000574    0000002c     UNINITIALIZED
                  20000574    00000010     main.obj (.data)
                  20000584    0000000c     rtsv7M4_T_le_v4SPD16_eabi.lib : exit.obj (.data:$O1$$)
                  20000590    00000008                                   : _lock.obj (.data:$O1$$)
                  20000598    00000004                                   : errno.obj (.data)
                  2000059c    00000004                                   : stkdepth_vars.obj (.data)

MODULE SUMMARY

       Module                         code    ro data   rw data
       ------                         ----    -------   -------
    .\
       main.obj                       2636    0         280    
       tm4c123gh6pm_startup_ccs.obj   12      620       0      
    +--+------------------------------+-------+---------+---------+
       Total:                         2648    620       280    
                                                               
    ../driverlib.lib
       gpio.obj                       728     552       0      
       interrupt.obj                  172     112       620    
       sysctl.obj                     574     108       0      
       adc.obj                        340     0         0      
       uart.obj                       178     0         0      
       cpu.obj                        12      0         0      
    +--+------------------------------+-------+---------+---------+
       Total:                         2004    772       620    
                                                               
    C:\ti\ccsv7\tools\compiler\ti-cgt-arm_16.9.1.LTS\lib\rtsv7M4_T_le_v4SPD16_eabi.lib
       k_rem_pio2.obj                 1848    344       0      
       s_sin.obj                      1476    0         0      
       ll_div_t2.obj                  542     0         0      
       fd_add_t2.obj                  438     0         0      
       k_sin.obj                      372     0         0      
       k_cos.obj                      364     0         0      
       fd_div_t2.obj                  310     0         0      
       fd_cmp_t2.obj                  268     0         0      
       fd_mul_t2.obj                  252     0         0      
       s_scalbn.obj                   252     0         0      
       s_floor.obj                    248     0         0      
       memcpy_t2.obj                  156     0         0      
       memset_t2.obj                  122     0         0      
       autoinit.obj                   112     0         0      
       copy_decompress_lzss.obj       104     0         0      
       exit.obj                       84      0         12     
       boot.obj                       84      0         0      
       cpy_tbl.obj                    76      0         0      
       fd_toi_t2.obj                  72      0         0      
       fd_tou_t2.obj                  68      0         0      
       i_tofd_t2.obj                  46      0         0      
       u_tofd_t2.obj                  32      0         0      
       _lock.obj                      20      0         8      
       args_main.obj                  24      0         0      
       s_copysign.obj                 20      0         0      
       copy_decompress_none.obj       14      0         0      
       copy_zero_init.obj             12      0         0      
       errno.obj                      0       0         4      
       pre_init.obj                   4       0         0      
       stkdepth_vars.obj              0       0         4      
       l_div0.obj                     2       0         0      
       mpu_init.obj                   2       0         0      
       startup.obj                    2       0         0      
    +--+------------------------------+-------+---------+---------+
       Total:                         7426    344       28     
                                                               
       Stack:                         0       0         512    
       Linker Generated:              0       74        0      
    +--+------------------------------+-------+---------+---------+
       Grand Total:                   12078   1810      1440   


LINKER GENERATED COPY TABLES

__TI_cinit_table @ 00003638 records: 3, size/record: 8, table size: 24
	.data: load addr=00003600, load size=00000016 bytes, run addr=20000574, run size=0000002c bytes, compression=lzss
	.bss: load addr=00003628, load size=00000008 bytes, run addr=2000046c, run size=00000108 bytes, compression=zero_init
	.vtable: load addr=00003630, load size=00000008 bytes, run addr=20000000, run size=0000026c bytes, compression=zero_init


LINKER GENERATED HANDLER TABLE

__TI_handler_table @ 00003618 records: 3, size/record: 4, table size: 12
	index: 0, handler: __TI_zero_init
	index: 1, handler: __TI_decompress_lzss
	index: 2, handler: __TI_decompress_none


GLOBAL SYMBOLS: SORTED ALPHABETICALLY BY Name 

address   name                           
-------   ----                           
00000753  ADC0Enable                     
000030cf  ADCHardwareOversampleConfigure 
00003153  ADCIntClear                    
00002f05  ADCIntStatus                   
00002feb  ADCProcessorTrigger            
00002ca1  ADCSequenceConfigure           
00002fcd  ADCSequenceDataGet             
000030dd  ADCSequenceEnable              
0000296d  ADCSequenceStepConfigure       
00002c4d  C$$EXIT                        
00003123  CPUcpsie                       
00002f61  GPIODirModeSet                 
00003183  GPIOIntClear                   
000030eb  GPIOIntDisable                 
0000312f  GPIOIntEnable                  
00003003  GPIOIntRegister                
000030f9  GPIOIntStatus                  
00002ba1  GPIOIntTypeSet                 
0000219f  GPIOPadConfigSet               
00002d3d  GPIOPinConfigure               
00003089  GPIOPinTypeADC                 
0000309b  GPIOPinTypeGPIOInput           
0000301b  GPIOPinTypeGPIOOutput          
000030ad  GPIOPinTypeUART                
00003189  GPIOPinWrite                   
00002ad1  IntEnable                      
000030bf  IntMasterEnable                
00002e9d  IntRegister                    
00003147  ResetISR                       
UNDEFED   SHT$$INIT_ARRAY$$Base          
UNDEFED   SHT$$INIT_ARRAY$$Limit         
000022d1  SysCtlClockGet                 
000026d1  SysCtlClockSet                 
0000318f  SysCtlDelay                    
00002ed1  SysCtlPeripheralEnable         
0000315d  UARTCharGet                    
00003167  UARTCharPut                    
00003107  UARTCharsAvail                 
00002dcd  UARTConfigSetExpClk            
00002f8d  UARTDisable                    
0000304d  UARTEnable                     
00003195  UARTIntClear                   
0000317b  UARTIntEnable                  
0000070d  UARTIntHandler                 
00003171  UARTIntStatus                  
2000046c  __STACK_END                    
00000200  __STACK_SIZE                   
2000046c  __STACK_TOP                    
00003638  __TI_CINIT_Base                
00003650  __TI_CINIT_Limit               
00003618  __TI_Handler_Table_Base        
00003624  __TI_Handler_Table_Limit       
00002a61  __TI_auto_init                 
20000584  __TI_cleanup_ptr               
00002b39  __TI_decompress_lzss           
00003115  __TI_decompress_none           
20000588  __TI_dtors_ptr                 
2000058c  __TI_enable_exit_profile_output
ffffffff  __TI_pprof_out_hndl            
ffffffff  __TI_prof_data_size            
ffffffff  __TI_prof_data_start           
00000000  __TI_static_base__             
0000313b  __TI_zero_init                 
00002861  __aeabi_cdcmpeq                
00002861  __aeabi_cdcmple                
000028e7  __aeabi_cdrcmple               
00002d85  __aeabi_d2iz                   
00002e59  __aeabi_d2uiz                  
00001bdd  __aeabi_dadd                   
00002069  __aeabi_ddiv                   
000023e1  __aeabi_dmul                   
00001bd3  __aeabi_dsub                   
00002f33  __aeabi_i2d                    
00002bf7  __aeabi_ldiv0                  
000019b5  __aeabi_ldivmod                
000029e7  __aeabi_memclr                 
000029e7  __aeabi_memclr4                
000029e7  __aeabi_memclr8                
000027c5  __aeabi_memcpy                 
000027c5  __aeabi_memcpy4                
000027c5  __aeabi_memcpy8                
000029e9  __aeabi_memset                 
000029e9  __aeabi_memset4                
000029e9  __aeabi_memset8                
00002fad  __aeabi_ui2d                   
ffffffff  __binit__                      
ffffffff  __c_args__                     
00001efd  __kernel_cos                   
00000cb9  __kernel_rem_pio2              
00001d89  __kernel_sin                   
00002e13  __mpu_init                     
2000026c  __stack                        
00003035  _args_main                     
00002bf9  _c_int00                       
00000477  _delay_ms                      
00000493  _delay_us                      
20000590  _lock                          
0000306f  _nop                           
00003067  _register_lock                 
00003061  _register_unlock               
00002f8b  _system_post_cinit             
00003199  _system_pre_init               
20000594  _unlock                        
00002c51  abort                          
ffffffff  binit                          
000009cd  calculateSamplesArbitrary      
00000981  calculateSamplesImpulse        
0000089f  calculateSamplesRamp           
00000837  calculateSamplesSine           
000007f1  calculateSamplesSquare         
00000911  calculateSamplesTriangle       
00002cf1  copy_in                        
00003075  copysign                       
00003075  copysignl                      
20000574  cursorPositionCheck            
20000598  errno                          
00002c59  exit                           
000025d9  floor                          
000025d9  floorl                         
20000576  frequencyMode                  
20000578  frequencyModeChangeFine        
20000577  frequencyModeChangeLarge       
20000580  frequencyModeVariable          
2000056c  frequencyReg                   
2000057c  frequencyVariable              
000004ad  func                           
20000000  g_pfnRAMVectors                
00000000  g_pfnVectors                   
2000057a  incomingSamples                
000009cf  interruptEnable                
00000a01  interruptEncountered           
20000579  interruptTriggered             
00000453  lcdCheck                       
0000043b  lcdClear                       
00000297  lcdCommand                     
00000327  lcdData                        
0000040b  lcdGotoxy                      
0000026d  lcdInit                        
000003ed  lcdInteger                     
000003c1  lcdString                      
000024dd  ldexp                          
000024dd  ldexpl                         
00000599  main                           
2000059c  main_func_sp                   
000027c5  memcpy                         
000029ef  memset                         
00000645  peripheralEnable               
20000570  phaseAccumulatorReg            
000005fd  portInit                       
000007a9  readADC                        
2000046c  samples                        
000024dd  scalbn                         
000024dd  scalbnl                        
000013f1  sin                            
000013f1  sinl                           
0000069d  tranString                     
00000669  uartEnable                     
000006d1  uartInteger                    
000006f7  uartInterruptEnable            
00000ae5  userInterface                  
20000575  waveMode                       


GLOBAL SYMBOLS: SORTED BY Symbol Address 

address   name                           
-------   ----                           
00000000  __TI_static_base__             
00000000  g_pfnVectors                   
00000200  __STACK_SIZE                   
0000026d  lcdInit                        
00000297  lcdCommand                     
00000327  lcdData                        
000003c1  lcdString                      
000003ed  lcdInteger                     
0000040b  lcdGotoxy                      
0000043b  lcdClear                       
00000453  lcdCheck                       
00000477  _delay_ms                      
00000493  _delay_us                      
000004ad  func                           
00000599  main                           
000005fd  portInit                       
00000645  peripheralEnable               
00000669  uartEnable                     
0000069d  tranString                     
000006d1  uartInteger                    
000006f7  uartInterruptEnable            
0000070d  UARTIntHandler                 
00000753  ADC0Enable                     
000007a9  readADC                        
000007f1  calculateSamplesSquare         
00000837  calculateSamplesSine           
0000089f  calculateSamplesRamp           
00000911  calculateSamplesTriangle       
00000981  calculateSamplesImpulse        
000009cd  calculateSamplesArbitrary      
000009cf  interruptEnable                
00000a01  interruptEncountered           
00000ae5  userInterface                  
00000cb9  __kernel_rem_pio2              
000013f1  sin                            
000013f1  sinl                           
000019b5  __aeabi_ldivmod                
00001bd3  __aeabi_dsub                   
00001bdd  __aeabi_dadd                   
00001d89  __kernel_sin                   
00001efd  __kernel_cos                   
00002069  __aeabi_ddiv                   
0000219f  GPIOPadConfigSet               
000022d1  SysCtlClockGet                 
000023e1  __aeabi_dmul                   
000024dd  ldexp                          
000024dd  ldexpl                         
000024dd  scalbn                         
000024dd  scalbnl                        
000025d9  floor                          
000025d9  floorl                         
000026d1  SysCtlClockSet                 
000027c5  __aeabi_memcpy                 
000027c5  __aeabi_memcpy4                
000027c5  __aeabi_memcpy8                
000027c5  memcpy                         
00002861  __aeabi_cdcmpeq                
00002861  __aeabi_cdcmple                
000028e7  __aeabi_cdrcmple               
0000296d  ADCSequenceStepConfigure       
000029e7  __aeabi_memclr                 
000029e7  __aeabi_memclr4                
000029e7  __aeabi_memclr8                
000029e9  __aeabi_memset                 
000029e9  __aeabi_memset4                
000029e9  __aeabi_memset8                
000029ef  memset                         
00002a61  __TI_auto_init                 
00002ad1  IntEnable                      
00002b39  __TI_decompress_lzss           
00002ba1  GPIOIntTypeSet                 
00002bf7  __aeabi_ldiv0                  
00002bf9  _c_int00                       
00002c4d  C$$EXIT                        
00002c51  abort                          
00002c59  exit                           
00002ca1  ADCSequenceConfigure           
00002cf1  copy_in                        
00002d3d  GPIOPinConfigure               
00002d85  __aeabi_d2iz                   
00002dcd  UARTConfigSetExpClk            
00002e13  __mpu_init                     
00002e59  __aeabi_d2uiz                  
00002e9d  IntRegister                    
00002ed1  SysCtlPeripheralEnable         
00002f05  ADCIntStatus                   
00002f33  __aeabi_i2d                    
00002f61  GPIODirModeSet                 
00002f8b  _system_post_cinit             
00002f8d  UARTDisable                    
00002fad  __aeabi_ui2d                   
00002fcd  ADCSequenceDataGet             
00002feb  ADCProcessorTrigger            
00003003  GPIOIntRegister                
0000301b  GPIOPinTypeGPIOOutput          
00003035  _args_main                     
0000304d  UARTEnable                     
00003061  _register_unlock               
00003067  _register_lock                 
0000306f  _nop                           
00003075  copysign                       
00003075  copysignl                      
00003089  GPIOPinTypeADC                 
0000309b  GPIOPinTypeGPIOInput           
000030ad  GPIOPinTypeUART                
000030bf  IntMasterEnable                
000030cf  ADCHardwareOversampleConfigure 
000030dd  ADCSequenceEnable              
000030eb  GPIOIntDisable                 
000030f9  GPIOIntStatus                  
00003107  UARTCharsAvail                 
00003115  __TI_decompress_none           
00003123  CPUcpsie                       
0000312f  GPIOIntEnable                  
0000313b  __TI_zero_init                 
00003147  ResetISR                       
00003153  ADCIntClear                    
0000315d  UARTCharGet                    
00003167  UARTCharPut                    
00003171  UARTIntStatus                  
0000317b  UARTIntEnable                  
00003183  GPIOIntClear                   
00003189  GPIOPinWrite                   
0000318f  SysCtlDelay                    
00003195  UARTIntClear                   
00003199  _system_pre_init               
00003618  __TI_Handler_Table_Base        
00003624  __TI_Handler_Table_Limit       
00003638  __TI_CINIT_Base                
00003650  __TI_CINIT_Limit               
20000000  g_pfnRAMVectors                
2000026c  __stack                        
2000046c  __STACK_END                    
2000046c  __STACK_TOP                    
2000046c  samples                        
2000056c  frequencyReg                   
20000570  phaseAccumulatorReg            
20000574  cursorPositionCheck            
20000575  waveMode                       
20000576  frequencyMode                  
20000577  frequencyModeChangeLarge       
20000578  frequencyModeChangeFine        
20000579  interruptTriggered             
2000057a  incomingSamples                
2000057c  frequencyVariable              
20000580  frequencyModeVariable          
20000584  __TI_cleanup_ptr               
20000588  __TI_dtors_ptr                 
2000058c  __TI_enable_exit_profile_output
20000590  _lock                          
20000594  _unlock                        
20000598  errno                          
2000059c  main_func_sp                   
ffffffff  __TI_pprof_out_hndl            
ffffffff  __TI_prof_data_size            
ffffffff  __TI_prof_data_start           
ffffffff  __binit__                      
ffffffff  __c_args__                     
ffffffff  binit                          
UNDEFED   SHT$$INIT_ARRAY$$Base          
UNDEFED   SHT$$INIT_ARRAY$$Limit         

[161 symbols]
