******************************************************************************
                  TI ARM Linker PC v16.9.1                     
******************************************************************************
>> Linked Sat Oct 28 02:43:25 2017

OUTPUT FILE NAME:   <WaveformGen.out>
ENTRY POINT SYMBOL: "_c_int00"  address: 00002b91


MEMORY CONFIGURATION

         name            origin    length      used     unused   attr    fill
----------------------  --------  ---------  --------  --------  ----  --------
  FLASH                 00000000   00040000  000035e0  0003ca20  R  X
  SRAM                  20000000   00008000  000005a0  00007a60  RW X


SEGMENT ALLOCATION MAP

run origin  load origin   length   init length attrs members
----------  ----------- ---------- ----------- ----- -------
00000000    00000000    000035e8   000035e8    r-x
  00000000    00000000    0000026c   0000026c    r-- .intvecs
  0000026c    0000026c    00002ec8   00002ec8    r-x .text
  00003138    00003138    0000045c   0000045c    r-- .const
  00003598    00003598    00000050   00000050    r-- .cinit
20000000    20000000    000005a0   00000000    rw-
  20000000    20000000    0000026c   00000000    rw- .vtable
  2000026c    2000026c    00000200   00000000    rw- .stack
  2000046c    2000046c    00000108   00000000    rw- .bss
  20000574    20000574    0000002c   00000000    rw- .data


SECTION ALLOCATION MAP

 output                                  attributes/
section   page    origin      length       input sections
--------  ----  ----------  ----------   ----------------
.intvecs   0    00000000    0000026c     
                  00000000    0000026c     tm4c123gh6pm_startup_ccs.obj (.intvecs)

.text      0    0000026c    00002ec8     
                  0000026c    000009e4     main.obj (.text)
                  00000c50    00000738     rtsv7M4_T_le_v4SPD16_eabi.lib : k_rem_pio2.obj (.text)
                  00001388    000005c4                                   : s_sin.obj (.text)
                  0000194c    0000021e                                   : ll_div_t2.obj (.text)
                  00001b6a    000001b6                                   : fd_add_t2.obj (.text)
                  00001d20    00000174                                   : k_sin.obj (.text)
                  00001e94    0000016c                                   : k_cos.obj (.text)
                  00002000    00000136                                   : fd_div_t2.obj (.text)
                  00002136    00000132     driverlib.lib : gpio.obj (.text:GPIOPadConfigSet)
                  00002268    00000110                   : sysctl.obj (.text:SysCtlClockGet)
                  00002378    000000fc     rtsv7M4_T_le_v4SPD16_eabi.lib : fd_mul_t2.obj (.text)
                  00002474    000000fc                                   : s_scalbn.obj (.text)
                  00002570    000000f8                                   : s_floor.obj (.text)
                  00002668    000000f4     driverlib.lib : sysctl.obj (.text:SysCtlClockSet)
                  0000275c    0000009c     rtsv7M4_T_le_v4SPD16_eabi.lib : memcpy_t2.obj (.text)
                  000027f8    00000086                                   : fd_cmp_t2.obj (.text:__aeabi_cdcmple)
                  0000287e    00000086                                   : fd_cmp_t2.obj (.text:__aeabi_cdrcmple)
                  00002904    0000007a     driverlib.lib : adc.obj (.text:ADCSequenceStepConfigure)
                  0000297e    0000007a     rtsv7M4_T_le_v4SPD16_eabi.lib : memset_t2.obj (.text)
                  000029f8    00000070                                   : autoinit.obj (.text)
                  00002a68    00000068     driverlib.lib : interrupt.obj (.text:IntEnable)
                  00002ad0    00000068     rtsv7M4_T_le_v4SPD16_eabi.lib : copy_decompress_lzss.obj (.text:decompress:lzss)
                  00002b38    00000056     driverlib.lib : gpio.obj (.text:GPIOIntTypeSet)
                  00002b8e    00000002     rtsv7M4_T_le_v4SPD16_eabi.lib : l_div0.obj (.text)
                  00002b90    00000054                                   : boot.obj (.text)
                  00002be4    00000054                                   : exit.obj (.text)
                  00002c38    00000050     driverlib.lib : adc.obj (.text:ADCSequenceConfigure)
                  00002c88    0000004c     rtsv7M4_T_le_v4SPD16_eabi.lib : cpy_tbl.obj (.text)
                  00002cd4    00000048     driverlib.lib : gpio.obj (.text:GPIOPinConfigure)
                  00002d1c    00000048     rtsv7M4_T_le_v4SPD16_eabi.lib : fd_toi_t2.obj (.text)
                  00002d64    00000046     driverlib.lib : uart.obj (.text:UARTConfigSetExpClk)
                  00002daa    00000002     rtsv7M4_T_le_v4SPD16_eabi.lib : mpu_init.obj (.text)
                  00002dac    00000044     driverlib.lib : gpio.obj (.text:_GPIOIntNumberGet)
                  00002df0    00000044     rtsv7M4_T_le_v4SPD16_eabi.lib : fd_tou_t2.obj (.text)
                  00002e34    00000034     driverlib.lib : interrupt.obj (.text:IntRegister)
                  00002e68    00000034                   : sysctl.obj (.text:SysCtlPeripheralEnable)
                  00002e9c    0000002e                   : adc.obj (.text:ADCIntStatus)
                  00002eca    0000002e     rtsv7M4_T_le_v4SPD16_eabi.lib : i_tofd_t2.obj (.text)
                  00002ef8    0000002a     driverlib.lib : gpio.obj (.text:GPIODirModeSet)
                  00002f22    00000002     rtsv7M4_T_le_v4SPD16_eabi.lib : startup.obj (.text)
                  00002f24    00000020     driverlib.lib : uart.obj (.text:UARTDisable)
                  00002f44    00000020     rtsv7M4_T_le_v4SPD16_eabi.lib : u_tofd_t2.obj (.text)
                  00002f64    0000001e     driverlib.lib : adc.obj (.text:ADCSequenceDataGet)
                  00002f82    00000018                   : adc.obj (.text:ADCProcessorTrigger)
                  00002f9a    00000018                   : gpio.obj (.text:GPIOIntRegister)
                  00002fb2    00000018                   : gpio.obj (.text:GPIOPinTypeGPIOOutput)
                  00002fca    00000002     --HOLE-- [fill = 0]
                  00002fcc    00000018     rtsv7M4_T_le_v4SPD16_eabi.lib : args_main.obj (.text)
                  00002fe4    00000014     driverlib.lib : uart.obj (.text:UARTEnable)
                  00002ff8    00000014     rtsv7M4_T_le_v4SPD16_eabi.lib : _lock.obj (.text)
                  0000300c    00000014                                   : s_copysign.obj (.text)
                  00003020    00000012     driverlib.lib : gpio.obj (.text:GPIOPinTypeADC)
                  00003032    00000012                   : gpio.obj (.text:GPIOPinTypeGPIOInput)
                  00003044    00000012                   : gpio.obj (.text:GPIOPinTypeUART)
                  00003056    00000010                   : interrupt.obj (.text:IntMasterEnable)
                  00003066    0000000e                   : adc.obj (.text:ADCHardwareOversampleConfigure)
                  00003074    0000000e                   : adc.obj (.text:ADCSequenceEnable)
                  00003082    0000000e                   : gpio.obj (.text:GPIOIntDisable)
                  00003090    0000000e                   : gpio.obj (.text:GPIOIntStatus)
                  0000309e    0000000e                   : uart.obj (.text:UARTCharsAvail)
                  000030ac    0000000e     rtsv7M4_T_le_v4SPD16_eabi.lib : copy_decompress_none.obj (.text:decompress:none)
                  000030ba    0000000c     driverlib.lib : cpu.obj (.text:CPUcpsie)
                  000030c6    0000000c                   : gpio.obj (.text:GPIOIntEnable)
                  000030d2    0000000c     rtsv7M4_T_le_v4SPD16_eabi.lib : copy_zero_init.obj (.text:decompress:ZI)
                  000030de    0000000c     tm4c123gh6pm_startup_ccs.obj (.text)
                  000030ea    0000000a     driverlib.lib : adc.obj (.text:ADCIntClear)
                  000030f4    0000000a                   : uart.obj (.text:UARTCharGet)
                  000030fe    0000000a                   : uart.obj (.text:UARTCharPut)
                  00003108    0000000a                   : uart.obj (.text:UARTIntStatus)
                  00003112    00000008                   : uart.obj (.text:UARTIntEnable)
                  0000311a    00000006                   : gpio.obj (.text:GPIOIntClear)
                  00003120    00000006                   : gpio.obj (.text:GPIOPinWrite)
                  00003126    00000006                   : sysctl.obj (.text:SysCtlDelay)
                  0000312c    00000004                   : uart.obj (.text:UARTIntClear)
                  00003130    00000004     rtsv7M4_T_le_v4SPD16_eabi.lib : pre_init.obj (.text)

.const     0    00003138    0000045c     
                  00003138    00000158     rtsv7M4_T_le_v4SPD16_eabi.lib : k_rem_pio2.obj (.const:$O1$$)
                  00003290    000000d8     driverlib.lib : gpio.obj (.const:g_ppui32GPIOIntMapSnowflake)
                  00003368    000000c0                   : gpio.obj (.const:g_ppui32GPIOIntMapBlizzard)
                  00003428    00000090                   : gpio.obj (.const:g_pui32GPIOBaseAddrs)
                  000034b8    00000070                   : interrupt.obj (.const)
                  00003528    0000006c                   : sysctl.obj (.const:g_pui32Xtals)

.cinit     0    00003598    00000050     
                  00003598    00000017     (.cinit..data.load) [load image, compression = lzss]
                  000035af    00000001     --HOLE-- [fill = 0]
                  000035b0    0000000c     (__TI_handler_table)
                  000035bc    00000004     --HOLE-- [fill = 0]
                  000035c0    00000008     (.cinit..bss.load) [load image, compression = zero_init]
                  000035c8    00000008     (.cinit..vtable.load) [load image, compression = zero_init]
                  000035d0    00000018     (__TI_cinit_table)

.init_array 
*          0    00000000    00000000     UNINITIALIZED

.vtable    0    20000000    0000026c     UNINITIALIZED
                  20000000    0000026c     driverlib.lib : interrupt.obj (.vtable)

.stack     0    2000026c    00000200     UNINITIALIZED
                  2000026c    00000200     --HOLE--

.bss       0    2000046c    00000108     UNINITIALIZED
                  2000046c    00000100     (.common:samples)
                  2000056c    00000004     (.common:frequencyReg)
                  20000570    00000004     (.common:phaseAccumulatorReg)

.data      0    20000574    0000002c     UNINITIALIZED
                  20000574    00000010     main.obj (.data)
                  20000584    0000000c     rtsv7M4_T_le_v4SPD16_eabi.lib : exit.obj (.data:$O1$$)
                  20000590    00000008                                   : _lock.obj (.data:$O1$$)
                  20000598    00000004                                   : errno.obj (.data)
                  2000059c    00000004                                   : stkdepth_vars.obj (.data)

MODULE SUMMARY

       Module                         code    ro data   rw data
       ------                         ----    -------   -------
    .\
       main.obj                       2532    0         280    
       tm4c123gh6pm_startup_ccs.obj   12      620       0      
    +--+------------------------------+-------+---------+---------+
       Total:                         2544    620       280    
                                                               
    ../driverlib.lib
       gpio.obj                       728     552       0      
       interrupt.obj                  172     112       620    
       sysctl.obj                     574     108       0      
       adc.obj                        340     0         0      
       uart.obj                       178     0         0      
       cpu.obj                        12      0         0      
    +--+------------------------------+-------+---------+---------+
       Total:                         2004    772       620    
                                                               
    C:\ti\ccsv7\tools\compiler\ti-cgt-arm_16.9.1.LTS\lib\rtsv7M4_T_le_v4SPD16_eabi.lib
       k_rem_pio2.obj                 1848    344       0      
       s_sin.obj                      1476    0         0      
       ll_div_t2.obj                  542     0         0      
       fd_add_t2.obj                  438     0         0      
       k_sin.obj                      372     0         0      
       k_cos.obj                      364     0         0      
       fd_div_t2.obj                  310     0         0      
       fd_cmp_t2.obj                  268     0         0      
       fd_mul_t2.obj                  252     0         0      
       s_scalbn.obj                   252     0         0      
       s_floor.obj                    248     0         0      
       memcpy_t2.obj                  156     0         0      
       memset_t2.obj                  122     0         0      
       autoinit.obj                   112     0         0      
       copy_decompress_lzss.obj       104     0         0      
       exit.obj                       84      0         12     
       boot.obj                       84      0         0      
       cpy_tbl.obj                    76      0         0      
       fd_toi_t2.obj                  72      0         0      
       fd_tou_t2.obj                  68      0         0      
       i_tofd_t2.obj                  46      0         0      
       u_tofd_t2.obj                  32      0         0      
       _lock.obj                      20      0         8      
       args_main.obj                  24      0         0      
       s_copysign.obj                 20      0         0      
       copy_decompress_none.obj       14      0         0      
       copy_zero_init.obj             12      0         0      
       errno.obj                      0       0         4      
       pre_init.obj                   4       0         0      
       stkdepth_vars.obj              0       0         4      
       l_div0.obj                     2       0         0      
       mpu_init.obj                   2       0         0      
       startup.obj                    2       0         0      
    +--+------------------------------+-------+---------+---------+
       Total:                         7426    344       28     
                                                               
       Stack:                         0       0         512    
       Linker Generated:              0       75        0      
    +--+------------------------------+-------+---------+---------+
       Grand Total:                   11974   1811      1440   


LINKER GENERATED COPY TABLES

__TI_cinit_table @ 000035d0 records: 3, size/record: 8, table size: 24
	.data: load addr=00003598, load size=00000017 bytes, run addr=20000574, run size=0000002c bytes, compression=lzss
	.bss: load addr=000035c0, load size=00000008 bytes, run addr=2000046c, run size=00000108 bytes, compression=zero_init
	.vtable: load addr=000035c8, load size=00000008 bytes, run addr=20000000, run size=0000026c bytes, compression=zero_init


LINKER GENERATED HANDLER TABLE

__TI_handler_table @ 000035b0 records: 3, size/record: 4, table size: 12
	index: 0, handler: __TI_zero_init
	index: 1, handler: __TI_decompress_lzss
	index: 2, handler: __TI_decompress_none


GLOBAL SYMBOLS: SORTED ALPHABETICALLY BY Name 

address   name                           
-------   ----                           
0000075d  ADC0Enable                     
00003067  ADCHardwareOversampleConfigure 
000030eb  ADCIntClear                    
00002e9d  ADCIntStatus                   
00002f83  ADCProcessorTrigger            
00002c39  ADCSequenceConfigure           
00002f65  ADCSequenceDataGet             
00003075  ADCSequenceEnable              
00002905  ADCSequenceStepConfigure       
00002be5  C$$EXIT                        
000030bb  CPUcpsie                       
00002ef9  GPIODirModeSet                 
0000311b  GPIOIntClear                   
00003083  GPIOIntDisable                 
000030c7  GPIOIntEnable                  
00002f9b  GPIOIntRegister                
00003091  GPIOIntStatus                  
00002b39  GPIOIntTypeSet                 
00002137  GPIOPadConfigSet               
00002cd5  GPIOPinConfigure               
00003021  GPIOPinTypeADC                 
00003033  GPIOPinTypeGPIOInput           
00002fb3  GPIOPinTypeGPIOOutput          
00003045  GPIOPinTypeUART                
00003121  GPIOPinWrite                   
00002a69  IntEnable                      
00003057  IntMasterEnable                
00002e35  IntRegister                    
000030df  ResetISR                       
UNDEFED   SHT$$INIT_ARRAY$$Base          
UNDEFED   SHT$$INIT_ARRAY$$Limit         
00002269  SysCtlClockGet                 
00002669  SysCtlClockSet                 
00003127  SysCtlDelay                    
00002e69  SysCtlPeripheralEnable         
000030f5  UARTCharGet                    
000030ff  UARTCharPut                    
0000309f  UARTCharsAvail                 
00002d65  UARTConfigSetExpClk            
00002f25  UARTDisable                    
00002fe5  UARTEnable                     
0000312d  UARTIntClear                   
00003113  UARTIntEnable                  
0000072d  UARTIntHandler                 
00003109  UARTIntStatus                  
2000046c  __STACK_END                    
00000200  __STACK_SIZE                   
2000046c  __STACK_TOP                    
000035d0  __TI_CINIT_Base                
000035e8  __TI_CINIT_Limit               
000035b0  __TI_Handler_Table_Base        
000035bc  __TI_Handler_Table_Limit       
000029f9  __TI_auto_init                 
20000584  __TI_cleanup_ptr               
00002ad1  __TI_decompress_lzss           
000030ad  __TI_decompress_none           
20000588  __TI_dtors_ptr                 
2000058c  __TI_enable_exit_profile_output
ffffffff  __TI_pprof_out_hndl            
ffffffff  __TI_prof_data_size            
ffffffff  __TI_prof_data_start           
00000000  __TI_static_base__             
000030d3  __TI_zero_init                 
000027f9  __aeabi_cdcmpeq                
000027f9  __aeabi_cdcmple                
0000287f  __aeabi_cdrcmple               
00002d1d  __aeabi_d2iz                   
00002df1  __aeabi_d2uiz                  
00001b75  __aeabi_dadd                   
00002001  __aeabi_ddiv                   
00002379  __aeabi_dmul                   
00001b6b  __aeabi_dsub                   
00002ecb  __aeabi_i2d                    
00002b8f  __aeabi_ldiv0                  
0000194d  __aeabi_ldivmod                
0000297f  __aeabi_memclr                 
0000297f  __aeabi_memclr4                
0000297f  __aeabi_memclr8                
0000275d  __aeabi_memcpy                 
0000275d  __aeabi_memcpy4                
0000275d  __aeabi_memcpy8                
00002981  __aeabi_memset                 
00002981  __aeabi_memset4                
00002981  __aeabi_memset8                
00002f45  __aeabi_ui2d                   
ffffffff  __binit__                      
ffffffff  __c_args__                     
00001e95  __kernel_cos                   
00000c51  __kernel_rem_pio2              
00001d21  __kernel_sin                   
00002dab  __mpu_init                     
2000026c  __stack                        
00002fcd  _args_main                     
00002b91  _c_int00                       
00000485  _delay_ms                      
000004a1  _delay_us                      
20000590  _lock                          
00003007  _nop                           
00002fff  _register_lock                 
00002ff9  _register_unlock               
00002f23  _system_post_cinit             
00003131  _system_pre_init               
20000594  _unlock                        
00002be9  abort                          
ffffffff  binit                          
0000065f  calculateSamples               
000008a7  calculateSamplesRamp           
0000083f  calculateSamplesSine           
000007f9  calculateSamplesSquare         
000008f9  calculateSamplesTriangle       
00002c89  copy_in                        
0000300d  copysign                       
0000300d  copysignl                      
20000574  cursorPositionCheck            
20000598  errno                          
00002bf1  exit                           
00002571  floor                          
00002571  floorl                         
20000576  frequencyMode                  
20000578  frequencyModeChangeFine        
20000577  frequencyModeChangeLarge       
20000580  frequencyModeVariable          
2000056c  frequencyReg                   
2000057c  frequencyVariable              
000004bb  func                           
20000000  g_pfnRAMVectors                
00000000  g_pfnVectors                   
00000965  interruptEnable                
000009b1  interruptEncountered           
20000579  interruptTriggered             
00000461  lcdCheck                       
00000449  lcdClear                       
000002ad  lcdCommand                     
00000339  lcdData                        
00000419  lcdGotoxy                      
0000026d  lcdInit                        
000003fb  lcdInteger                     
000003cf  lcdString                      
00002475  ldexp                          
00002475  ldexpl                         
000005b5  main                           
2000059c  main_func_sp                   
0000275d  memcpy                         
00002987  memset                         
00000667  peripheralEnable               
20000570  phaseAccumulatorReg            
00000617  portInit                       
000007b1  readADC                        
2000046c  samples                        
00002475  scalbn                         
00002475  scalbnl                        
00001389  sin                            
00001389  sinl                           
000006bd  tranString                     
0000068b  uartEnable                     
000006f1  uartInteger                    
00000717  uartInterruptEnable            
00000a8d  userInterface                  
20000575  waveMode                       


GLOBAL SYMBOLS: SORTED BY Symbol Address 

address   name                           
-------   ----                           
00000000  __TI_static_base__             
00000000  g_pfnVectors                   
00000200  __STACK_SIZE                   
0000026d  lcdInit                        
000002ad  lcdCommand                     
00000339  lcdData                        
000003cf  lcdString                      
000003fb  lcdInteger                     
00000419  lcdGotoxy                      
00000449  lcdClear                       
00000461  lcdCheck                       
00000485  _delay_ms                      
000004a1  _delay_us                      
000004bb  func                           
000005b5  main                           
00000617  portInit                       
0000065f  calculateSamples               
00000667  peripheralEnable               
0000068b  uartEnable                     
000006bd  tranString                     
000006f1  uartInteger                    
00000717  uartInterruptEnable            
0000072d  UARTIntHandler                 
0000075d  ADC0Enable                     
000007b1  readADC                        
000007f9  calculateSamplesSquare         
0000083f  calculateSamplesSine           
000008a7  calculateSamplesRamp           
000008f9  calculateSamplesTriangle       
00000965  interruptEnable                
000009b1  interruptEncountered           
00000a8d  userInterface                  
00000c51  __kernel_rem_pio2              
00001389  sin                            
00001389  sinl                           
0000194d  __aeabi_ldivmod                
00001b6b  __aeabi_dsub                   
00001b75  __aeabi_dadd                   
00001d21  __kernel_sin                   
00001e95  __kernel_cos                   
00002001  __aeabi_ddiv                   
00002137  GPIOPadConfigSet               
00002269  SysCtlClockGet                 
00002379  __aeabi_dmul                   
00002475  ldexp                          
00002475  ldexpl                         
00002475  scalbn                         
00002475  scalbnl                        
00002571  floor                          
00002571  floorl                         
00002669  SysCtlClockSet                 
0000275d  __aeabi_memcpy                 
0000275d  __aeabi_memcpy4                
0000275d  __aeabi_memcpy8                
0000275d  memcpy                         
000027f9  __aeabi_cdcmpeq                
000027f9  __aeabi_cdcmple                
0000287f  __aeabi_cdrcmple               
00002905  ADCSequenceStepConfigure       
0000297f  __aeabi_memclr                 
0000297f  __aeabi_memclr4                
0000297f  __aeabi_memclr8                
00002981  __aeabi_memset                 
00002981  __aeabi_memset4                
00002981  __aeabi_memset8                
00002987  memset                         
000029f9  __TI_auto_init                 
00002a69  IntEnable                      
00002ad1  __TI_decompress_lzss           
00002b39  GPIOIntTypeSet                 
00002b8f  __aeabi_ldiv0                  
00002b91  _c_int00                       
00002be5  C$$EXIT                        
00002be9  abort                          
00002bf1  exit                           
00002c39  ADCSequenceConfigure           
00002c89  copy_in                        
00002cd5  GPIOPinConfigure               
00002d1d  __aeabi_d2iz                   
00002d65  UARTConfigSetExpClk            
00002dab  __mpu_init                     
00002df1  __aeabi_d2uiz                  
00002e35  IntRegister                    
00002e69  SysCtlPeripheralEnable         
00002e9d  ADCIntStatus                   
00002ecb  __aeabi_i2d                    
00002ef9  GPIODirModeSet                 
00002f23  _system_post_cinit             
00002f25  UARTDisable                    
00002f45  __aeabi_ui2d                   
00002f65  ADCSequenceDataGet             
00002f83  ADCProcessorTrigger            
00002f9b  GPIOIntRegister                
00002fb3  GPIOPinTypeGPIOOutput          
00002fcd  _args_main                     
00002fe5  UARTEnable                     
00002ff9  _register_unlock               
00002fff  _register_lock                 
00003007  _nop                           
0000300d  copysign                       
0000300d  copysignl                      
00003021  GPIOPinTypeADC                 
00003033  GPIOPinTypeGPIOInput           
00003045  GPIOPinTypeUART                
00003057  IntMasterEnable                
00003067  ADCHardwareOversampleConfigure 
00003075  ADCSequenceEnable              
00003083  GPIOIntDisable                 
00003091  GPIOIntStatus                  
0000309f  UARTCharsAvail                 
000030ad  __TI_decompress_none           
000030bb  CPUcpsie                       
000030c7  GPIOIntEnable                  
000030d3  __TI_zero_init                 
000030df  ResetISR                       
000030eb  ADCIntClear                    
000030f5  UARTCharGet                    
000030ff  UARTCharPut                    
00003109  UARTIntStatus                  
00003113  UARTIntEnable                  
0000311b  GPIOIntClear                   
00003121  GPIOPinWrite                   
00003127  SysCtlDelay                    
0000312d  UARTIntClear                   
00003131  _system_pre_init               
000035b0  __TI_Handler_Table_Base        
000035bc  __TI_Handler_Table_Limit       
000035d0  __TI_CINIT_Base                
000035e8  __TI_CINIT_Limit               
20000000  g_pfnRAMVectors                
2000026c  __stack                        
2000046c  __STACK_END                    
2000046c  __STACK_TOP                    
2000046c  samples                        
2000056c  frequencyReg                   
20000570  phaseAccumulatorReg            
20000574  cursorPositionCheck            
20000575  waveMode                       
20000576  frequencyMode                  
20000577  frequencyModeChangeLarge       
20000578  frequencyModeChangeFine        
20000579  interruptTriggered             
2000057c  frequencyVariable              
20000580  frequencyModeVariable          
20000584  __TI_cleanup_ptr               
20000588  __TI_dtors_ptr                 
2000058c  __TI_enable_exit_profile_output
20000590  _lock                          
20000594  _unlock                        
20000598  errno                          
2000059c  main_func_sp                   
ffffffff  __TI_pprof_out_hndl            
ffffffff  __TI_prof_data_size            
ffffffff  __TI_prof_data_start           
ffffffff  __binit__                      
ffffffff  __c_args__                     
ffffffff  binit                          
UNDEFED   SHT$$INIT_ARRAY$$Base          
UNDEFED   SHT$$INIT_ARRAY$$Limit         

[159 symbols]
