******************************************************************************
                  TI ARM Linker PC v16.9.1                     
******************************************************************************
>> Linked Thu Oct 26 20:30:49 2017

OUTPUT FILE NAME:   <WaveformGen.out>
ENTRY POINT SYMBOL: "_c_int00"  address: 000025a5


MEMORY CONFIGURATION

         name            origin    length      used     unused   attr    fill
----------------------  --------  ---------  --------  --------  ----  --------
  FLASH                 00000000   00040000  00002a66  0003d59a  R  X
  SRAM                  20000000   00008000  0000032c  00007cd4  RW X


SEGMENT ALLOCATION MAP

run origin  load origin   length   init length attrs members
----------  ----------- ---------- ----------- ----- -------
00000000    00000000    00002a70   00002a70    r-x
  00000000    00000000    0000026c   0000026c    r-- .intvecs
  0000026c    0000026c    000025f6   000025f6    r-x .text
  00002868    00002868    000001c4   000001c4    r-- .const
  00002a30    00002a30    00000040   00000040    r-- .cinit
20000000    20000000    0000032c   00000000    rw-
  20000000    20000000    00000200   00000000    rw- .stack
  20000200    20000200    00000108   00000000    rw- .bss
  20000308    20000308    00000024   00000000    rw- .data


SECTION ALLOCATION MAP

 output                                  attributes/
section   page    origin      length       input sections
--------  ----  ----------  ----------   ----------------
.intvecs   0    00000000    0000026c     
                  00000000    0000026c     tm4c123gh6pm_startup_ccs.obj (.intvecs)

.text      0    0000026c    000025f6     
                  0000026c    00000738     rtsv7M4_T_le_v4SPD16_eabi.lib : k_rem_pio2.obj (.text)
                  000009a4    000005c4                                   : s_sin.obj (.text)
                  00000f68    00000530     main.obj (.text)
                  00001498    0000021e     rtsv7M4_T_le_v4SPD16_eabi.lib : ll_div_t2.obj (.text)
                  000016b6    000001b6                                   : fd_add_t2.obj (.text)
                  0000186c    00000174                                   : k_sin.obj (.text)
                  000019e0    0000016c                                   : k_cos.obj (.text)
                  00001b4c    00000136                                   : fd_div_t2.obj (.text)
                  00001c82    00000132     driverlib.lib : gpio.obj (.text:GPIOPadConfigSet)
                  00001db4    00000110                   : sysctl.obj (.text:SysCtlClockGet)
                  00001ec4    000000fc     rtsv7M4_T_le_v4SPD16_eabi.lib : fd_mul_t2.obj (.text)
                  00001fc0    000000fc                                   : s_scalbn.obj (.text)
                  000020bc    000000f8                                   : s_floor.obj (.text)
                  000021b4    000000f4     driverlib.lib : sysctl.obj (.text:SysCtlClockSet)
                  000022a8    0000009c     rtsv7M4_T_le_v4SPD16_eabi.lib : memcpy_t2.obj (.text)
                  00002344    00000086                                   : fd_cmp_t2.obj (.text:__aeabi_cdcmple)
                  000023ca    00000086                                   : fd_cmp_t2.obj (.text:__aeabi_cdrcmple)
                  00002450    0000007a                                   : memset_t2.obj (.text)
                  000024ca    00000002                                   : l_div0.obj (.text)
                  000024cc    00000070                                   : autoinit.obj (.text)
                  0000253c    00000068                                   : copy_decompress_lzss.obj (.text:decompress:lzss)
                  000025a4    00000054                                   : boot.obj (.text)
                  000025f8    00000054                                   : exit.obj (.text)
                  0000264c    0000004c                                   : cpy_tbl.obj (.text)
                  00002698    00000048                                   : fd_toi_t2.obj (.text)
                  000026e0    00000044                                   : fd_tou_t2.obj (.text)
                  00002724    00000034     driverlib.lib : sysctl.obj (.text:SysCtlPeripheralEnable)
                  00002758    0000002e     rtsv7M4_T_le_v4SPD16_eabi.lib : i_tofd_t2.obj (.text)
                  00002786    0000002a     driverlib.lib : gpio.obj (.text:GPIODirModeSet)
                  000027b0    00000020     rtsv7M4_T_le_v4SPD16_eabi.lib : u_tofd_t2.obj (.text)
                  000027d0    00000018     driverlib.lib : gpio.obj (.text:GPIOPinTypeGPIOOutput)
                  000027e8    00000018     rtsv7M4_T_le_v4SPD16_eabi.lib : args_main.obj (.text)
                  00002800    00000014                                   : _lock.obj (.text)
                  00002814    00000014                                   : s_copysign.obj (.text)
                  00002828    0000000e                                   : copy_decompress_none.obj (.text:decompress:none)
                  00002836    0000000c                                   : copy_zero_init.obj (.text:decompress:ZI)
                  00002842    0000000c     tm4c123gh6pm_startup_ccs.obj (.text)
                  0000284e    00000006     driverlib.lib : gpio.obj (.text:GPIOPinWrite)
                  00002854    00000006                   : sysctl.obj (.text:SysCtlDelay)
                  0000285a    00000004     rtsv7M4_T_le_v4SPD16_eabi.lib : pre_init.obj (.text)
                  0000285e    00000002                                   : mpu_init.obj (.text)
                  00002860    00000002                                   : startup.obj (.text)

.const     0    00002868    000001c4     
                  00002868    00000158     rtsv7M4_T_le_v4SPD16_eabi.lib : k_rem_pio2.obj (.const:$O1$$)
                  000029c0    0000006c     driverlib.lib : sysctl.obj (.const:g_pui32Xtals)

.cinit     0    00002a30    00000040     
                  00002a30    00000017     (.cinit..data.load) [load image, compression = lzss]
                  00002a47    00000001     --HOLE-- [fill = 0]
                  00002a48    0000000c     (__TI_handler_table)
                  00002a54    00000004     --HOLE-- [fill = 0]
                  00002a58    00000008     (.cinit..bss.load) [load image, compression = zero_init]
                  00002a60    00000010     (__TI_cinit_table)

.init_array 
*          0    00000000    00000000     UNINITIALIZED

.stack     0    20000000    00000200     UNINITIALIZED
                  20000000    00000200     --HOLE--

.bss       0    20000200    00000108     UNINITIALIZED
                  20000200    00000100     (.common:samples)
                  20000300    00000004     (.common:frequencyReg)
                  20000304    00000004     (.common:phaseAccumulatorReg)

.data      0    20000308    00000024     UNINITIALIZED
                  20000308    0000000c     rtsv7M4_T_le_v4SPD16_eabi.lib : exit.obj (.data:$O1$$)
                  20000314    00000008                                   : _lock.obj (.data:$O1$$)
                  2000031c    00000008     main.obj (.data)
                  20000324    00000004     rtsv7M4_T_le_v4SPD16_eabi.lib : errno.obj (.data)
                  20000328    00000004                                   : stkdepth_vars.obj (.data)

MODULE SUMMARY

       Module                         code   ro data   rw data
       ------                         ----   -------   -------
    .\
       main.obj                       1328   0         272    
       tm4c123gh6pm_startup_ccs.obj   12     620       0      
    +--+------------------------------+------+---------+---------+
       Total:                         1340   620       272    
                                                              
    ../driverlib.lib
       sysctl.obj                     574    108       0      
       gpio.obj                       378    0         0      
    +--+------------------------------+------+---------+---------+
       Total:                         952    108       0      
                                                              
    C:\ti\ccsv7\tools\compiler\ti-cgt-arm_16.9.1.LTS\lib\rtsv7M4_T_le_v4SPD16_eabi.lib
       k_rem_pio2.obj                 1848   344       0      
       s_sin.obj                      1476   0         0      
       ll_div_t2.obj                  542    0         0      
       fd_add_t2.obj                  438    0         0      
       k_sin.obj                      372    0         0      
       k_cos.obj                      364    0         0      
       fd_div_t2.obj                  310    0         0      
       fd_cmp_t2.obj                  268    0         0      
       fd_mul_t2.obj                  252    0         0      
       s_scalbn.obj                   252    0         0      
       s_floor.obj                    248    0         0      
       memcpy_t2.obj                  156    0         0      
       memset_t2.obj                  122    0         0      
       autoinit.obj                   112    0         0      
       copy_decompress_lzss.obj       104    0         0      
       exit.obj                       84     0         12     
       boot.obj                       84     0         0      
       cpy_tbl.obj                    76     0         0      
       fd_toi_t2.obj                  72     0         0      
       fd_tou_t2.obj                  68     0         0      
       i_tofd_t2.obj                  46     0         0      
       u_tofd_t2.obj                  32     0         0      
       _lock.obj                      20     0         8      
       args_main.obj                  24     0         0      
       s_copysign.obj                 20     0         0      
       copy_decompress_none.obj       14     0         0      
       copy_zero_init.obj             12     0         0      
       errno.obj                      0      0         4      
       pre_init.obj                   4      0         0      
       stkdepth_vars.obj              0      0         4      
       l_div0.obj                     2      0         0      
       mpu_init.obj                   2      0         0      
       startup.obj                    2      0         0      
    +--+------------------------------+------+---------+---------+
       Total:                         7426   344       28     
                                                              
       Stack:                         0      0         512    
       Linker Generated:              0      59        0      
    +--+------------------------------+------+---------+---------+
       Grand Total:                   9718   1131      812    


LINKER GENERATED COPY TABLES

__TI_cinit_table @ 00002a60 records: 2, size/record: 8, table size: 16
	.data: load addr=00002a30, load size=00000017 bytes, run addr=20000308, run size=00000024 bytes, compression=lzss
	.bss: load addr=00002a58, load size=00000008 bytes, run addr=20000200, run size=00000108 bytes, compression=zero_init


LINKER GENERATED HANDLER TABLE

__TI_handler_table @ 00002a48 records: 3, size/record: 4, table size: 12
	index: 0, handler: __TI_decompress_lzss
	index: 1, handler: __TI_decompress_none
	index: 2, handler: __TI_zero_init


GLOBAL SYMBOLS: SORTED ALPHABETICALLY BY Name 

address   name                           
-------   ----                           
000025f9  C$$EXIT                        
00002787  GPIODirModeSet                 
00001c83  GPIOPadConfigSet               
000027d1  GPIOPinTypeGPIOOutput          
0000284f  GPIOPinWrite                   
00002843  ResetISR                       
UNDEFED   SHT$$INIT_ARRAY$$Base          
UNDEFED   SHT$$INIT_ARRAY$$Limit         
00001db5  SysCtlClockGet                 
000021b5  SysCtlClockSet                 
00002855  SysCtlDelay                    
00002725  SysCtlPeripheralEnable         
20000200  __STACK_END                    
00000200  __STACK_SIZE                   
20000200  __STACK_TOP                    
00002a60  __TI_CINIT_Base                
00002a70  __TI_CINIT_Limit               
00002a48  __TI_Handler_Table_Base        
00002a54  __TI_Handler_Table_Limit       
000024cd  __TI_auto_init                 
20000308  __TI_cleanup_ptr               
0000253d  __TI_decompress_lzss           
00002829  __TI_decompress_none           
2000030c  __TI_dtors_ptr                 
20000310  __TI_enable_exit_profile_output
ffffffff  __TI_pprof_out_hndl            
ffffffff  __TI_prof_data_size            
ffffffff  __TI_prof_data_start           
00000000  __TI_static_base__             
00002837  __TI_zero_init                 
00002345  __aeabi_cdcmpeq                
00002345  __aeabi_cdcmple                
000023cb  __aeabi_cdrcmple               
00002699  __aeabi_d2iz                   
000026e1  __aeabi_d2uiz                  
000016c1  __aeabi_dadd                   
00001b4d  __aeabi_ddiv                   
00001ec5  __aeabi_dmul                   
000016b7  __aeabi_dsub                   
00002759  __aeabi_i2d                    
000024cb  __aeabi_ldiv0                  
00001499  __aeabi_ldivmod                
00002451  __aeabi_memclr                 
00002451  __aeabi_memclr4                
00002451  __aeabi_memclr8                
000022a9  __aeabi_memcpy                 
000022a9  __aeabi_memcpy4                
000022a9  __aeabi_memcpy8                
00002453  __aeabi_memset                 
00002453  __aeabi_memset4                
00002453  __aeabi_memset8                
000027b1  __aeabi_ui2d                   
ffffffff  __binit__                      
ffffffff  __c_args__                     
000019e1  __kernel_cos                   
0000026d  __kernel_rem_pio2              
0000186d  __kernel_sin                   
0000285f  __mpu_init                     
20000000  __stack                        
000027e9  _args_main                     
000025a5  _c_int00                       
00001355  _delay_ms                      
00001371  _delay_us                      
20000314  _lock                          
0000280f  _nop                           
00002807  _register_lock                 
00002801  _register_unlock               
00002861  _system_post_cinit             
0000285b  _system_pre_init               
20000318  _unlock                        
000025fd  abort                          
ffffffff  binit                          
00000fe1  calculateSamples               
00001097  calculateSamplesRamp           
0000102f  calculateSamplesSine           
00000fe9  calculateSamplesSquare         
000010cf  calculateSamplesTriangle       
0000264d  copy_in                        
00002815  copysign                       
00002815  copysignl                      
2000031c  cursorPositionCheck            
20000324  errno                          
00002605  exit                           
000020bd  floor                          
000020bd  floorl                         
20000300  frequencyReg                   
20000320  frequencyVariable              
000013ad  func                           
00000000  g_pfnVectors                   
00001331  lcdCheck                       
00001311  lcdClear                       
00001149  lcdCommand                     
000011d9  lcdData                        
000012dd  lcdGotoxy                      
0000111f  lcdInit                        
0000129f  lcdInteger                     
00001273  lcdString                      
00001fc1  ldexp                          
00001fc1  ldexpl                         
00000f69  main                           
20000328  main_func_sp                   
000022a9  memcpy                         
00002459  memset                         
20000304  phaseAccumulatorReg            
00000fc9  portInit                       
20000200  samples                        
00001fc1  scalbn                         
00001fc1  scalbnl                        
000009a5  sin                            
000009a5  sinl                           


GLOBAL SYMBOLS: SORTED BY Symbol Address 

address   name                           
-------   ----                           
00000000  __TI_static_base__             
00000000  g_pfnVectors                   
00000200  __STACK_SIZE                   
0000026d  __kernel_rem_pio2              
000009a5  sin                            
000009a5  sinl                           
00000f69  main                           
00000fc9  portInit                       
00000fe1  calculateSamples               
00000fe9  calculateSamplesSquare         
0000102f  calculateSamplesSine           
00001097  calculateSamplesRamp           
000010cf  calculateSamplesTriangle       
0000111f  lcdInit                        
00001149  lcdCommand                     
000011d9  lcdData                        
00001273  lcdString                      
0000129f  lcdInteger                     
000012dd  lcdGotoxy                      
00001311  lcdClear                       
00001331  lcdCheck                       
00001355  _delay_ms                      
00001371  _delay_us                      
000013ad  func                           
00001499  __aeabi_ldivmod                
000016b7  __aeabi_dsub                   
000016c1  __aeabi_dadd                   
0000186d  __kernel_sin                   
000019e1  __kernel_cos                   
00001b4d  __aeabi_ddiv                   
00001c83  GPIOPadConfigSet               
00001db5  SysCtlClockGet                 
00001ec5  __aeabi_dmul                   
00001fc1  ldexp                          
00001fc1  ldexpl                         
00001fc1  scalbn                         
00001fc1  scalbnl                        
000020bd  floor                          
000020bd  floorl                         
000021b5  SysCtlClockSet                 
000022a9  __aeabi_memcpy                 
000022a9  __aeabi_memcpy4                
000022a9  __aeabi_memcpy8                
000022a9  memcpy                         
00002345  __aeabi_cdcmpeq                
00002345  __aeabi_cdcmple                
000023cb  __aeabi_cdrcmple               
00002451  __aeabi_memclr                 
00002451  __aeabi_memclr4                
00002451  __aeabi_memclr8                
00002453  __aeabi_memset                 
00002453  __aeabi_memset4                
00002453  __aeabi_memset8                
00002459  memset                         
000024cb  __aeabi_ldiv0                  
000024cd  __TI_auto_init                 
0000253d  __TI_decompress_lzss           
000025a5  _c_int00                       
000025f9  C$$EXIT                        
000025fd  abort                          
00002605  exit                           
0000264d  copy_in                        
00002699  __aeabi_d2iz                   
000026e1  __aeabi_d2uiz                  
00002725  SysCtlPeripheralEnable         
00002759  __aeabi_i2d                    
00002787  GPIODirModeSet                 
000027b1  __aeabi_ui2d                   
000027d1  GPIOPinTypeGPIOOutput          
000027e9  _args_main                     
00002801  _register_unlock               
00002807  _register_lock                 
0000280f  _nop                           
00002815  copysign                       
00002815  copysignl                      
00002829  __TI_decompress_none           
00002837  __TI_zero_init                 
00002843  ResetISR                       
0000284f  GPIOPinWrite                   
00002855  SysCtlDelay                    
0000285b  _system_pre_init               
0000285f  __mpu_init                     
00002861  _system_post_cinit             
00002a48  __TI_Handler_Table_Base        
00002a54  __TI_Handler_Table_Limit       
00002a60  __TI_CINIT_Base                
00002a70  __TI_CINIT_Limit               
20000000  __stack                        
20000200  __STACK_END                    
20000200  __STACK_TOP                    
20000200  samples                        
20000300  frequencyReg                   
20000304  phaseAccumulatorReg            
20000308  __TI_cleanup_ptr               
2000030c  __TI_dtors_ptr                 
20000310  __TI_enable_exit_profile_output
20000314  _lock                          
20000318  _unlock                        
2000031c  cursorPositionCheck            
20000320  frequencyVariable              
20000324  errno                          
20000328  main_func_sp                   
ffffffff  __TI_pprof_out_hndl            
ffffffff  __TI_prof_data_size            
ffffffff  __TI_prof_data_start           
ffffffff  __binit__                      
ffffffff  __c_args__                     
ffffffff  binit                          
UNDEFED   SHT$$INIT_ARRAY$$Base          
UNDEFED   SHT$$INIT_ARRAY$$Limit         

[110 symbols]
