******************************************************************************
                  TI ARM Linker PC v16.9.1                     
******************************************************************************
>> Linked Thu Nov 02 05:41:04 2017

OUTPUT FILE NAME:   <serialCommunication.out>
ENTRY POINT SYMBOL: "_c_int00"  address: 0000083d


MEMORY CONFIGURATION

         name            origin    length      used     unused   attr    fill
----------------------  --------  ---------  --------  --------  ----  --------
  FLASH                 00000000   00040000  00000cb4  0003f34c  R  X
  SRAM                  20000000   00008000  0000031b  00007ce5  RW X


SEGMENT ALLOCATION MAP

run origin  load origin   length   init length attrs members
----------  ----------- ---------- ----------- ----- -------
00000000    00000000    00000cb8   00000cb8    r-x
  00000000    00000000    0000026c   0000026c    r-- .intvecs
  0000026c    0000026c    000008a4   000008a4    r-x .text
  00000b10    00000b10    0000016c   0000016c    r-- .const
  00000c80    00000c80    00000038   00000038    r-- .cinit
20000000    20000000    0000031e   00000000    rw-
  20000000    20000000    00000200   00000000    rw- .stack
  20000200    20000200    00000101   00000000    rw- .bss
  20000304    20000304    0000001a   00000000    rw- .data


SECTION ALLOCATION MAP

 output                                  attributes/
section   page    origin      length       input sections
--------  ----  ----------  ----------   ----------------
.intvecs   0    00000000    0000026c     
                  00000000    0000026c     tm4c123gh6pm_startup_ccs.obj (.intvecs)

.text      0    0000026c    000008a4     
                  0000026c    00000134     main.obj (.text)
                  000003a0    00000132     driverlib.lib : gpio.obj (.text:GPIOPadConfigSet)
                  000004d2    00000002     rtsv7M4_T_le_v4SPD16_eabi.lib : mpu_init.obj (.text)
                  000004d4    00000110     driverlib.lib : sysctl.obj (.text:SysCtlClockGet)
                  000005e4    0000009c     rtsv7M4_T_le_v4SPD16_eabi.lib : memcpy_t2.obj (.text)
                  00000680    0000007a                                   : memset_t2.obj (.text)
                  000006fa    00000002                                   : startup.obj (.text)
                  000006fc    00000070                                   : autoinit.obj (.text)
                  0000076c    00000068     driverlib.lib : interrupt.obj (.text:IntEnable)
                  000007d4    00000068     rtsv7M4_T_le_v4SPD16_eabi.lib : copy_decompress_lzss.obj (.text:decompress:lzss)
                  0000083c    00000054                                   : boot.obj (.text)
                  00000890    00000054                                   : exit.obj (.text)
                  000008e4    0000004c                                   : cpy_tbl.obj (.text)
                  00000930    00000048     driverlib.lib : gpio.obj (.text:GPIOPinConfigure)
                  00000978    00000046                   : uart.obj (.text:UARTConfigSetExpClk)
                  000009be    00000002     --HOLE-- [fill = 0]
                  000009c0    00000034                   : sysctl.obj (.text:SysCtlPeripheralEnable)
                  000009f4    0000002a                   : gpio.obj (.text:GPIODirModeSet)
                  00000a1e    00000002     --HOLE-- [fill = 0]
                  00000a20    00000020                   : uart.obj (.text:UARTDisable)
                  00000a40    00000018     rtsv7M4_T_le_v4SPD16_eabi.lib : args_main.obj (.text)
                  00000a58    00000014     driverlib.lib : uart.obj (.text:UARTEnable)
                  00000a6c    00000014     rtsv7M4_T_le_v4SPD16_eabi.lib : _lock.obj (.text)
                  00000a80    00000012     driverlib.lib : gpio.obj (.text:GPIOPinTypeUART)
                  00000a92    00000010                   : interrupt.obj (.text:IntMasterEnable)
                  00000aa2    0000000e                   : uart.obj (.text:UARTCharsAvail)
                  00000ab0    0000000e     rtsv7M4_T_le_v4SPD16_eabi.lib : copy_decompress_none.obj (.text:decompress:none)
                  00000abe    0000000c     driverlib.lib : cpu.obj (.text:CPUcpsie)
                  00000aca    0000000c     rtsv7M4_T_le_v4SPD16_eabi.lib : copy_zero_init.obj (.text:decompress:ZI)
                  00000ad6    0000000c     tm4c123gh6pm_startup_ccs.obj (.text)
                  00000ae2    0000000a     driverlib.lib : uart.obj (.text:UARTCharGet)
                  00000aec    0000000a                   : uart.obj (.text:UARTCharPut)
                  00000af6    0000000a                   : uart.obj (.text:UARTIntStatus)
                  00000b00    00000008                   : uart.obj (.text:UARTIntEnable)
                  00000b08    00000004                   : uart.obj (.text:UARTIntClear)
                  00000b0c    00000004     rtsv7M4_T_le_v4SPD16_eabi.lib : pre_init.obj (.text)

.const     0    00000b10    0000016c     
                  00000b10    00000090     driverlib.lib : gpio.obj (.const:g_pui32GPIOBaseAddrs)
                  00000ba0    00000070                   : interrupt.obj (.const)
                  00000c10    0000006c                   : sysctl.obj (.const:g_pui32Xtals)

.cinit     0    00000c80    00000038     
                  00000c80    00000011     (.cinit..data.load) [load image, compression = lzss]
                  00000c91    00000003     --HOLE-- [fill = 0]
                  00000c94    0000000c     (__TI_handler_table)
                  00000ca0    00000008     (.cinit..bss.load) [load image, compression = zero_init]
                  00000ca8    00000010     (__TI_cinit_table)

.init_array 
*          0    00000000    00000000     UNINITIALIZED

.stack     0    20000000    00000200     UNINITIALIZED
                  20000000    00000200     --HOLE--

.bss       0    20000200    00000101     UNINITIALIZED
                  20000200    00000100     (.common:samples)
                  20000300    00000001     (.common:temp)

.data      0    20000304    0000001a     UNINITIALIZED
                  20000304    0000000c     rtsv7M4_T_le_v4SPD16_eabi.lib : exit.obj (.data:$O1$$)
                  20000310    00000008                                   : _lock.obj (.data:$O1$$)
                  20000318    00000004                                   : stkdepth_vars.obj (.data)
                  2000031c    00000002     main.obj (.data)

MODULE SUMMARY

       Module                         code   ro data   rw data
       ------                         ----   -------   -------
    .\
       tm4c123gh6pm_startup_ccs.obj   12     620       0      
       main.obj                       308    0         259    
    +--+------------------------------+------+---------+---------+
       Total:                         320    620       259    
                                                              
    ../driverlib.lib
       gpio.obj                       438    144       0      
       sysctl.obj                     324    108       0      
       interrupt.obj                  120    112       0      
       uart.obj                       178    0         0      
       cpu.obj                        12     0         0      
    +--+------------------------------+------+---------+---------+
       Total:                         1072   364       0      
                                                              
    C:\ti\ccsv7\tools\compiler\ti-cgt-arm_16.9.1.LTS\lib\rtsv7M4_T_le_v4SPD16_eabi.lib
       memcpy_t2.obj                  156    0         0      
       memset_t2.obj                  122    0         0      
       autoinit.obj                   112    0         0      
       copy_decompress_lzss.obj       104    0         0      
       exit.obj                       84     0         12     
       boot.obj                       84     0         0      
       cpy_tbl.obj                    76     0         0      
       _lock.obj                      20     0         8      
       args_main.obj                  24     0         0      
       copy_decompress_none.obj       14     0         0      
       copy_zero_init.obj             12     0         0      
       pre_init.obj                   4      0         0      
       stkdepth_vars.obj              0      0         4      
       mpu_init.obj                   2      0         0      
       startup.obj                    2      0         0      
    +--+------------------------------+------+---------+---------+
       Total:                         816    0         24     
                                                              
       Stack:                         0      0         512    
       Linker Generated:              0      53        0      
    +--+------------------------------+------+---------+---------+
       Grand Total:                   2208   1037      795    


LINKER GENERATED COPY TABLES

__TI_cinit_table @ 00000ca8 records: 2, size/record: 8, table size: 16
	.data: load addr=00000c80, load size=00000011 bytes, run addr=20000304, run size=0000001a bytes, compression=lzss
	.bss: load addr=00000ca0, load size=00000008 bytes, run addr=20000200, run size=00000101 bytes, compression=zero_init


LINKER GENERATED HANDLER TABLE

__TI_handler_table @ 00000c94 records: 3, size/record: 4, table size: 12
	index: 0, handler: __TI_decompress_lzss
	index: 1, handler: __TI_decompress_none
	index: 2, handler: __TI_zero_init


GLOBAL SYMBOLS: SORTED ALPHABETICALLY BY Name 

address   name                           
-------   ----                           
00000891  C$$EXIT                        
00000abf  CPUcpsie                       
000009f5  GPIODirModeSet                 
000003a1  GPIOPadConfigSet               
00000931  GPIOPinConfigure               
00000a81  GPIOPinTypeUART                
0000076d  IntEnable                      
00000a93  IntMasterEnable                
00000ad7  ResetISR                       
UNDEFED   SHT$$INIT_ARRAY$$Base          
UNDEFED   SHT$$INIT_ARRAY$$Limit         
000004d5  SysCtlClockGet                 
000009c1  SysCtlPeripheralEnable         
00000ae3  UARTCharGet                    
00000aed  UARTCharPut                    
00000aa3  UARTCharsAvail                 
00000979  UARTConfigSetExpClk            
00000a21  UARTDisable                    
00000a59  UARTEnable                     
00000b09  UARTIntClear                   
00000b01  UARTIntEnable                  
000002f7  UARTIntHandler                 
00000af7  UARTIntStatus                  
20000200  __STACK_END                    
00000200  __STACK_SIZE                   
20000200  __STACK_TOP                    
00000ca8  __TI_CINIT_Base                
00000cb8  __TI_CINIT_Limit               
00000c94  __TI_Handler_Table_Base        
00000ca0  __TI_Handler_Table_Limit       
000006fd  __TI_auto_init                 
20000304  __TI_cleanup_ptr               
000007d5  __TI_decompress_lzss           
00000ab1  __TI_decompress_none           
20000308  __TI_dtors_ptr                 
2000030c  __TI_enable_exit_profile_output
ffffffff  __TI_pprof_out_hndl            
ffffffff  __TI_prof_data_size            
ffffffff  __TI_prof_data_start           
00000000  __TI_static_base__             
00000acb  __TI_zero_init                 
00000681  __aeabi_memclr                 
00000681  __aeabi_memclr4                
00000681  __aeabi_memclr8                
000005e5  __aeabi_memcpy                 
000005e5  __aeabi_memcpy4                
000005e5  __aeabi_memcpy8                
00000683  __aeabi_memset                 
00000683  __aeabi_memset4                
00000683  __aeabi_memset8                
ffffffff  __binit__                      
ffffffff  __c_args__                     
000004d3  __mpu_init                     
20000000  __stack                        
00000a41  _args_main                     
0000083d  _c_int00                       
20000310  _lock                          
00000a7b  _nop                           
00000a73  _register_lock                 
00000a6d  _register_unlock               
000006fb  _system_post_cinit             
00000b0d  _system_pre_init               
20000314  _unlock                        
00000895  abort                          
ffffffff  binit                          
000008e5  copy_in                        
0000089d  exit                           
00000000  g_pfnVectors                   
2000031d  incomingSamples                
0000026d  main                           
20000318  main_func_sp                   
000005e5  memcpy                         
00000689  memset                         
2000031c  sampleConfirmCheck             
20000200  samples                        
20000300  temp                           
000002ad  tranString                     
0000027f  uartEnable                     
000002e1  uartInterruptEnable            


GLOBAL SYMBOLS: SORTED BY Symbol Address 

address   name                           
-------   ----                           
00000000  __TI_static_base__             
00000000  g_pfnVectors                   
00000200  __STACK_SIZE                   
0000026d  main                           
0000027f  uartEnable                     
000002ad  tranString                     
000002e1  uartInterruptEnable            
000002f7  UARTIntHandler                 
000003a1  GPIOPadConfigSet               
000004d3  __mpu_init                     
000004d5  SysCtlClockGet                 
000005e5  __aeabi_memcpy                 
000005e5  __aeabi_memcpy4                
000005e5  __aeabi_memcpy8                
000005e5  memcpy                         
00000681  __aeabi_memclr                 
00000681  __aeabi_memclr4                
00000681  __aeabi_memclr8                
00000683  __aeabi_memset                 
00000683  __aeabi_memset4                
00000683  __aeabi_memset8                
00000689  memset                         
000006fb  _system_post_cinit             
000006fd  __TI_auto_init                 
0000076d  IntEnable                      
000007d5  __TI_decompress_lzss           
0000083d  _c_int00                       
00000891  C$$EXIT                        
00000895  abort                          
0000089d  exit                           
000008e5  copy_in                        
00000931  GPIOPinConfigure               
00000979  UARTConfigSetExpClk            
000009c1  SysCtlPeripheralEnable         
000009f5  GPIODirModeSet                 
00000a21  UARTDisable                    
00000a41  _args_main                     
00000a59  UARTEnable                     
00000a6d  _register_unlock               
00000a73  _register_lock                 
00000a7b  _nop                           
00000a81  GPIOPinTypeUART                
00000a93  IntMasterEnable                
00000aa3  UARTCharsAvail                 
00000ab1  __TI_decompress_none           
00000abf  CPUcpsie                       
00000acb  __TI_zero_init                 
00000ad7  ResetISR                       
00000ae3  UARTCharGet                    
00000aed  UARTCharPut                    
00000af7  UARTIntStatus                  
00000b01  UARTIntEnable                  
00000b09  UARTIntClear                   
00000b0d  _system_pre_init               
00000c94  __TI_Handler_Table_Base        
00000ca0  __TI_Handler_Table_Limit       
00000ca8  __TI_CINIT_Base                
00000cb8  __TI_CINIT_Limit               
20000000  __stack                        
20000200  __STACK_END                    
20000200  __STACK_TOP                    
20000200  samples                        
20000300  temp                           
20000304  __TI_cleanup_ptr               
20000308  __TI_dtors_ptr                 
2000030c  __TI_enable_exit_profile_output
20000310  _lock                          
20000314  _unlock                        
20000318  main_func_sp                   
2000031c  sampleConfirmCheck             
2000031d  incomingSamples                
ffffffff  __TI_pprof_out_hndl            
ffffffff  __TI_prof_data_size            
ffffffff  __TI_prof_data_start           
ffffffff  __binit__                      
ffffffff  __c_args__                     
ffffffff  binit                          
UNDEFED   SHT$$INIT_ARRAY$$Base          
UNDEFED   SHT$$INIT_ARRAY$$Limit         

[79 symbols]
