******************************************************************************
                  TI ARM Linker PC v16.9.1                     
******************************************************************************
>> Linked Mon Oct 30 05:16:54 2017

OUTPUT FILE NAME:   <lcdInterface.out>
ENTRY POINT SYMBOL: "_c_int00"  address: 00000b91


MEMORY CONFIGURATION

         name            origin    length      used     unused   attr    fill
----------------------  --------  ---------  --------  --------  ----  --------
  FLASH                 00000000   00040000  00000de6  0003f21a  R  X
  SRAM                  20000000   00008000  00000219  00007de7  RW X


SEGMENT ALLOCATION MAP

run origin  load origin   length   init length attrs members
----------  ----------- ---------- ----------- ----- -------
00000000    00000000    00000dec   00000dec    r-x
  00000000    00000000    0000026c   0000026c    r-- .intvecs
  0000026c    0000026c    00000aea   00000aea    r-x .text
  00000d58    00000d58    0000006c   0000006c    r-- .const
  00000dc8    00000dc8    00000024   00000024    r-- .cinit
20000000    20000000    00000219   00000000    rw-
  20000000    20000000    00000200   00000000    rw- .stack
  20000200    20000200    00000019   00000000    rw- .data


SECTION ALLOCATION MAP

 output                                  attributes/
section   page    origin      length       input sections
--------  ----  ----------  ----------   ----------------
.intvecs   0    00000000    0000026c     
                  00000000    0000026c     tm4c123gh6pm_startup_ccs.obj (.intvecs)

.text      0    0000026c    00000aea     
                  0000026c    00000350     main.obj (.text)
                  000005bc    0000021e     rtsv7M4_T_le_v4SPD16_eabi.lib : ll_div_t2.obj (.text)
                  000007da    00000132     driverlib.lib : gpio.obj (.text:GPIOPadConfigSet)
                  0000090c    00000110                   : sysctl.obj (.text:SysCtlClockGet)
                  00000a1c    0000009c     rtsv7M4_T_le_v4SPD16_eabi.lib : memcpy_t2.obj (.text)
                  00000ab8    00000070                                   : autoinit.obj (.text)
                  00000b28    00000068                                   : copy_decompress_lzss.obj (.text:decompress:lzss)
                  00000b90    00000054                                   : boot.obj (.text)
                  00000be4    00000054                                   : exit.obj (.text)
                  00000c38    0000004c                                   : cpy_tbl.obj (.text)
                  00000c84    00000034     driverlib.lib : sysctl.obj (.text:SysCtlPeripheralEnable)
                  00000cb8    0000002a                   : gpio.obj (.text:GPIODirModeSet)
                  00000ce2    00000018                   : gpio.obj (.text:GPIOPinTypeGPIOOutput)
                  00000cfa    00000002     rtsv7M4_T_le_v4SPD16_eabi.lib : l_div0.obj (.text)
                  00000cfc    00000018                                   : args_main.obj (.text)
                  00000d14    00000014                                   : _lock.obj (.text)
                  00000d28    0000000e                                   : copy_decompress_none.obj (.text:decompress:none)
                  00000d36    0000000c     tm4c123gh6pm_startup_ccs.obj (.text)
                  00000d42    00000006     driverlib.lib : gpio.obj (.text:GPIOPinWrite)
                  00000d48    00000006                   : sysctl.obj (.text:SysCtlDelay)
                  00000d4e    00000004     rtsv7M4_T_le_v4SPD16_eabi.lib : pre_init.obj (.text)
                  00000d52    00000002                                   : mpu_init.obj (.text)
                  00000d54    00000002                                   : startup.obj (.text)

.const     0    00000d58    0000006c     
                  00000d58    0000006c     driverlib.lib : sysctl.obj (.const:g_pui32Xtals)

.cinit     0    00000dc8    00000024     
                  00000dc8    00000011     (.cinit..data.load) [load image, compression = lzss]
                  00000dd9    00000003     --HOLE-- [fill = 0]
                  00000ddc    00000008     (__TI_handler_table)
                  00000de4    00000008     (__TI_cinit_table)

.init_array 
*          0    00000000    00000000     UNINITIALIZED

.stack     0    20000000    00000200     UNINITIALIZED
                  20000000    00000200     --HOLE--

.data      0    20000200    00000019     UNINITIALIZED
                  20000200    0000000c     rtsv7M4_T_le_v4SPD16_eabi.lib : exit.obj (.data:$O1$$)
                  2000020c    00000008                                   : _lock.obj (.data:$O1$$)
                  20000214    00000004                                   : stkdepth_vars.obj (.data)
                  20000218    00000001     main.obj (.data)

MODULE SUMMARY

       Module                         code   ro data   rw data
       ------                         ----   -------   -------
    .\
       main.obj                       848    0         1      
       tm4c123gh6pm_startup_ccs.obj   12     620       0      
    +--+------------------------------+------+---------+---------+
       Total:                         860    620       1      
                                                              
    ../driverlib.lib
       sysctl.obj                     330    108       0      
       gpio.obj                       378    0         0      
    +--+------------------------------+------+---------+---------+
       Total:                         708    108       0      
                                                              
    C:\ti\ccsv7\tools\compiler\ti-cgt-arm_16.9.1.LTS\lib\rtsv7M4_T_le_v4SPD16_eabi.lib
       ll_div_t2.obj                  542    0         0      
       memcpy_t2.obj                  156    0         0      
       autoinit.obj                   112    0         0      
       copy_decompress_lzss.obj       104    0         0      
       exit.obj                       84     0         12     
       boot.obj                       84     0         0      
       cpy_tbl.obj                    76     0         0      
       _lock.obj                      20     0         8      
       args_main.obj                  24     0         0      
       copy_decompress_none.obj       14     0         0      
       pre_init.obj                   4      0         0      
       stkdepth_vars.obj              0      0         4      
       l_div0.obj                     2      0         0      
       mpu_init.obj                   2      0         0      
       startup.obj                    2      0         0      
    +--+------------------------------+------+---------+---------+
       Total:                         1226   0         24     
                                                              
       Stack:                         0      0         512    
       Linker Generated:              0      33        0      
    +--+------------------------------+------+---------+---------+
       Grand Total:                   2794   761       537    


LINKER GENERATED COPY TABLES

__TI_cinit_table @ 00000de4 records: 1, size/record: 8, table size: 8
	.data: load addr=00000dc8, load size=00000011 bytes, run addr=20000200, run size=00000019 bytes, compression=lzss


LINKER GENERATED HANDLER TABLE

__TI_handler_table @ 00000ddc records: 2, size/record: 4, table size: 8
	index: 0, handler: __TI_decompress_lzss
	index: 1, handler: __TI_decompress_none


GLOBAL SYMBOLS: SORTED ALPHABETICALLY BY Name 

address   name                           
-------   ----                           
00000be5  C$$EXIT                        
00000cb9  GPIODirModeSet                 
000007db  GPIOPadConfigSet               
00000ce3  GPIOPinTypeGPIOOutput          
00000d43  GPIOPinWrite                   
00000d37  ResetISR                       
UNDEFED   SHT$$INIT_ARRAY$$Base          
UNDEFED   SHT$$INIT_ARRAY$$Limit         
0000090d  SysCtlClockGet                 
00000d49  SysCtlDelay                    
00000c85  SysCtlPeripheralEnable         
20000200  __STACK_END                    
00000200  __STACK_SIZE                   
20000200  __STACK_TOP                    
00000de4  __TI_CINIT_Base                
00000dec  __TI_CINIT_Limit               
00000ddc  __TI_Handler_Table_Base        
00000de4  __TI_Handler_Table_Limit       
00000ab9  __TI_auto_init                 
20000200  __TI_cleanup_ptr               
00000b29  __TI_decompress_lzss           
00000d29  __TI_decompress_none           
20000204  __TI_dtors_ptr                 
20000208  __TI_enable_exit_profile_output
ffffffff  __TI_pprof_out_hndl            
ffffffff  __TI_prof_data_size            
ffffffff  __TI_prof_data_start           
00000000  __TI_static_base__             
00000cfb  __aeabi_ldiv0                  
000005bd  __aeabi_ldivmod                
00000a1d  __aeabi_memcpy                 
00000a1d  __aeabi_memcpy4                
00000a1d  __aeabi_memcpy8                
ffffffff  __binit__                      
ffffffff  __c_args__                     
00000d53  __mpu_init                     
20000000  __stack                        
00000cfd  _args_main                     
00000b91  _c_int00                       
00000477  _delay_ms                      
00000493  _delay_us                      
2000020c  _lock                          
00000d23  _nop                           
00000d1b  _register_lock                 
00000d15  _register_unlock               
00000d55  _system_post_cinit             
00000d4f  _system_pre_init               
20000210  _unlock                        
00000be9  abort                          
ffffffff  binit                          
00000c39  copy_in                        
20000218  cursorPositionCheck            
00000bf1  exit                           
000004ad  func                           
00000000  g_pfnVectors                   
00000453  lcdCheck                       
0000043b  lcdClear                       
00000297  lcdCommand                     
00000327  lcdData                        
0000040b  lcdGotoxy                      
0000026d  lcdInit                        
000003ed  lcdInteger                     
000003c1  lcdString                      
00000599  main                           
20000214  main_func_sp                   
00000a1d  memcpy                         


GLOBAL SYMBOLS: SORTED BY Symbol Address 

address   name                           
-------   ----                           
00000000  __TI_static_base__             
00000000  g_pfnVectors                   
00000200  __STACK_SIZE                   
0000026d  lcdInit                        
00000297  lcdCommand                     
00000327  lcdData                        
000003c1  lcdString                      
000003ed  lcdInteger                     
0000040b  lcdGotoxy                      
0000043b  lcdClear                       
00000453  lcdCheck                       
00000477  _delay_ms                      
00000493  _delay_us                      
000004ad  func                           
00000599  main                           
000005bd  __aeabi_ldivmod                
000007db  GPIOPadConfigSet               
0000090d  SysCtlClockGet                 
00000a1d  __aeabi_memcpy                 
00000a1d  __aeabi_memcpy4                
00000a1d  __aeabi_memcpy8                
00000a1d  memcpy                         
00000ab9  __TI_auto_init                 
00000b29  __TI_decompress_lzss           
00000b91  _c_int00                       
00000be5  C$$EXIT                        
00000be9  abort                          
00000bf1  exit                           
00000c39  copy_in                        
00000c85  SysCtlPeripheralEnable         
00000cb9  GPIODirModeSet                 
00000ce3  GPIOPinTypeGPIOOutput          
00000cfb  __aeabi_ldiv0                  
00000cfd  _args_main                     
00000d15  _register_unlock               
00000d1b  _register_lock                 
00000d23  _nop                           
00000d29  __TI_decompress_none           
00000d37  ResetISR                       
00000d43  GPIOPinWrite                   
00000d49  SysCtlDelay                    
00000d4f  _system_pre_init               
00000d53  __mpu_init                     
00000d55  _system_post_cinit             
00000ddc  __TI_Handler_Table_Base        
00000de4  __TI_CINIT_Base                
00000de4  __TI_Handler_Table_Limit       
00000dec  __TI_CINIT_Limit               
20000000  __stack                        
20000200  __STACK_END                    
20000200  __STACK_TOP                    
20000200  __TI_cleanup_ptr               
20000204  __TI_dtors_ptr                 
20000208  __TI_enable_exit_profile_output
2000020c  _lock                          
20000210  _unlock                        
20000214  main_func_sp                   
20000218  cursorPositionCheck            
ffffffff  __TI_pprof_out_hndl            
ffffffff  __TI_prof_data_size            
ffffffff  __TI_prof_data_start           
ffffffff  __binit__                      
ffffffff  __c_args__                     
ffffffff  binit                          
UNDEFED   SHT$$INIT_ARRAY$$Base          
UNDEFED   SHT$$INIT_ARRAY$$Limit         

[66 symbols]
